{
    "all_files": {
        "content": [
            [
                "bbduk",
                "bbduk/2612_ERR5766176.bbduk.log",
                "bbduk/2612_ERR5766176_B.bbduk.log",
                "bbduk/2612_ERR5766180.bbduk.log",
                "bbduk/2613_ERR5766181.bbduk.log",
                "bowtie2",
                "bowtie2/align",
                "bowtie2/align/2612_ERR5766176.bowtie2.log",
                "bowtie2/align/2612_ERR5766176_B.bowtie2.log",
                "bowtie2/align/2612_ERR5766180.bowtie2.log",
                "bowtie2/align/2613_ERR5766181.bowtie2.log",
                "bracken",
                "bracken/bracken_db1_combined_reports.txt",
                "bracken/db1",
                "bracken/db1/2611_db1.bracken.kraken2.report_bracken.txt",
                "bracken/db1/2611_db1.bracken.tsv",
                "bracken/db1/2612_db1.bracken.kraken2.report_bracken.txt",
                "bracken/db1/2612_db1.bracken.tsv",
                "bracken/db1/2613_db1.bracken.kraken2.report_bracken.txt",
                "bracken/db1/2613_db1.bracken.tsv",
                "centrifuge",
                "centrifuge/centrifuge_db3_combined_reports.txt",
                "centrifuge/db3",
                "centrifuge/db3/2612_db3.centrifuge.mapped.fastq.gz",
                "centrifuge/db3/2612_db3.centrifuge.report.txt",
                "centrifuge/db3/2612_db3.centrifuge.results.txt",
                "centrifuge/db3/2612_db3.centrifuge.txt",
                "centrifuge/db3/2612_db3.centrifuge.unmapped.fastq.gz",
                "centrifuge/db3/2613_db3.centrifuge.mapped.fastq.gz",
                "centrifuge/db3/2613_db3.centrifuge.report.txt",
                "centrifuge/db3/2613_db3.centrifuge.results.txt",
                "centrifuge/db3/2613_db3.centrifuge.txt",
                "centrifuge/db3/2613_db3.centrifuge.unmapped.fastq.gz",
                "diamond",
                "diamond/db1",
                "diamond/db1/2611_db1.diamond.log",
                "diamond/db1/2611_db1.diamond.tsv",
                "diamond/db1/2612_db1.diamond.log",
                "diamond/db1/2612_db1.diamond.tsv",
                "diamond/db1/2613_db1.diamond.log",
                "diamond/db1/2613_db1.diamond.tsv",
                "diamond/db2",
                "diamond/db2/2614_db2.diamond.log",
                "diamond/db2/2614_db2.diamond.tsv",
                "diamond/db2/ERR3201952_db2.diamond.log",
                "diamond/db2/ERR3201952_db2.diamond.tsv",
                "diamond/db3",
                "diamond/db3/2611_db3.diamond.log",
                "diamond/db3/2611_db3.diamond.tsv",
                "diamond/db3/2612_db3.diamond.log",
                "diamond/db3/2612_db3.diamond.tsv",
                "diamond/db3/2613_db3.diamond.log",
                "diamond/db3/2613_db3.diamond.tsv",
                "diamond/db3/2614_db3.diamond.log",
                "diamond/db3/2614_db3.diamond.tsv",
                "diamond/db3/ERR3201952_db3.diamond.log",
                "diamond/db3/ERR3201952_db3.diamond.tsv",
                "fastp",
                "fastp/2612_ERR5766176.fastp.html",
                "fastp/2612_ERR5766176.fastp.json",
                "fastp/2612_ERR5766176.fastp.log",
                "fastp/2612_ERR5766176_B.fastp.html",
                "fastp/2612_ERR5766176_B.fastp.json",
                "fastp/2612_ERR5766176_B.fastp.log",
                "fastp/2612_ERR5766180.fastp.html",
                "fastp/2612_ERR5766180.fastp.json",
                "fastp/2612_ERR5766180.fastp.log",
                "fastp/2613_ERR5766181.fastp.html",
                "fastp/2613_ERR5766181.fastp.json",
                "fastp/2613_ERR5766181.fastp.log",
                "fastqc",
                "fastqc/processed",
                "fastqc/processed/2612_ERR5766176_B_processed_fastqc.html",
                "fastqc/processed/2612_ERR5766176_B_processed_fastqc.zip",
                "fastqc/processed/2612_ERR5766176_processed_fastqc.html",
                "fastqc/processed/2612_ERR5766176_processed_fastqc.zip",
                "fastqc/processed/2612_ERR5766180_processed_fastqc.html",
                "fastqc/processed/2612_ERR5766180_processed_fastqc.zip",
                "fastqc/processed/2613_ERR5766181_processed_fastqc.html",
                "fastqc/processed/2613_ERR5766181_processed_fastqc.zip",
                "fastqc/processed/ERR3201952_ERR3201952_processed_fastqc.html",
                "fastqc/processed/ERR3201952_ERR3201952_processed_fastqc.zip",
                "fastqc/raw",
                "fastqc/raw/2612_ERR5766176_B_raw_1_fastqc.html",
                "fastqc/raw/2612_ERR5766176_B_raw_1_fastqc.zip",
                "fastqc/raw/2612_ERR5766176_B_raw_2_fastqc.html",
                "fastqc/raw/2612_ERR5766176_B_raw_2_fastqc.zip",
                "fastqc/raw/2612_ERR5766176_raw_1_fastqc.html",
                "fastqc/raw/2612_ERR5766176_raw_1_fastqc.zip",
                "fastqc/raw/2612_ERR5766176_raw_2_fastqc.html",
                "fastqc/raw/2612_ERR5766176_raw_2_fastqc.zip",
                "fastqc/raw/2612_ERR5766180_raw_fastqc.html",
                "fastqc/raw/2612_ERR5766180_raw_fastqc.zip",
                "fastqc/raw/2613_ERR5766181_raw_1_fastqc.html",
                "fastqc/raw/2613_ERR5766181_raw_1_fastqc.zip",
                "fastqc/raw/2613_ERR5766181_raw_2_fastqc.html",
                "fastqc/raw/2613_ERR5766181_raw_2_fastqc.zip",
                "fastqc/raw/ERR3201952_ERR3201952_raw_fastqc.html",
                "fastqc/raw/ERR3201952_ERR3201952_raw_fastqc.zip",
                "ganon",
                "ganon/db1",
                "ganon/db1/2611_db1.ganon.log",
                "ganon/db1/2611_db1.ganon.rep",
                "ganon/db1/2611_db1.ganon.tre",
                "ganon/db1/2611_db1.ganon_report.tre",
                "ganon/db1/2612_db1.ganon.log",
                "ganon/db1/2612_db1.ganon.rep",
                "ganon/db1/2612_db1.ganon.tre",
                "ganon/db1/2612_db1.ganon_report.tre",
                "ganon/db1/2613_db1.ganon.log",
                "ganon/db1/2613_db1.ganon.rep",
                "ganon/db1/2613_db1.ganon.tre",
                "ganon/db1/2613_db1.ganon_report.tre",
                "ganon/ganon_db1_combined_reports.txt",
                "kaiju",
                "kaiju/db5",
                "kaiju/db5/2611_db5.kaiju.tsv",
                "kaiju/db5/2611_db5.kaijutable.txt",
                "kaiju/db5/2612_db5.kaiju.tsv",
                "kaiju/db5/2612_db5.kaijutable.txt",
                "kaiju/db5/2613_db5.kaiju.tsv",
                "kaiju/db5/2613_db5.kaijutable.txt",
                "kaiju/db6",
                "kaiju/db6/2614_db6.kaiju.tsv",
                "kaiju/db6/2614_db6.kaijutable.txt",
                "kaiju/db6/ERR3201952_db6.kaiju.tsv",
                "kaiju/db6/ERR3201952_db6.kaijutable.txt",
                "kaiju/db7",
                "kaiju/db7/2611_db7.kaiju.tsv",
                "kaiju/db7/2611_db7.kaijutable.txt",
                "kaiju/db7/2612_db7.kaiju.tsv",
                "kaiju/db7/2612_db7.kaijutable.txt",
                "kaiju/db7/2613_db7.kaiju.tsv",
                "kaiju/db7/2613_db7.kaijutable.txt",
                "kaiju/db7/2614_db7.kaiju.tsv",
                "kaiju/db7/2614_db7.kaijutable.txt",
                "kaiju/db7/ERR3201952_db7.kaiju.tsv",
                "kaiju/db7/ERR3201952_db7.kaijutable.txt",
                "kaiju/kaiju_db5_combined_reports.txt",
                "kaiju/kaiju_db6_combined_reports.txt",
                "kaiju/kaiju_db7_combined_reports.txt",
                "kmcp",
                "kmcp/db1",
                "kmcp/db1/2611_db1.kmcp.profile",
                "kmcp/db1/2612_db1.kmcp.profile",
                "kmcp/db1/2613_db1.kmcp.profile",
                "kraken2",
                "kraken2/db1",
                "kraken2/db2",
                "kraken2/db2/2611_db2.kraken2.classified.fastq.gz",
                "kraken2/db2/2611_db2.kraken2.kraken2.report.txt",
                "kraken2/db2/2611_db2.kraken2.unclassified.fastq.gz",
                "kraken2/db2/2612_db2.kraken2.classified.fastq.gz",
                "kraken2/db2/2612_db2.kraken2.kraken2.report.txt",
                "kraken2/db2/2612_db2.kraken2.unclassified.fastq.gz",
                "kraken2/db2/2613_db2.kraken2.classified.fastq.gz",
                "kraken2/db2/2613_db2.kraken2.kraken2.report.txt",
                "kraken2/db2/2613_db2.kraken2.unclassified.fastq.gz",
                "kraken2/kraken2_db1-bracken_combined_reports.txt",
                "kraken2/kraken2_db2_combined_reports.txt",
                "krona",
                "krona/centrifuge_db3.html",
                "krona/kaiju_db5.html",
                "krona/kaiju_db6.html",
                "krona/kaiju_db7.html",
                "krona/kraken2-bracken_db1.html",
                "krona/kraken2_db2.html",
                "melon",
                "melon/db1",
                "melon/db1/2614_db1",
                "melon/db1/2614_db1/ERR3201952_dup.json",
                "melon/db1/2614_db1/ERR3201952_dup.tsv",
                "melon/db1/ERR3201952_db1",
                "melon/db1/ERR3201952_db1/ERR3201952_ERR3201952.unmapped_other.json",
                "melon/db1/ERR3201952_db1/ERR3201952_ERR3201952.unmapped_other.tsv",
                "metacache",
                "metacache/db1",
                "metacache/db1/2614_db1.mapping.txt",
                "metacache/db1/ERR3201952_db1.mapping.txt",
                "metaphlan",
                "metaphlan/metaphlan3",
                "metaphlan/metaphlan3/2611_metaphlan3.metaphlan.biom",
                "metaphlan/metaphlan3/2611_metaphlan3.metaphlan.bowtie2out.txt",
                "metaphlan/metaphlan3/2611_metaphlan3.metaphlan.sam",
                "metaphlan/metaphlan3/2611_metaphlan3.metaphlan_profile.txt",
                "metaphlan/metaphlan3/2612_metaphlan3.metaphlan.biom",
                "metaphlan/metaphlan3/2612_metaphlan3.metaphlan.bowtie2out.txt",
                "metaphlan/metaphlan3/2612_metaphlan3.metaphlan.sam",
                "metaphlan/metaphlan3/2612_metaphlan3.metaphlan_profile.txt",
                "metaphlan/metaphlan3/2613_metaphlan3.metaphlan.biom",
                "metaphlan/metaphlan3/2613_metaphlan3.metaphlan.bowtie2out.txt",
                "metaphlan/metaphlan3/2613_metaphlan3.metaphlan.sam",
                "metaphlan/metaphlan3/2613_metaphlan3.metaphlan_profile.txt",
                "metaphlan/metaphlan4",
                "metaphlan/metaphlan4/2611_metaphlan4.metaphlan.biom",
                "metaphlan/metaphlan4/2611_metaphlan4.metaphlan.bowtie2out.txt",
                "metaphlan/metaphlan4/2611_metaphlan4.metaphlan.sam",
                "metaphlan/metaphlan4/2611_metaphlan4.metaphlan_profile.txt",
                "metaphlan/metaphlan4/2612_metaphlan4.metaphlan.biom",
                "metaphlan/metaphlan4/2612_metaphlan4.metaphlan.bowtie2out.txt",
                "metaphlan/metaphlan4/2612_metaphlan4.metaphlan.sam",
                "metaphlan/metaphlan4/2612_metaphlan4.metaphlan_profile.txt",
                "metaphlan/metaphlan4/2613_metaphlan4.metaphlan.biom",
                "metaphlan/metaphlan4/2613_metaphlan4.metaphlan.bowtie2out.txt",
                "metaphlan/metaphlan4/2613_metaphlan4.metaphlan.sam",
                "metaphlan/metaphlan4/2613_metaphlan4.metaphlan_profile.txt",
                "metaphlan/metaphlan_metaphlan3_combined_reports.txt",
                "metaphlan/metaphlan_metaphlan4_combined_reports.txt",
                "multiqc",
                "multiqc/multiqc_data",
                "multiqc/multiqc_data/bbduk-filtered-barplot_Bases.txt",
                "multiqc/multiqc_data/bbduk-filtered-barplot_Reads.txt",
                "multiqc/multiqc_data/bbduk.txt",
                "multiqc/multiqc_data/bowtie2_se_plot.txt",
                "multiqc/multiqc_data/bracken-top-n-plot_Class.txt",
                "multiqc/multiqc_data/bracken-top-n-plot_Domain.txt",
                "multiqc/multiqc_data/bracken-top-n-plot_Family.txt",
                "multiqc/multiqc_data/bracken-top-n-plot_Genus.txt",
                "multiqc/multiqc_data/bracken-top-n-plot_Kingdom.txt",
                "multiqc/multiqc_data/bracken-top-n-plot_Order.txt",
                "multiqc/multiqc_data/bracken-top-n-plot_Phylum.txt",
                "multiqc/multiqc_data/bracken-top-n-plot_Species.txt",
                "multiqc/multiqc_data/bracken-top-n-plot_Unclassified.txt",
                "multiqc/multiqc_data/centrifuge-top-n-plot_Class.txt",
                "multiqc/multiqc_data/centrifuge-top-n-plot_Domain.txt",
                "multiqc/multiqc_data/centrifuge-top-n-plot_Family.txt",
                "multiqc/multiqc_data/centrifuge-top-n-plot_Genus.txt",
                "multiqc/multiqc_data/centrifuge-top-n-plot_Kingdom.txt",
                "multiqc/multiqc_data/centrifuge-top-n-plot_Order.txt",
                "multiqc/multiqc_data/centrifuge-top-n-plot_Phylum.txt",
                "multiqc/multiqc_data/centrifuge-top-n-plot_Species.txt",
                "multiqc/multiqc_data/centrifuge-top-n-plot_Unclassified.txt",
                "multiqc/multiqc_data/diamond.txt",
                "multiqc/multiqc_data/fastp-insert-size-plot.txt",
                "multiqc/multiqc_data/fastp-seq-content-gc-plot_Merged_and_filtered.txt",
                "multiqc/multiqc_data/fastp-seq-content-gc-plot_Read_1_After_filtering.txt",
                "multiqc/multiqc_data/fastp-seq-content-gc-plot_Read_1_Before_filtering.txt",
                "multiqc/multiqc_data/fastp-seq-content-gc-plot_Read_2_Before_filtering.txt",
                "multiqc/multiqc_data/fastp-seq-content-n-plot_Merged_and_filtered.txt",
                "multiqc/multiqc_data/fastp-seq-content-n-plot_Read_1_After_filtering.txt",
                "multiqc/multiqc_data/fastp-seq-content-n-plot_Read_1_Before_filtering.txt",
                "multiqc/multiqc_data/fastp-seq-content-n-plot_Read_2_Before_filtering.txt",
                "multiqc/multiqc_data/fastp-seq-quality-plot_Merged_and_filtered.txt",
                "multiqc/multiqc_data/fastp-seq-quality-plot_Read_1_After_filtering.txt",
                "multiqc/multiqc_data/fastp-seq-quality-plot_Read_1_Before_filtering.txt",
                "multiqc/multiqc_data/fastp-seq-quality-plot_Read_2_Before_filtering.txt",
                "multiqc/multiqc_data/fastp_filtered_reads_plot.txt",
                "multiqc/multiqc_data/fastqc-1-status-check-heatmap.txt",
                "multiqc/multiqc_data/fastqc-1_adapter_content_plot.txt",
                "multiqc/multiqc_data/fastqc-1_overrepresented_sequences_plot.txt",
                "multiqc/multiqc_data/fastqc-1_per_base_n_content_plot.txt",
                "multiqc/multiqc_data/fastqc-1_per_base_sequence_quality_plot.txt",
                "multiqc/multiqc_data/fastqc-1_per_sequence_gc_content_plot_Counts.txt",
                "multiqc/multiqc_data/fastqc-1_per_sequence_gc_content_plot_Percentages.txt",
                "multiqc/multiqc_data/fastqc-1_per_sequence_quality_scores_plot.txt",
                "multiqc/multiqc_data/fastqc-1_sequence_counts_plot.txt",
                "multiqc/multiqc_data/fastqc-1_sequence_duplication_levels_plot.txt",
                "multiqc/multiqc_data/fastqc-1_top_overrepresented_sequences_table.txt",
                "multiqc/multiqc_data/fastqc-status-check-heatmap.txt",
                "multiqc/multiqc_data/fastqc_adapter_content_plot.txt",
                "multiqc/multiqc_data/fastqc_overrepresented_sequences_plot.txt",
                "multiqc/multiqc_data/fastqc_per_base_n_content_plot.txt",
                "multiqc/multiqc_data/fastqc_per_base_sequence_quality_plot.txt",
                "multiqc/multiqc_data/fastqc_per_sequence_gc_content_plot_Counts.txt",
                "multiqc/multiqc_data/fastqc_per_sequence_gc_content_plot_Percentages.txt",
                "multiqc/multiqc_data/fastqc_per_sequence_quality_scores_plot.txt",
                "multiqc/multiqc_data/fastqc_sequence_counts_plot.txt",
                "multiqc/multiqc_data/fastqc_sequence_duplication_levels_plot.txt",
                "multiqc/multiqc_data/fastqc_sequence_length_distribution_plot.txt",
                "multiqc/multiqc_data/fastqc_top_overrepresented_sequences_table.txt",
                "multiqc/multiqc_data/kaiju-topfive-plot.txt",
                "multiqc/multiqc_data/kraken-top-n-plot_Class.txt",
                "multiqc/multiqc_data/kraken-top-n-plot_Domain.txt",
                "multiqc/multiqc_data/kraken-top-n-plot_Family.txt",
                "multiqc/multiqc_data/kraken-top-n-plot_Genus.txt",
                "multiqc/multiqc_data/kraken-top-n-plot_Kingdom.txt",
                "multiqc/multiqc_data/kraken-top-n-plot_Order.txt",
                "multiqc/multiqc_data/kraken-top-n-plot_Phylum.txt",
                "multiqc/multiqc_data/kraken-top-n-plot_Species.txt",
                "multiqc/multiqc_data/kraken-top-n-plot_Unclassified.txt",
                "multiqc/multiqc_data/llms-full.txt",
                "multiqc/multiqc_data/metaphlan-top-n-plot_Class.txt",
                "multiqc/multiqc_data/metaphlan-top-n-plot_Family.txt",
                "multiqc/multiqc_data/metaphlan-top-n-plot_Genus.txt",
                "multiqc/multiqc_data/metaphlan-top-n-plot_Kingdom.txt",
                "multiqc/multiqc_data/metaphlan-top-n-plot_Order.txt",
                "multiqc/multiqc_data/metaphlan-top-n-plot_Phylum.txt",
                "multiqc/multiqc_data/metaphlan-top-n-plot_Species.txt",
                "multiqc/multiqc_data/multiqc.log",
                "multiqc/multiqc_data/multiqc.parquet",
                "multiqc/multiqc_data/multiqc_bowtie2.txt",
                "multiqc/multiqc_data/multiqc_bracken_bracken.txt",
                "multiqc/multiqc_data/multiqc_centrifuge_centrifuge.txt",
                "multiqc/multiqc_data/multiqc_citations.txt",
                "multiqc/multiqc_data/multiqc_data.json",
                "multiqc/multiqc_data/multiqc_fastp.txt",
                "multiqc/multiqc_data/multiqc_fastqc.txt",
                "multiqc/multiqc_data/multiqc_fastqc_fastqc-1.txt",
                "multiqc/multiqc_data/multiqc_general_stats.txt",
                "multiqc/multiqc_data/multiqc_kaiju_species.txt",
                "multiqc/multiqc_data/multiqc_kraken.txt",
                "multiqc/multiqc_data/multiqc_metaphlan.txt",
                "multiqc/multiqc_data/multiqc_nanoq.txt",
                "multiqc/multiqc_data/multiqc_nonpareil.txt",
                "multiqc/multiqc_data/multiqc_samtools_stats.txt",
                "multiqc/multiqc_data/multiqc_software_versions.txt",
                "multiqc/multiqc_data/multiqc_sources.txt",
                "multiqc/multiqc_data/nanoq_plot_length_plot.txt",
                "multiqc/multiqc_data/nanoq_plot_quality_plot.txt",
                "multiqc/multiqc_data/nanoq_table.txt",
                "multiqc/multiqc_data/nonpareil-redundancy-plot_Combined.txt",
                "multiqc/multiqc_data/nonpareil-redundancy-plot_Model.txt",
                "multiqc/multiqc_data/nonpareil-redundancy-plot_Observed.txt",
                "multiqc/multiqc_data/nonpareil-table.txt",
                "multiqc/multiqc_data/porechop-endtrim-barplot.txt",
                "multiqc/multiqc_data/porechop-middlesplit-barplot.txt",
                "multiqc/multiqc_data/porechop-starttrim-barplot.txt",
                "multiqc/multiqc_data/porechop_porechop_abi.txt",
                "multiqc/multiqc_data/samtools-stats-dp.txt",
                "multiqc/multiqc_data/samtools_alignment_plot.txt",
                "multiqc/multiqc_plots",
                "multiqc/multiqc_plots/pdf",
                "multiqc/multiqc_plots/png",
                "multiqc/multiqc_plots/svg",
                "multiqc/multiqc_report.html",
                "nanoq",
                "nanoq/ERR3201952_ERR3201952_filtered.stats",
                "nonpareil",
                "nonpareil/2612_ERR5766176.npa",
                "nonpareil/2612_ERR5766176.npc",
                "nonpareil/2612_ERR5766176.npl",
                "nonpareil/2612_ERR5766176.npo",
                "nonpareil/2612_ERR5766176.png",
                "nonpareil/2612_ERR5766176_B.npa",
                "nonpareil/2612_ERR5766176_B.npc",
                "nonpareil/2612_ERR5766176_B.npl",
                "nonpareil/2612_ERR5766176_B.npo",
                "nonpareil/2612_ERR5766176_B.png",
                "nonpareil/2612_ERR5766180.npa",
                "nonpareil/2612_ERR5766180.npc",
                "nonpareil/2612_ERR5766180.npl",
                "nonpareil/2612_ERR5766180.npo",
                "nonpareil/2612_ERR5766180.png",
                "nonpareil/2613_ERR5766181.npa",
                "nonpareil/2613_ERR5766181.npc",
                "nonpareil/2613_ERR5766181.npl",
                "nonpareil/2613_ERR5766181.npo",
                "nonpareil/2613_ERR5766181.png",
                "nonpareil/nonpareil_all_samples.csv",
                "nonpareil/nonpareil_all_samples.json",
                "nonpareil/nonpareil_all_samples.pdf",
                "nonpareil/nonpareil_all_samples.tsv",
                "nonpareil/nonpareil_all_samples_mqc.png",
                "pipeline_info",
                "pipeline_info/nf_core_taxprofiler_software_mqc_versions.yml",
                "porechop_abi",
                "porechop_abi/ERR3201952_ERR3201952_porechop_abi.log",
                "samtools",
                "samtools/stats",
                "samtools/stats/2612_ERR5766176.stats",
                "samtools/stats/2612_ERR5766176_B.stats",
                "samtools/stats/2612_ERR5766180.stats",
                "samtools/stats/2613_ERR5766181.stats",
                "samtools/stats/ERR3201952_ERR3201952.stats",
                "sylph",
                "sylph/db1",
                "sylph/db1/2612_db1.sylph.tsv",
                "sylph/db1/2612_db1.sylphmpa",
                "sylph/db1/2613_db1.sylph.tsv",
                "sylph/db1/2613_db1.sylphmpa",
                "sylph/db1/ERR3201952_db1.sylph.tsv",
                "sylph/sylph_db1_combined_reports.tsv",
                "taxpasta",
                "taxpasta/bracken_db1.tsv",
                "taxpasta/centrifuge_db3.tsv",
                "taxpasta/diamond_db1.tsv",
                "taxpasta/diamond_db2.tsv",
                "taxpasta/diamond_db3.tsv",
                "taxpasta/ganon_db1.tsv",
                "taxpasta/kaiju_db5.tsv",
                "taxpasta/kaiju_db6.tsv",
                "taxpasta/kaiju_db7.tsv",
                "taxpasta/kmcp_db1.tsv",
                "taxpasta/kraken2_db1-bracken.tsv",
                "taxpasta/kraken2_db2.tsv",
                "taxpasta/metaphlan_metaphlan3.tsv",
                "taxpasta/metaphlan_metaphlan4.tsv"
            ]
        ],
        "meta": {
            "nf-test": "0.9.3",
            "nextflow": "25.04.8"
        },
        "timestamp": "2026-04-02T13:55:28.738279025"
    },
    "krona": {
        "content": [
            [
                "centrifuge_db3.html exists: true",
                "kaiju_db5.html exists: true",
                "kaiju_db6.html exists: true",
                "kaiju_db7.html exists: true",
                "kraken2-bracken_db1.html exists: true",
                "kraken2_db2.html exists: true"
            ]
        ],
        "meta": {
            "nf-test": "0.9.3",
            "nextflow": "25.04.8"
        },
        "timestamp": "2026-04-02T13:55:34.369263513"
    },
    "bowtie2": {
        "content": [
            [
                "2612_ERR5766176.bowtie2.log:md5,9ecf931cf545c9f4777dd4586dd883d2",
                "2612_ERR5766176_B.bowtie2.log:md5,9ecf931cf545c9f4777dd4586dd883d2",
                "2612_ERR5766180.bowtie2.log:md5,a7487ce9c549a7f8fb5694fd0889f929",
                "2613_ERR5766181.bowtie2.log:md5,6cb148fdf3840de7a8a1f5315847817b"
            ]
        ],
        "meta": {
            "nf-test": "0.9.3",
            "nextflow": "25.04.8"
        },
        "timestamp": "2026-03-19T13:01:04.780736199"
    },
    "nanoq": {
        "content": [
            [
                "ERR3201952_ERR3201952_filtered.stats:md5,70a916aef496e0335a3125ed3c1397a9"
            ]
        ],
        "meta": {
            "nf-test": "0.9.2",
            "nextflow": "25.10.4"
        },
        "timestamp": "2026-03-26T13:26:33.932063252"
    },
    "samtools": {
        "content": [
            [
                "2612_ERR5766176.stats:md5,14ac2eb1b383e7f9be7514ebd1a39b0f",
                "2612_ERR5766176_B.stats:md5,f1ab2d05e62dcafe2ac865318b6ef6bf",
                "2612_ERR5766180.stats:md5,73eb6b8421a3c094a3bbb6667035bf10",
                "2613_ERR5766181.stats:md5,d082f298244d082f095c1febb4c51ce4",
                "ERR3201952_ERR3201952.stats:md5,4b27072b8c9224f1eefece14d3977d27"
            ]
        ],
        "meta": {
            "nf-test": "0.9.3",
            "nextflow": "25.04.8"
        },
        "timestamp": "2026-03-19T13:01:15.028344526"
    },
    "taxpasta": {
        "content": [
            "bracken_db1.tsv contains string '9606': true",
            "centrifuge_db3.tsv contains string '131567': true",
            "diamond_db1.tsv contains string '8058': true",
            "diamond_db2.tsv contains string 'taxonomy_id': true",
            "diamond_db3.tsv contains string '8058': true",
            "ganon_db1.tsv contains string 'taxonomy_id': true",
            "kaiju_db5.tsv contains string '10239': true",
            "kaiju_db6.tsv contains string '10239': true",
            "kaiju_db7.tsv contains string '10239': true",
            "kmcp_db1.tsv contains string '9606': true",
            "kraken2_db1-bracken.tsv contains string '131567': true",
            "kraken2_db2.tsv contains string '131567': true",
            "metaphlan_metaphlan3.tsv contains string 'taxonomy_id': true",
            "metaphlan_metaphlan4.tsv contains string '1239': true"
        ],
        "meta": {
            "nf-test": "0.9.2",
            "nextflow": "25.10.4"
        },
        "timestamp": "2026-03-26T14:42:27.874929372"
    },
    "bbduk": {
        "content": [
            [
                "2612_ERR5766176.bbduk.log contains string:true",
                "2612_ERR5766176_B.bbduk.log contains string:true",
                "2612_ERR5766180.bbduk.log contains string:true",
                "2613_ERR5766181.bbduk.log contains string:true"
            ]
        ],
        "meta": {
            "nf-test": "0.9.2",
            "nextflow": "25.10.4"
        },
        "timestamp": "2026-03-26T14:42:20.326187548"
    },
    "ganon": {
        "content": [
            [
                "2611_db1.ganon.log contains string 'entries reported': true",
                "2612_db1.ganon.log contains string 'entries reported': true",
                "2613_db1.ganon.log contains string 'entries reported': true"
            ],
            [
                "2611_db1.ganon.rep contains string 'NC_001148.4': true",
                "2612_db1.ganon.rep contains string 'NC_001148.4': true",
                "2613_db1.ganon.rep contains string 'NC_001148.4': true"
            ],
            [
                "2611_db1.ganon.tre contains string 'root': true",
                "2611_db1.ganon_report.tre contains string 'root': true",
                "2612_db1.ganon.tre contains string 'root': true",
                "2612_db1.ganon_report.tre contains string 'root': true",
                "2613_db1.ganon.tre contains string 'root': true",
                "2613_db1.ganon_report.tre contains string 'root': true"
            ],
            "ganon_db1_combined_reports.txt contains string 'root': true",
            [
                "2611_db1.ganon.rep:md5,b1be294d015636784dd66dbc7f3f0f47",
                "2611_db1.ganon.tre:md5,79312ad176987ab97efe79274f9d03f2",
                "2611_db1.ganon_report.tre:md5,79312ad176987ab97efe79274f9d03f2",
                "2612_db1.ganon.rep:md5,317abc9555fe15a76ccf21624f2bdf86",
                "2612_db1.ganon.tre:md5,000eb2b555a822af4e811e777dca64cb",
                "2612_db1.ganon_report.tre:md5,e2eddd80a235dfc46d0a0a73d113d869",
                "2613_db1.ganon.rep:md5,b7022ac3a8694b0fcb167f7f93d1ceca",
                "2613_db1.ganon.tre:md5,e3c066281504f20484a13d77155731b3",
                "2613_db1.ganon_report.tre:md5,b8daad0c4a3d6f9b3458c058bf35d77c",
                "ganon_db1_combined_reports.txt:md5,86682b88f5ae31e1754b51fcdfc4bc2a"
            ]
        ],
        "meta": {
            "nf-test": "0.9.2",
            "nextflow": "25.10.4"
        },
        "timestamp": "2026-03-26T13:26:22.144227197"
    },
    "metacache": {
        "content": [
            [
                "2614_db1.mapping.txt contains string 'Penicillium roqueforti': true",
                "ERR3201952_db1.mapping.txt contains string 'Penicillium roqueforti': true"
            ]
        ],
        "meta": {
            "nf-test": "0.9.2",
            "nextflow": "25.10.4"
        },
        "timestamp": "2026-03-26T14:16:49.35172326"
    },
    "kaiju": {
        "content": [
            "2611_db5.kaijutable.txt contains string '10239': true",
            "2611_db5.kaiju.tsv contains string 'ERR5766174.4': true",
            "2612_db5.kaijutable.txt contains string '10239': true",
            "2612_db5.kaiju.tsv contains string 'ERR5766180.602': true",
            "2613_db5.kaijutable.txt contains string '10239': true",
            "2613_db5.kaiju.tsv contains string 'ERR5766181.1': true",
            "kaiju_db5_combined_reports.txt contains string '10239': true",
            "2614_db6.kaijutable.txt contains string '10239': true",
            "2614_db6.kaiju.tsv contains string 'ERR3201952.1794060': true",
            "ERR3201952_db6.kaijutable.txt contains string 'Viruses': true",
            "ERR3201952_db6.kaiju.tsv contains string 'ERR3201952.1159044': true",
            "kaiju_db6_combined_reports.txt contains string '10239': true",
            "2611_db7.kaijutable.txt contains string '10239': true",
            "2611_db7.kaiju.tsv contains string 'ERR5766174.4': true",
            "2612_db7.kaijutable.txt contains string '10239': true",
            "2612_db7.kaiju.tsv contains string 'ERR5766180.602': true",
            "2613_db7.kaijutable.txt contains string '10239': true",
            "2613_db7.kaiju.tsv contains string 'ERR5766181.2': true",
            "2614_db7.kaijutable.txt contains string '10239': true",
            "2614_db7.kaiju.tsv contains string 'ERR3201952.1794060': true",
            "ERR3201952_db7.kaijutable.txt contains string '10239': true",
            "ERR3201952_db7.kaiju.tsv contains string 'ERR3201952.1159044': true",
            "kaiju_db7_combined_reports.txt contains string '10239': true"
        ],
        "meta": {
            "nf-test": "0.9.2",
            "nextflow": "25.10.4"
        },
        "timestamp": "2026-03-26T13:26:23.82760253"
    },
    "bracken": {
        "content": [
            [
                "bracken_db1_combined_reports.txt:md5,b2ed57d8f683210cc0e306abdef12c3d",
                "2611_db1.bracken.kraken2.report_bracken.txt:md5,2d098b8c7767c2211984028877ebf977",
                "2611_db1.bracken.tsv:md5,74af1e5c159628b9d746fc53be5409bf",
                "2612_db1.bracken.kraken2.report_bracken.txt:md5,7087bcab68e936a8a9c67caafcbd6183",
                "2612_db1.bracken.tsv:md5,330c1d6f98cbc6d44dec3e83d9eeccd7",
                "2613_db1.bracken.kraken2.report_bracken.txt:md5,56647e7054f565a9affaabd5b18b4bd8",
                "2613_db1.bracken.tsv:md5,751961958ba36955dc0867e314d9da8b"
            ]
        ],
        "meta": {
            "nf-test": "0.9.2",
            "nextflow": "25.10.4"
        },
        "timestamp": "2026-03-19T13:01:04.804436372"
    },
    "diamond": {
        "content": [
            [
                "2611_db1.diamond.log contains string 'queries aligned': true",
                "2612_db1.diamond.log contains string 'queries aligned': true",
                "2613_db1.diamond.log contains string 'queries aligned': true",
                "2614_db2.diamond.log contains string 'queries aligned': true",
                "ERR3201952_db2.diamond.log contains string 'queries aligned': true",
                "2611_db3.diamond.log contains string 'queries aligned': true",
                "2612_db3.diamond.log contains string 'queries aligned': true",
                "2613_db3.diamond.log contains string 'queries aligned': true",
                "2614_db3.diamond.log contains string 'queries aligned': true",
                "ERR3201952_db3.diamond.log contains string 'queries aligned': true"
            ],
            "2611_db1.diamond.tsv contains string 'ERR5766174.77': true",
            "2612_db1.diamond.tsv contains string 'ERR5766180.773': true",
            "2613_db1.diamond.tsv contains string 'ERR5766181.59': true",
            "2614_db2.diamond.tsv contains string 'ERR3201952.882919': true",
            "ERR3201952_db2.diamond.tsv contains string 'ERR3201952.882919': true",
            "2611_db3.diamond.tsv contains string 'ERR5766174.77': true",
            "2612_db3.diamond.tsv contains string 'ERR5766180.773': true",
            "2613_db3.diamond.tsv contains string 'ERR5766181.59': true",
            "2614_db3.diamond.tsv contains string 'ERR3201952.882919': true",
            "ERR3201952_db3.diamond.tsv contains string 'ERR3201952.882919': true"
        ],
        "meta": {
            "nf-test": "0.9.2",
            "nextflow": "25.10.4"
        },
        "timestamp": "2026-03-26T14:42:21.034692071"
    },
    "metaphlan": {
        "content": [
            [
                "2611_metaphlan3.metaphlan.biom contains string 'generated_by': true",
                "2612_metaphlan3.metaphlan.biom contains string 'generated_by': true",
                "2613_metaphlan3.metaphlan.biom contains string 'generated_by': true",
                "2611_metaphlan4.metaphlan.biom contains string 'generated_by': true",
                "2612_metaphlan4.metaphlan.biom contains string 'generated_by': true",
                "2613_metaphlan4.metaphlan.biom contains string 'generated_by': true"
            ],
            [
                "2611_metaphlan3.metaphlan.bowtie2out.txt contains string 'avg_read_length': true",
                "2612_metaphlan3.metaphlan.bowtie2out.txt contains string 'avg_read_length': true",
                "2613_metaphlan3.metaphlan.bowtie2out.txt contains string 'avg_read_length': true",
                "2611_metaphlan4.metaphlan.bowtie2out.txt contains string 'avg_read_length': true",
                "2612_metaphlan4.metaphlan.bowtie2out.txt contains string 'avg_read_length': true",
                "2613_metaphlan4.metaphlan.bowtie2out.txt contains string 'avg_read_length': true"
            ],
            [
                "2611_metaphlan3.metaphlan_profile.txt contains string 'clade_name': true",
                "2612_metaphlan3.metaphlan_profile.txt contains string 'clade_name': true",
                "2613_metaphlan3.metaphlan_profile.txt contains string 'clade_name': true",
                "2611_metaphlan4.metaphlan_profile.txt contains string 'clade_name': true",
                "2612_metaphlan4.metaphlan_profile.txt contains string 'clade_name': true",
                "2613_metaphlan4.metaphlan_profile.txt contains string 'clade_name': true"
            ],
            "metaphlan_metaphlan3_combined_reports.txt contains string 'UNCLASSIFIED': true",
            "metaphlan_metaphlan4_combined_reports.txt contains string 't__SGB4933_group': true",
            [
                "metaphlan_metaphlan3_combined_reports.txt:md5,2b3a29d19036090fc5aa0d1d1ed1f25c",
                "metaphlan_metaphlan4_combined_reports.txt:md5,32c167494d4f9d6116469046a9b3b616"
            ]
        ],
        "meta": {
            "nf-test": "0.9.2",
            "nextflow": "25.10.4"
        },
        "timestamp": "2026-03-26T13:44:48.62283851"
    },
    "porechop_abi": {
        "content": [
            "ERR3201952_ERR3201952_porechop_abi.log contains string 'Looking for known adapter': true"
        ],
        "meta": {
            "nf-test": "0.9.2",
            "nextflow": "25.10.4"
        },
        "timestamp": "2026-03-26T14:42:27.709249188"
    },
    "sylph": {
        "content": [
            "sylph_db1_combined_reports.tsv contains string 'Penicillium roqueforti': true",
            [
                "2612_db1.sylph.tsv:md5,a84853a9ea0e88e62f3caa13f28ef945",
                "2612_db1.sylphmpa:md5,a0832fc0d249a96e5c22afaa63e0bba8",
                "2613_db1.sylph.tsv:md5,609a51bbcbbfe48ad780d0dadd1105e4",
                "2613_db1.sylphmpa:md5,253491defa87230970e890256dc0cb02",
                "ERR3201952_db1.sylph.tsv:md5,d41d8cd98f00b204e9800998ecf8427e"
            ]
        ],
        "meta": {
            "nf-test": "0.9.2",
            "nextflow": "25.10.4"
        },
        "timestamp": "2026-03-26T13:26:37.867452996"
    },
    "kraken2": {
        "content": [
            "2611_db2.kraken2.kraken2.report.txt contains string 'Homo sapiens': true",
            "2611_db2.kraken2.classified.fastq.gz contains string 'ERR5766174.15494 kraken:taxid|559292': [>ERR5766174.15494 kraken:taxid|559292]",
            "2611_db2.kraken2.unclassified.fastq.gz contains string '>ERR5766174.184799': [>ERR5766174.184799]",
            "2612_db2.kraken2.kraken2.report.txt contains string 'Saccharomyces cerevisiae S288C': true",
            "2612_db2.kraken2.classified.fastq.gz contains string '@ERR5766180.35963': [@ERR5766180.35963 kraken:taxid|9606]",
            "2612_db2.kraken2.unclassified.fastq.gz contains string '@ERR5766180.601927': [@ERR5766180.601927]",
            "2613_db2.kraken2.kraken2.report.txt contains string 'Saccharomyces cerevisiae S288C': true",
            "2613_db2.kraken2.classified.fastq.gz contains string '@ERR5766181.6866': [@ERR5766181.6866 kraken:taxid|9606]",
            "2613_db2.kraken2.unclassified.fastq.gz contains string '@ERR5766181.108601': [@ERR5766181.108601]",
            "kraken2_db1-bracken_combined_reports.txt contains string 'Saccharomyces cerevisiae S288C': true",
            "kraken2_db2_combined_reports.txt contains string 'Saccharomyces cerevisiae S288C': true",
            [
                "kraken2_db1-bracken_combined_reports.txt:md5,5041aeeaf372fc7e7d06e7e9eb8ba0e7",
                "kraken2_db2_combined_reports.txt:md5,3f0e82a2f537d587388e9f652dcb6a1c"
            ]
        ],
        "meta": {
            "nf-test": "0.9.2",
            "nextflow": "25.10.4"
        },
        "timestamp": "2026-03-26T13:26:31.226466888"
    },
    "-profile test": {
        "content": [
            {
                "BBMAP_BBDUK": {
                    "bbmap": 39.18
                },
                "BOWTIE2_ALIGN": {
                    "bowtie2": "2.5.4",
                    "pigz": 2.8,
                    "samtools": 1.21
                },
                "BOWTIE2_BUILD": {
                    "bowtie2": "2.5.4"
                },
                "BRACKEN_BRACKEN": {
                    "bracken": "3.0.1"
                },
                "BRACKEN_COMBINEBRACKENOUTPUTS": {
                    "combine_bracken_output": 2.9
                },
                "CENTRIFUGE_CENTRIFUGE": {
                    "centrifuge": "1.0.4"
                },
                "CENTRIFUGE_KREPORT": {
                    "centrifuge": "1.0.4"
                },
                "DIAMOND_BLASTX": {
                    "diamond": "2.1.12"
                },
                "FASTP_PAIRED": {
                    "fastp": "0.24.0"
                },
                "FASTP_SINGLE": {
                    "fastp": "0.24.0"
                },
                "FASTQC": {
                    "fastqc": "0.12.1"
                },
                "FASTQC_PROCESSED": {
                    "fastqc": "0.12.1"
                },
                "GANON_CLASSIFY": {
                    "ganon": "2.1.0"
                },
                "GANON_REPORT": {
                    "ganon": "2.1.0"
                },
                "GANON_TABLE": {
                    "ganon": "2.1.0"
                },
                "KAIJU_KAIJU": {
                    "kaiju": "1.10.0"
                },
                "KAIJU_KAIJU2KRONA": {
                    "kaiju": "1.10.0"
                },
                "KAIJU_KAIJU2TABLE_COMBINED": {
                    "kaiju": "1.10.0"
                },
                "KAIJU_KAIJU2TABLE_SINGLE": {
                    "kaiju": "1.10.0"
                },
                "KMCP_PROFILE": {
                    "kmcp": "0.9.4"
                },
                "KMCP_SEARCH": {
                    "kmcp": "0.9.4"
                },
                "KRAKEN2_KRAKEN2": {
                    "kraken2": "2.1.5",
                    "pigz": 2.8
                },
                "KRAKENTOOLS_COMBINEKREPORTS_CENTRIFUGE": {
                    "combine_kreports.py": 1.2
                },
                "KRAKENTOOLS_COMBINEKREPORTS_KRAKEN": {
                    "combine_kreports.py": 1.2
                },
                "KRAKENTOOLS_KREPORT2KRONA": {
                    "kreport2krona.py": 1.2
                },
                "KRONA_KTIMPORTTEXT": {
                    "krona": "2.8.1"
                },
                "MELON": {
                    "melon": "0.2.5"
                },
                "MERGE_RUNS": {
                    "cat": 9.5
                },
                "METACACHE_QUERY": {
                    "metacache": "2.5.0"
                },
                "METAPHLAN_MERGEMETAPHLANTABLES": {
                    "metaphlan": "4.1.1"
                },
                "METAPHLAN_METAPHLAN": {
                    "metaphlan": "4.1.1"
                },
                "MINIMAP2_ALIGN": {
                    "minimap2": "2.29-r1283",
                    "samtools": 1.21
                },
                "MINIMAP2_INDEX": {
                    "minimap2": "2.29-r1283"
                },
                "NANOQ": {
                    "nanoq": "0.10.0"
                },
                "NONPAREIL_CURVE": {
                    "nonpareil": "3.5.3"
                },
                "NONPAREIL_NONPAREIL": {
                    "nonpareil": "3.5.5"
                },
                "NONPAREIL_NONPAREILCURVESR": {
                    "nonpareil": "3.5.5"
                },
                "NONPAREIL_SET": {
                    "nonpareil": "3.5.3"
                },
                "PORECHOP_ABI": {
                    "porechop_abi": "0.5.0"
                },
                "SAMTOOLS_FASTQ": {
                    "samtools": "1.22.1"
                },
                "SAMTOOLS_INDEX": {
                    "samtools": "1.22.1"
                },
                "SAMTOOLS_STATS": {
                    "samtools": "1.22.1"
                },
                "SAMTOOLS_VIEW": {
                    "samtools": "1.22.1"
                },
                "SYLPHTAX_MERGE": {
                    "sylph-tax": "1.2.0"
                },
                "SYLPHTAX_TAXPROF": {
                    "sylph-tax": "1.2.0"
                },
                "SYLPH_PROFILE": {
                    "sylph": "0.7.0"
                },
                "TAXPASTA_MERGE": {
                    "taxpasta": "0.7.0"
                },
                "UNTAR": {
                    "untar": 1.34
                },
                "Workflow": {
                    "nf-core/taxprofiler": "v1.2.7dev"
                }
            }
        ],
        "meta": {
            "nf-test": "0.9.3",
            "nextflow": "25.04.8"
        },
        "timestamp": "2026-04-01T13:01:40.980444637"
    },
    "centrifuge": {
        "content": [
            [
                "2612_db3.centrifuge.report.txt contains string 'Homo sapiens': true",
                "2613_db3.centrifuge.report.txt contains string 'Homo sapiens': true"
            ],
            [
                "2612_db3.centrifuge.results.txt contains string '4392': true",
                "2613_db3.centrifuge.results.txt contains string '4392': true"
            ],
            [
                "2612_db3.centrifuge.txt contains string 'Homo sapiens': true",
                "2613_db3.centrifuge.txt contains string 'Homo sapiens': true"
            ]
        ],
        "meta": {
            "nf-test": "0.9.2",
            "nextflow": "25.10.4"
        },
        "timestamp": "2026-03-26T14:16:45.233946483"
    },
    "nonpareil": {
        "content": [
            [
                "2612_ERR5766176.npa contains string '0.00': true",
                "2612_ERR5766176_B.npa contains string '0.00': true",
                "2612_ERR5766180.npa contains string '0.00': true",
                "2613_ERR5766181.npa contains string '0.00': true"
            ],
            [
                "2612_ERR5766176.npl contains string 'Average read length': true",
                "2612_ERR5766176_B.npl contains string 'Average read length': true",
                "2612_ERR5766180.npl contains string 'Average read length': true",
                "2613_ERR5766181.npl contains string 'Average read length': true"
            ],
            [
                "2612_ERR5766176.npo contains string '@version': true",
                "2612_ERR5766176_B.npo contains string '@version': true",
                "2612_ERR5766180.npo contains string '@version': true",
                "2613_ERR5766181.npo contains string '@version': true"
            ],
            "2612_ERR5766176_B.npc contains string '177104': true",
            "File 2612_ERR5766176_B.png exists:  true",
            "2612_ERR5766176.npc contains string '205699': true",
            "File 2612_ERR5766176.png exists:  true",
            "2612_ERR5766180.npc contains string '143862': true",
            "File 2612_ERR5766180.png exists:  true",
            "2613_ERR5766181.npc contains string '127039': true",
            "File 2613_ERR5766181.png exists:  true",
            "nonpareil_all_samples.csv contains string 'modelR': true",
            "nonpareil_all_samples.json contains string 'log.sample': true",
            "File nonpareil_all_samples_mqc.png exists:  true",
            "File nonpareil_all_samples.pdf exists:  true",
            "nonpareil_all_samples.tsv contains string 'diversity': true"
        ],
        "meta": {
            "nf-test": "0.9.2",
            "nextflow": "25.10.4"
        },
        "timestamp": "2026-03-26T14:42:27.601607058"
    },
    "melon": {
        "content": [
            [
                "ERR3201952_dup.json:md5,293a437efc4be9d8b34fa05acb292828",
                "ERR3201952_dup.tsv:md5,2f4e7a4cb46beff1c7059471a9ce0799",
                "ERR3201952_ERR3201952.unmapped_other.json:md5,293a437efc4be9d8b34fa05acb292828",
                "ERR3201952_ERR3201952.unmapped_other.tsv:md5,2f4e7a4cb46beff1c7059471a9ce0799"
            ]
        ],
        "meta": {
            "nf-test": "0.9.3",
            "nextflow": "25.04.8"
        },
        "timestamp": "2026-03-19T13:01:15.244729751"
    },
    "kmcp": {
        "content": [
            [
                "2611_db1.kmcp.profile:md5,8b50fa20b6e60078b4e82ee56ad9a687",
                "2612_db1.kmcp.profile:md5,59d06b55c1df0739e92ab6d8ce23cd83",
                "2613_db1.kmcp.profile:md5,3d8c1e51679639d6011e3cb9b679485b"
            ]
        ],
        "meta": {
            "nf-test": "0.9.3",
            "nextflow": "25.04.8"
        },
        "timestamp": "2026-03-19T13:01:10.554211743"
    },
    "fastp": {
        "content": [
            [
                "2612_ERR5766176.fastp.json contains string 'fastp_version': true",
                "2612_ERR5766176_B.fastp.json contains string 'fastp_version': true",
                "2612_ERR5766180.fastp.json contains string 'fastp_version': true",
                "2613_ERR5766181.fastp.json contains string 'fastp_version': true"
            ],
            [
                "2612_ERR5766176.fastp.log contains string 'Detecting adapter sequence': true",
                "2612_ERR5766176_B.fastp.log contains string 'Detecting adapter sequence': true",
                "2612_ERR5766180.fastp.log contains string 'Detecting adapter sequence': true",
                "2613_ERR5766181.fastp.log contains string 'Detecting adapter sequence': true"
            ]
        ],
        "meta": {
            "nf-test": "0.9.2",
            "nextflow": "25.10.4"
        },
        "timestamp": "2026-03-26T14:42:21.126084353"
    }
}
