{
    "-profile test": {
        "content": [
            186,
            {
                "BBMAP_BBDUK": {
                    "bbmap": 39.06
                },
                "BOWTIE2_ALIGN": {
                    "bowtie2": "2.5.2",
                    "samtools": 1.18,
                    "pigz": 2.6
                },
                "BOWTIE2_BUILD": {
                    "bowtie2": "2.5.2"
                },
                "BRACKEN_BRACKEN": {
                    "bracken": 2.9
                },
                "CENTRIFUGE_CENTRIFUGE": {
                    "centrifuge": "1.0.4"
                },
                "CENTRIFUGE_KREPORT": {
                    "centrifuge": "1.0.4"
                },
                "DIAMOND_BLASTX": {
                    "diamond": "2.1.8"
                },
                "FASTP_PAIRED": {
                    "fastp": "0.23.4"
                },
                "FASTP_SINGLE": {
                    "fastp": "0.23.4"
                },
                "FASTQC": {
                    "fastqc": "0.12.1"
                },
                "FASTQC_PROCESSED": {
                    "fastqc": "0.12.1"
                },
                "GANON_CLASSIFY": {
                    "ganon": "2.0.0"
                },
                "GANON_REPORT": {
                    "ganon": "2.0.0"
                },
                "GANON_TABLE": {
                    "ganon": "2.0.0"
                },
                "KAIJU_KAIJU2KRONA": {
                    "kaiju": "1.10.0"
                },
                "KAIJU_KAIJU2TABLE_COMBINED": {
                    "kaiju": "1.10.0"
                },
                "KAIJU_KAIJU2TABLE_SINGLE": {
                    "kaiju": "1.10.0"
                },
                "KAIJU_KAIJU": {
                    "kaiju": "1.10.0"
                },
                "KMCP_PROFILE": {
                    "kmcp": "0.9.4"
                },
                "KMCP_SEARCH": {
                    "kmcp": "0.9.4"
                },
                "KRAKEN2_KRAKEN2": {
                    "kraken2": "2.1.3",
                    "pigz": 2.8
                },
                "KRAKENTOOLS_COMBINEKREPORTS_CENTRIFUGE": {
                    "combine_kreports.py": 1.2
                },
                "KRAKENTOOLS_COMBINEKREPORTS_KRAKEN": {
                    "combine_kreports.py": 1.2
                },
                "KRAKENTOOLS_KREPORT2KRONA": {
                    "kreport2krona.py": 1.2
                },
                "KRONA_CLEANUP": {
                    "sed": 4.7
                },
                "KRONA_KTIMPORTTEXT": {
                    "krona": "2.8.1"
                },
                "MERGE_RUNS": {
                    "cat": 8.3
                },
                "METAPHLAN_MERGEMETAPHLANTABLES": {
                    "metaphlan": "4.1.1"
                },
                "METAPHLAN_METAPHLAN": {
                    "metaphlan": "4.1.1"
                },
                "MINIMAP2_ALIGN": {
                    "minimap2": "2.28-r1209",
                    "samtools": 1.2
                },
                "MINIMAP2_INDEX": {
                    "minimap2": "2.28-r1209"
                },
                "NANOQ": {
                    "nanoq": "0.10.0"
                },
                "NONPAREIL_CURVE": {
                    "nonpareil": "3.5.3"
                },
                "NONPAREIL_NONPAREIL": {
                    "nonpareil": "3.5.5"
                },
                "NONPAREIL_NONPAREILCURVESR": {
                    "nonpareil": "3.5.5"
                },
                "NONPAREIL_SET": {
                    "nonpareil": "3.5.3"
                },
                "PORECHOP_ABI": {
                    "porechop_abi": "0.5.0"
                },
                "SAMTOOLS_FASTQ": {
                    "samtools": 1.2
                },
                "SAMTOOLS_INDEX": {
                    "samtools": 1.2
                },
                "SAMTOOLS_STATS": {
                    "samtools": 1.2
                },
                "SAMTOOLS_VIEW": {
                    "samtools": 1.2
                },
                "TAXPASTA_MERGE": {
                    "taxpasta": "0.7.0"
                },
                "UNTAR": {
                    "untar": 1.34
                },
                "Workflow": {
                    "nf-core/taxprofiler": "v1.3.0dev"
                }
            },
            [
                "bbduk",
                "bbduk/2612_ERR5766176.bbduk.log",
                "bbduk/2612_ERR5766176_B.bbduk.log",
                "bbduk/2612_ERR5766180.bbduk.log",
                "bbduk/2613_ERR5766181.bbduk.log",
                "bowtie2",
                "bowtie2/align",
                "bowtie2/align/2612_ERR5766176.bowtie2.log",
                "bowtie2/align/2612_ERR5766176_B.bowtie2.log",
                "bowtie2/align/2612_ERR5766180.bowtie2.log",
                "bowtie2/align/2613_ERR5766181.bowtie2.log",
                "bracken",
                "bracken/bracken_db1_combined_reports.txt",
                "bracken/db1",
                "bracken/db1/2611_db1.bracken.kraken2.report_bracken.txt",
                "bracken/db1/2611_db1.bracken.tsv",
                "bracken/db1/2612_db1.bracken.kraken2.report_bracken.txt",
                "bracken/db1/2612_db1.bracken.tsv",
                "bracken/db1/2613_db1.bracken.kraken2.report_bracken.txt",
                "bracken/db1/2613_db1.bracken.tsv",
                "centrifuge",
                "centrifuge/centrifuge_db3_combined_reports.txt",
                "centrifuge/db3",
                "centrifuge/db3/2612_db3.centrifuge.mapped.fastq.gz",
                "centrifuge/db3/2612_db3.centrifuge.report.txt",
                "centrifuge/db3/2612_db3.centrifuge.results.txt",
                "centrifuge/db3/2612_db3.centrifuge.txt",
                "centrifuge/db3/2612_db3.centrifuge.unmapped.fastq.gz",
                "centrifuge/db3/2613_db3.centrifuge.mapped.fastq.gz",
                "centrifuge/db3/2613_db3.centrifuge.report.txt",
                "centrifuge/db3/2613_db3.centrifuge.results.txt",
                "centrifuge/db3/2613_db3.centrifuge.txt",
                "centrifuge/db3/2613_db3.centrifuge.unmapped.fastq.gz",
                "diamond",
                "diamond/db1",
                "diamond/db1/2611_db1.diamond.log",
                "diamond/db1/2611_db1.diamond.tsv",
                "diamond/db1/2612_db1.diamond.log",
                "diamond/db1/2612_db1.diamond.tsv",
                "diamond/db1/2613_db1.diamond.log",
                "diamond/db1/2613_db1.diamond.tsv",
                "diamond/db2",
                "diamond/db2/2614_db2.diamond.log",
                "diamond/db2/2614_db2.diamond.tsv",
                "diamond/db2/ERR3201952_db2.diamond.log",
                "diamond/db2/ERR3201952_db2.diamond.tsv",
                "diamond/db3",
                "diamond/db3/2611_db3.diamond.log",
                "diamond/db3/2611_db3.diamond.tsv",
                "diamond/db3/2612_db3.diamond.log",
                "diamond/db3/2612_db3.diamond.tsv",
                "diamond/db3/2613_db3.diamond.log",
                "diamond/db3/2613_db3.diamond.tsv",
                "diamond/db3/2614_db3.diamond.log",
                "diamond/db3/2614_db3.diamond.tsv",
                "diamond/db3/ERR3201952_db3.diamond.log",
                "diamond/db3/ERR3201952_db3.diamond.tsv",
                "fastp",
                "fastp/2612_ERR5766176.fastp.html",
                "fastp/2612_ERR5766176.fastp.json",
                "fastp/2612_ERR5766176.fastp.log",
                "fastp/2612_ERR5766176_B.fastp.html",
                "fastp/2612_ERR5766176_B.fastp.json",
                "fastp/2612_ERR5766176_B.fastp.log",
                "fastp/2612_ERR5766180.fastp.html",
                "fastp/2612_ERR5766180.fastp.json",
                "fastp/2612_ERR5766180.fastp.log",
                "fastp/2613_ERR5766181.fastp.html",
                "fastp/2613_ERR5766181.fastp.json",
                "fastp/2613_ERR5766181.fastp.log",
                "fastqc",
                "fastqc/processed",
                "fastqc/processed/2612_ERR5766176_B_processed_fastqc.html",
                "fastqc/processed/2612_ERR5766176_B_processed_fastqc.zip",
                "fastqc/processed/2612_ERR5766176_processed_fastqc.html",
                "fastqc/processed/2612_ERR5766176_processed_fastqc.zip",
                "fastqc/processed/2612_ERR5766180_processed_fastqc.html",
                "fastqc/processed/2612_ERR5766180_processed_fastqc.zip",
                "fastqc/processed/2613_ERR5766181_processed_fastqc.html",
                "fastqc/processed/2613_ERR5766181_processed_fastqc.zip",
                "fastqc/processed/ERR3201952_ERR3201952_processed_fastqc.html",
                "fastqc/processed/ERR3201952_ERR3201952_processed_fastqc.zip",
                "fastqc/raw",
                "fastqc/raw/2612_ERR5766176_B_raw_1_fastqc.html",
                "fastqc/raw/2612_ERR5766176_B_raw_1_fastqc.zip",
                "fastqc/raw/2612_ERR5766176_B_raw_2_fastqc.html",
                "fastqc/raw/2612_ERR5766176_B_raw_2_fastqc.zip",
                "fastqc/raw/2612_ERR5766176_raw_1_fastqc.html",
                "fastqc/raw/2612_ERR5766176_raw_1_fastqc.zip",
                "fastqc/raw/2612_ERR5766176_raw_2_fastqc.html",
                "fastqc/raw/2612_ERR5766176_raw_2_fastqc.zip",
                "fastqc/raw/2612_ERR5766180_raw_fastqc.html",
                "fastqc/raw/2612_ERR5766180_raw_fastqc.zip",
                "fastqc/raw/2613_ERR5766181_raw_1_fastqc.html",
                "fastqc/raw/2613_ERR5766181_raw_1_fastqc.zip",
                "fastqc/raw/2613_ERR5766181_raw_2_fastqc.html",
                "fastqc/raw/2613_ERR5766181_raw_2_fastqc.zip",
                "fastqc/raw/ERR3201952_ERR3201952_raw_fastqc.html",
                "fastqc/raw/ERR3201952_ERR3201952_raw_fastqc.zip",
                "ganon",
                "ganon/db1",
                "ganon/db1/2611_db1.ganon.log",
                "ganon/db1/2611_db1.ganon.rep",
                "ganon/db1/2611_db1.ganon.tre",
                "ganon/db1/2611_db1.ganon_report.tre",
                "ganon/db1/2612_db1.ganon.log",
                "ganon/db1/2612_db1.ganon.rep",
                "ganon/db1/2612_db1.ganon.tre",
                "ganon/db1/2612_db1.ganon_report.tre",
                "ganon/db1/2613_db1.ganon.log",
                "ganon/db1/2613_db1.ganon.rep",
                "ganon/db1/2613_db1.ganon.tre",
                "ganon/db1/2613_db1.ganon_report.tre",
                "ganon/ganon_db1_combined_reports.txt",
                "kaiju",
                "kaiju/db5",
                "kaiju/db5/2611_db5.kaiju.tsv",
                "kaiju/db5/2611_db5.kaijutable.txt",
                "kaiju/db5/2612_db5.kaiju.tsv",
                "kaiju/db5/2612_db5.kaijutable.txt",
                "kaiju/db5/2613_db5.kaiju.tsv",
                "kaiju/db5/2613_db5.kaijutable.txt",
                "kaiju/db6",
                "kaiju/db6/2614_db6.kaiju.tsv",
                "kaiju/db6/2614_db6.kaijutable.txt",
                "kaiju/db6/ERR3201952_db6.kaiju.tsv",
                "kaiju/db6/ERR3201952_db6.kaijutable.txt",
                "kaiju/db7",
                "kaiju/db7/2611_db7.kaiju.tsv",
                "kaiju/db7/2611_db7.kaijutable.txt",
                "kaiju/db7/2612_db7.kaiju.tsv",
                "kaiju/db7/2612_db7.kaijutable.txt",
                "kaiju/db7/2613_db7.kaiju.tsv",
                "kaiju/db7/2613_db7.kaijutable.txt",
                "kaiju/db7/2614_db7.kaiju.tsv",
                "kaiju/db7/2614_db7.kaijutable.txt",
                "kaiju/db7/ERR3201952_db7.kaiju.tsv",
                "kaiju/db7/ERR3201952_db7.kaijutable.txt",
                "kaiju/kaiju_db5_combined_reports.txt",
                "kaiju/kaiju_db6_combined_reports.txt",
                "kaiju/kaiju_db7_combined_reports.txt",
                "kmcp",
                "kmcp/db1",
                "kmcp/db1/2611_db1.kmcp.profile",
                "kmcp/db1/2612_db1.kmcp.profile",
                "kmcp/db1/2613_db1.kmcp.profile",
                "kraken2",
                "kraken2/db1",
                "kraken2/db2",
                "kraken2/db2/2611_db2.kraken2.classified.fastq.gz",
                "kraken2/db2/2611_db2.kraken2.kraken2.report.txt",
                "kraken2/db2/2611_db2.kraken2.unclassified.fastq.gz",
                "kraken2/db2/2612_db2.kraken2.classified.fastq.gz",
                "kraken2/db2/2612_db2.kraken2.kraken2.report.txt",
                "kraken2/db2/2612_db2.kraken2.unclassified.fastq.gz",
                "kraken2/db2/2613_db2.kraken2.classified.fastq.gz",
                "kraken2/db2/2613_db2.kraken2.kraken2.report.txt",
                "kraken2/db2/2613_db2.kraken2.unclassified.fastq.gz",
                "kraken2/kraken2_db1-bracken_combined_reports.txt",
                "kraken2/kraken2_db2_combined_reports.txt",
                "krona",
                "krona/centrifuge_db3.html",
                "krona/kaiju_db5.html",
                "krona/kaiju_db6.html",
                "krona/kaiju_db7.html",
                "krona/kraken2-bracken_db1.html",
                "krona/kraken2_db2.html",
                "metaphlan",
                "metaphlan/metaphlan3",
                "metaphlan/metaphlan3/2611_metaphlan3.metaphlan.biom",
                "metaphlan/metaphlan3/2611_metaphlan3.metaphlan.bowtie2out.txt",
                "metaphlan/metaphlan3/2611_metaphlan3.metaphlan_profile.txt",
                "metaphlan/metaphlan3/2612_metaphlan3.metaphlan.biom",
                "metaphlan/metaphlan3/2612_metaphlan3.metaphlan.bowtie2out.txt",
                "metaphlan/metaphlan3/2612_metaphlan3.metaphlan_profile.txt",
                "metaphlan/metaphlan3/2613_metaphlan3.metaphlan.biom",
                "metaphlan/metaphlan3/2613_metaphlan3.metaphlan.bowtie2out.txt",
                "metaphlan/metaphlan3/2613_metaphlan3.metaphlan_profile.txt",
                "metaphlan/metaphlan4",
                "metaphlan/metaphlan4/2611_metaphlan4.metaphlan.biom",
                "metaphlan/metaphlan4/2611_metaphlan4.metaphlan.bowtie2out.txt",
                "metaphlan/metaphlan4/2611_metaphlan4.metaphlan_profile.txt",
                "metaphlan/metaphlan4/2612_metaphlan4.metaphlan.biom",
                "metaphlan/metaphlan4/2612_metaphlan4.metaphlan.bowtie2out.txt",
                "metaphlan/metaphlan4/2612_metaphlan4.metaphlan_profile.txt",
                "metaphlan/metaphlan4/2613_metaphlan4.metaphlan.biom",
                "metaphlan/metaphlan4/2613_metaphlan4.metaphlan.bowtie2out.txt",
                "metaphlan/metaphlan4/2613_metaphlan4.metaphlan_profile.txt",
                "metaphlan/metaphlan_metaphlan3_combined_reports.txt",
                "metaphlan/metaphlan_metaphlan4_combined_reports.txt",
                "multiqc",
                "multiqc/multiqc_data",
                "multiqc/multiqc_data/bbduk-filtered-barplot_Bases.txt",
                "multiqc/multiqc_data/bbduk-filtered-barplot_Reads.txt",
                "multiqc/multiqc_data/bbduk.txt",
                "multiqc/multiqc_data/bowtie2_se_plot.txt",
                "multiqc/multiqc_data/bracken-top-n-plot_Class.txt",
                "multiqc/multiqc_data/bracken-top-n-plot_Domain.txt",
                "multiqc/multiqc_data/bracken-top-n-plot_Family.txt",
                "multiqc/multiqc_data/bracken-top-n-plot_Genus.txt",
                "multiqc/multiqc_data/bracken-top-n-plot_Kingdom.txt",
                "multiqc/multiqc_data/bracken-top-n-plot_Order.txt",
                "multiqc/multiqc_data/bracken-top-n-plot_Phylum.txt",
                "multiqc/multiqc_data/bracken-top-n-plot_Species.txt",
                "multiqc/multiqc_data/bracken-top-n-plot_Unclassified.txt",
                "multiqc/multiqc_data/centrifuge-top-n-plot_Class.txt",
                "multiqc/multiqc_data/centrifuge-top-n-plot_Domain.txt",
                "multiqc/multiqc_data/centrifuge-top-n-plot_Family.txt",
                "multiqc/multiqc_data/centrifuge-top-n-plot_Genus.txt",
                "multiqc/multiqc_data/centrifuge-top-n-plot_Kingdom.txt",
                "multiqc/multiqc_data/centrifuge-top-n-plot_Order.txt",
                "multiqc/multiqc_data/centrifuge-top-n-plot_Phylum.txt",
                "multiqc/multiqc_data/centrifuge-top-n-plot_Species.txt",
                "multiqc/multiqc_data/centrifuge-top-n-plot_Unclassified.txt",
                "multiqc/multiqc_data/diamond.txt",
                "multiqc/multiqc_data/fastp-insert-size-plot.txt",
                "multiqc/multiqc_data/fastp-seq-content-gc-plot_Merged_and_filtered.txt",
                "multiqc/multiqc_data/fastp-seq-content-gc-plot_Read_1_After_filtering.txt",
                "multiqc/multiqc_data/fastp-seq-content-gc-plot_Read_1_Before_filtering.txt",
                "multiqc/multiqc_data/fastp-seq-content-gc-plot_Read_2_Before_filtering.txt",
                "multiqc/multiqc_data/fastp-seq-content-n-plot_Merged_and_filtered.txt",
                "multiqc/multiqc_data/fastp-seq-content-n-plot_Read_1_After_filtering.txt",
                "multiqc/multiqc_data/fastp-seq-content-n-plot_Read_1_Before_filtering.txt",
                "multiqc/multiqc_data/fastp-seq-content-n-plot_Read_2_Before_filtering.txt",
                "multiqc/multiqc_data/fastp-seq-quality-plot_Merged_and_filtered.txt",
                "multiqc/multiqc_data/fastp-seq-quality-plot_Read_1_After_filtering.txt",
                "multiqc/multiqc_data/fastp-seq-quality-plot_Read_1_Before_filtering.txt",
                "multiqc/multiqc_data/fastp-seq-quality-plot_Read_2_Before_filtering.txt",
                "multiqc/multiqc_data/fastp_filtered_reads_plot.txt",
                "multiqc/multiqc_data/fastqc-1-status-check-heatmap.txt",
                "multiqc/multiqc_data/fastqc-1_adapter_content_plot.txt",
                "multiqc/multiqc_data/fastqc-1_overrepresented_sequences_plot.txt",
                "multiqc/multiqc_data/fastqc-1_per_base_n_content_plot.txt",
                "multiqc/multiqc_data/fastqc-1_per_base_sequence_quality_plot.txt",
                "multiqc/multiqc_data/fastqc-1_per_sequence_gc_content_plot_Counts.txt",
                "multiqc/multiqc_data/fastqc-1_per_sequence_gc_content_plot_Percentages.txt",
                "multiqc/multiqc_data/fastqc-1_per_sequence_quality_scores_plot.txt",
                "multiqc/multiqc_data/fastqc-1_sequence_counts_plot.txt",
                "multiqc/multiqc_data/fastqc-1_sequence_duplication_levels_plot.txt",
                "multiqc/multiqc_data/fastqc-1_top_overrepresented_sequences_table.txt",
                "multiqc/multiqc_data/fastqc-status-check-heatmap.txt",
                "multiqc/multiqc_data/fastqc_adapter_content_plot.txt",
                "multiqc/multiqc_data/fastqc_overrepresented_sequences_plot.txt",
                "multiqc/multiqc_data/fastqc_per_base_n_content_plot.txt",
                "multiqc/multiqc_data/fastqc_per_base_sequence_quality_plot.txt",
                "multiqc/multiqc_data/fastqc_per_sequence_gc_content_plot_Counts.txt",
                "multiqc/multiqc_data/fastqc_per_sequence_gc_content_plot_Percentages.txt",
                "multiqc/multiqc_data/fastqc_per_sequence_quality_scores_plot.txt",
                "multiqc/multiqc_data/fastqc_sequence_counts_plot.txt",
                "multiqc/multiqc_data/fastqc_sequence_duplication_levels_plot.txt",
                "multiqc/multiqc_data/fastqc_sequence_length_distribution_plot.txt",
                "multiqc/multiqc_data/fastqc_top_overrepresented_sequences_table.txt",
                "multiqc/multiqc_data/kaiju-topfive-plot.txt",
                "multiqc/multiqc_data/kraken-top-n-plot_Class.txt",
                "multiqc/multiqc_data/kraken-top-n-plot_Domain.txt",
                "multiqc/multiqc_data/kraken-top-n-plot_Family.txt",
                "multiqc/multiqc_data/kraken-top-n-plot_Genus.txt",
                "multiqc/multiqc_data/kraken-top-n-plot_Kingdom.txt",
                "multiqc/multiqc_data/kraken-top-n-plot_Order.txt",
                "multiqc/multiqc_data/kraken-top-n-plot_Phylum.txt",
                "multiqc/multiqc_data/kraken-top-n-plot_Species.txt",
                "multiqc/multiqc_data/kraken-top-n-plot_Unclassified.txt",
                "multiqc/multiqc_data/metaphlan-top-n-plot_Class.txt",
                "multiqc/multiqc_data/metaphlan-top-n-plot_Family.txt",
                "multiqc/multiqc_data/metaphlan-top-n-plot_Genus.txt",
                "multiqc/multiqc_data/metaphlan-top-n-plot_Kingdom.txt",
                "multiqc/multiqc_data/metaphlan-top-n-plot_Order.txt",
                "multiqc/multiqc_data/metaphlan-top-n-plot_Phylum.txt",
                "multiqc/multiqc_data/metaphlan-top-n-plot_Species.txt",
                "multiqc/multiqc_data/multiqc.log",
                "multiqc/multiqc_data/multiqc_bowtie2.txt",
                "multiqc/multiqc_data/multiqc_bracken_bracken.txt",
                "multiqc/multiqc_data/multiqc_centrifuge_centrifuge.txt",
                "multiqc/multiqc_data/multiqc_citations.txt",
                "multiqc/multiqc_data/multiqc_data.json",
                "multiqc/multiqc_data/multiqc_fastp.txt",
                "multiqc/multiqc_data/multiqc_fastqc.txt",
                "multiqc/multiqc_data/multiqc_fastqc_1.txt",
                "multiqc/multiqc_data/multiqc_general_stats.txt",
                "multiqc/multiqc_data/multiqc_kaiju_species.txt",
                "multiqc/multiqc_data/multiqc_kraken.txt",
                "multiqc/multiqc_data/multiqc_metaphlan.txt",
                "multiqc/multiqc_data/multiqc_nanoq.txt",
                "multiqc/multiqc_data/multiqc_nonpareil.txt",
                "multiqc/multiqc_data/multiqc_samtools_stats.txt",
                "multiqc/multiqc_data/multiqc_software_versions.txt",
                "multiqc/multiqc_data/multiqc_sources.txt",
                "multiqc/multiqc_data/nanoq_plot_length_plot.txt",
                "multiqc/multiqc_data/nanoq_plot_quality_plot.txt",
                "multiqc/multiqc_data/nanoq_table.txt",
                "multiqc/multiqc_data/nonpareil-redundancy-plot_Combined.txt",
                "multiqc/multiqc_data/nonpareil-redundancy-plot_Model.txt",
                "multiqc/multiqc_data/nonpareil-redundancy-plot_Observed.txt",
                "multiqc/multiqc_data/nonpareil-table.txt",
                "multiqc/multiqc_data/porechop-endtrim-barplot.txt",
                "multiqc/multiqc_data/porechop-middlesplit-barplot.txt",
                "multiqc/multiqc_data/porechop-starttrim-barplot.txt",
                "multiqc/multiqc_data/porechop_porechop_abi.txt",
                "multiqc/multiqc_data/samtools-stats-dp.txt",
                "multiqc/multiqc_data/samtools_alignment_plot.txt",
                "multiqc/multiqc_plots",
                "multiqc/multiqc_plots/pdf",
                "multiqc/multiqc_plots/pdf/bbduk-filtered-barplot_Bases-cnt.pdf",
                "multiqc/multiqc_plots/pdf/bbduk-filtered-barplot_Bases-pct.pdf",
                "multiqc/multiqc_plots/pdf/bbduk-filtered-barplot_Reads-cnt.pdf",
                "multiqc/multiqc_plots/pdf/bbduk-filtered-barplot_Reads-pct.pdf",
                "multiqc/multiqc_plots/pdf/bowtie2_se_plot-cnt.pdf",
                "multiqc/multiqc_plots/pdf/bowtie2_se_plot-pct.pdf",
                "multiqc/multiqc_plots/pdf/bracken-top-n-plot_Class-cnt.pdf",
                "multiqc/multiqc_plots/pdf/bracken-top-n-plot_Class-pct.pdf",
                "multiqc/multiqc_plots/pdf/bracken-top-n-plot_Domain-cnt.pdf",
                "multiqc/multiqc_plots/pdf/bracken-top-n-plot_Domain-pct.pdf",
                "multiqc/multiqc_plots/pdf/bracken-top-n-plot_Family-cnt.pdf",
                "multiqc/multiqc_plots/pdf/bracken-top-n-plot_Family-pct.pdf",
                "multiqc/multiqc_plots/pdf/bracken-top-n-plot_Genus-cnt.pdf",
                "multiqc/multiqc_plots/pdf/bracken-top-n-plot_Genus-pct.pdf",
                "multiqc/multiqc_plots/pdf/bracken-top-n-plot_Kingdom-cnt.pdf",
                "multiqc/multiqc_plots/pdf/bracken-top-n-plot_Kingdom-pct.pdf",
                "multiqc/multiqc_plots/pdf/bracken-top-n-plot_Order-cnt.pdf",
                "multiqc/multiqc_plots/pdf/bracken-top-n-plot_Order-pct.pdf",
                "multiqc/multiqc_plots/pdf/bracken-top-n-plot_Phylum-cnt.pdf",
                "multiqc/multiqc_plots/pdf/bracken-top-n-plot_Phylum-pct.pdf",
                "multiqc/multiqc_plots/pdf/bracken-top-n-plot_Species-cnt.pdf",
                "multiqc/multiqc_plots/pdf/bracken-top-n-plot_Species-pct.pdf",
                "multiqc/multiqc_plots/pdf/bracken-top-n-plot_Unclassified-cnt.pdf",
                "multiqc/multiqc_plots/pdf/bracken-top-n-plot_Unclassified-pct.pdf",
                "multiqc/multiqc_plots/pdf/centrifuge-top-n-plot_Class-cnt.pdf",
                "multiqc/multiqc_plots/pdf/centrifuge-top-n-plot_Class-pct.pdf",
                "multiqc/multiqc_plots/pdf/centrifuge-top-n-plot_Domain-cnt.pdf",
                "multiqc/multiqc_plots/pdf/centrifuge-top-n-plot_Domain-pct.pdf",
                "multiqc/multiqc_plots/pdf/centrifuge-top-n-plot_Family-cnt.pdf",
                "multiqc/multiqc_plots/pdf/centrifuge-top-n-plot_Family-pct.pdf",
                "multiqc/multiqc_plots/pdf/centrifuge-top-n-plot_Genus-cnt.pdf",
                "multiqc/multiqc_plots/pdf/centrifuge-top-n-plot_Genus-pct.pdf",
                "multiqc/multiqc_plots/pdf/centrifuge-top-n-plot_Kingdom-cnt.pdf",
                "multiqc/multiqc_plots/pdf/centrifuge-top-n-plot_Kingdom-pct.pdf",
                "multiqc/multiqc_plots/pdf/centrifuge-top-n-plot_Order-cnt.pdf",
                "multiqc/multiqc_plots/pdf/centrifuge-top-n-plot_Order-pct.pdf",
                "multiqc/multiqc_plots/pdf/centrifuge-top-n-plot_Phylum-cnt.pdf",
                "multiqc/multiqc_plots/pdf/centrifuge-top-n-plot_Phylum-pct.pdf",
                "multiqc/multiqc_plots/pdf/centrifuge-top-n-plot_Species-cnt.pdf",
                "multiqc/multiqc_plots/pdf/centrifuge-top-n-plot_Species-pct.pdf",
                "multiqc/multiqc_plots/pdf/centrifuge-top-n-plot_Unclassified-cnt.pdf",
                "multiqc/multiqc_plots/pdf/centrifuge-top-n-plot_Unclassified-pct.pdf",
                "multiqc/multiqc_plots/pdf/fastp-insert-size-plot.pdf",
                "multiqc/multiqc_plots/pdf/fastp-seq-content-gc-plot_Merged_and_filtered.pdf",
                "multiqc/multiqc_plots/pdf/fastp-seq-content-gc-plot_Read_1_After_filtering.pdf",
                "multiqc/multiqc_plots/pdf/fastp-seq-content-gc-plot_Read_1_Before_filtering.pdf",
                "multiqc/multiqc_plots/pdf/fastp-seq-content-gc-plot_Read_2_Before_filtering.pdf",
                "multiqc/multiqc_plots/pdf/fastp-seq-content-n-plot_Merged_and_filtered.pdf",
                "multiqc/multiqc_plots/pdf/fastp-seq-content-n-plot_Read_1_After_filtering.pdf",
                "multiqc/multiqc_plots/pdf/fastp-seq-content-n-plot_Read_1_Before_filtering.pdf",
                "multiqc/multiqc_plots/pdf/fastp-seq-content-n-plot_Read_2_Before_filtering.pdf",
                "multiqc/multiqc_plots/pdf/fastp-seq-quality-plot_Merged_and_filtered.pdf",
                "multiqc/multiqc_plots/pdf/fastp-seq-quality-plot_Read_1_After_filtering.pdf",
                "multiqc/multiqc_plots/pdf/fastp-seq-quality-plot_Read_1_Before_filtering.pdf",
                "multiqc/multiqc_plots/pdf/fastp-seq-quality-plot_Read_2_Before_filtering.pdf",
                "multiqc/multiqc_plots/pdf/fastp_filtered_reads_plot-cnt.pdf",
                "multiqc/multiqc_plots/pdf/fastp_filtered_reads_plot-pct.pdf",
                "multiqc/multiqc_plots/pdf/fastqc-1-status-check-heatmap.pdf",
                "multiqc/multiqc_plots/pdf/fastqc-1_adapter_content_plot.pdf",
                "multiqc/multiqc_plots/pdf/fastqc-1_overrepresented_sequences_plot.pdf",
                "multiqc/multiqc_plots/pdf/fastqc-1_per_base_n_content_plot.pdf",
                "multiqc/multiqc_plots/pdf/fastqc-1_per_base_sequence_quality_plot.pdf",
                "multiqc/multiqc_plots/pdf/fastqc-1_per_sequence_gc_content_plot_Counts.pdf",
                "multiqc/multiqc_plots/pdf/fastqc-1_per_sequence_gc_content_plot_Percentages.pdf",
                "multiqc/multiqc_plots/pdf/fastqc-1_per_sequence_quality_scores_plot.pdf",
                "multiqc/multiqc_plots/pdf/fastqc-1_sequence_counts_plot-cnt.pdf",
                "multiqc/multiqc_plots/pdf/fastqc-1_sequence_counts_plot-pct.pdf",
                "multiqc/multiqc_plots/pdf/fastqc-1_sequence_duplication_levels_plot.pdf",
                "multiqc/multiqc_plots/pdf/fastqc-1_top_overrepresented_sequences_table.pdf",
                "multiqc/multiqc_plots/pdf/fastqc-status-check-heatmap.pdf",
                "multiqc/multiqc_plots/pdf/fastqc_adapter_content_plot.pdf",
                "multiqc/multiqc_plots/pdf/fastqc_overrepresented_sequences_plot.pdf",
                "multiqc/multiqc_plots/pdf/fastqc_per_base_n_content_plot.pdf",
                "multiqc/multiqc_plots/pdf/fastqc_per_base_sequence_quality_plot.pdf",
                "multiqc/multiqc_plots/pdf/fastqc_per_sequence_gc_content_plot_Counts.pdf",
                "multiqc/multiqc_plots/pdf/fastqc_per_sequence_gc_content_plot_Percentages.pdf",
                "multiqc/multiqc_plots/pdf/fastqc_per_sequence_quality_scores_plot.pdf",
                "multiqc/multiqc_plots/pdf/fastqc_sequence_counts_plot-cnt.pdf",
                "multiqc/multiqc_plots/pdf/fastqc_sequence_counts_plot-pct.pdf",
                "multiqc/multiqc_plots/pdf/fastqc_sequence_duplication_levels_plot.pdf",
                "multiqc/multiqc_plots/pdf/fastqc_sequence_length_distribution_plot.pdf",
                "multiqc/multiqc_plots/pdf/fastqc_top_overrepresented_sequences_table.pdf",
                "multiqc/multiqc_plots/pdf/general_stats_table.pdf",
                "multiqc/multiqc_plots/pdf/kaiju-topfive-plot-cnt.pdf",
                "multiqc/multiqc_plots/pdf/kaiju-topfive-plot-pct.pdf",
                "multiqc/multiqc_plots/pdf/kraken-top-n-plot_Class-cnt.pdf",
                "multiqc/multiqc_plots/pdf/kraken-top-n-plot_Class-pct.pdf",
                "multiqc/multiqc_plots/pdf/kraken-top-n-plot_Domain-cnt.pdf",
                "multiqc/multiqc_plots/pdf/kraken-top-n-plot_Domain-pct.pdf",
                "multiqc/multiqc_plots/pdf/kraken-top-n-plot_Family-cnt.pdf",
                "multiqc/multiqc_plots/pdf/kraken-top-n-plot_Family-pct.pdf",
                "multiqc/multiqc_plots/pdf/kraken-top-n-plot_Genus-cnt.pdf",
                "multiqc/multiqc_plots/pdf/kraken-top-n-plot_Genus-pct.pdf",
                "multiqc/multiqc_plots/pdf/kraken-top-n-plot_Kingdom-cnt.pdf",
                "multiqc/multiqc_plots/pdf/kraken-top-n-plot_Kingdom-pct.pdf",
                "multiqc/multiqc_plots/pdf/kraken-top-n-plot_Order-cnt.pdf",
                "multiqc/multiqc_plots/pdf/kraken-top-n-plot_Order-pct.pdf",
                "multiqc/multiqc_plots/pdf/kraken-top-n-plot_Phylum-cnt.pdf",
                "multiqc/multiqc_plots/pdf/kraken-top-n-plot_Phylum-pct.pdf",
                "multiqc/multiqc_plots/pdf/kraken-top-n-plot_Species-cnt.pdf",
                "multiqc/multiqc_plots/pdf/kraken-top-n-plot_Species-pct.pdf",
                "multiqc/multiqc_plots/pdf/kraken-top-n-plot_Unclassified-cnt.pdf",
                "multiqc/multiqc_plots/pdf/kraken-top-n-plot_Unclassified-pct.pdf",
                "multiqc/multiqc_plots/pdf/metaphlan-top-n-plot_Class.pdf",
                "multiqc/multiqc_plots/pdf/metaphlan-top-n-plot_Family.pdf",
                "multiqc/multiqc_plots/pdf/metaphlan-top-n-plot_Genus.pdf",
                "multiqc/multiqc_plots/pdf/metaphlan-top-n-plot_Kingdom.pdf",
                "multiqc/multiqc_plots/pdf/metaphlan-top-n-plot_Order.pdf",
                "multiqc/multiqc_plots/pdf/metaphlan-top-n-plot_Phylum.pdf",
                "multiqc/multiqc_plots/pdf/metaphlan-top-n-plot_Species.pdf",
                "multiqc/multiqc_plots/pdf/nanoq_plot_length_plot-cnt.pdf",
                "multiqc/multiqc_plots/pdf/nanoq_plot_length_plot-pct.pdf",
                "multiqc/multiqc_plots/pdf/nanoq_plot_quality_plot-cnt.pdf",
                "multiqc/multiqc_plots/pdf/nanoq_plot_quality_plot-pct.pdf",
                "multiqc/multiqc_plots/pdf/nanoq_table.pdf",
                "multiqc/multiqc_plots/pdf/nonpareil-redundancy-plot_Combined.pdf",
                "multiqc/multiqc_plots/pdf/nonpareil-redundancy-plot_Model.pdf",
                "multiqc/multiqc_plots/pdf/nonpareil-redundancy-plot_Observed.pdf",
                "multiqc/multiqc_plots/pdf/nonpareil-table.pdf",
                "multiqc/multiqc_plots/pdf/porechop-endtrim-barplot-cnt.pdf",
                "multiqc/multiqc_plots/pdf/porechop-endtrim-barplot-pct.pdf",
                "multiqc/multiqc_plots/pdf/porechop-middlesplit-barplot-cnt.pdf",
                "multiqc/multiqc_plots/pdf/porechop-middlesplit-barplot-pct.pdf",
                "multiqc/multiqc_plots/pdf/porechop-starttrim-barplot-cnt.pdf",
                "multiqc/multiqc_plots/pdf/porechop-starttrim-barplot-pct.pdf",
                "multiqc/multiqc_plots/pdf/samtools-stats-dp.pdf",
                "multiqc/multiqc_plots/pdf/samtools_alignment_plot-cnt.pdf",
                "multiqc/multiqc_plots/pdf/samtools_alignment_plot-pct.pdf",
                "multiqc/multiqc_plots/png",
                "multiqc/multiqc_plots/png/bbduk-filtered-barplot_Bases-cnt.png",
                "multiqc/multiqc_plots/png/bbduk-filtered-barplot_Bases-pct.png",
                "multiqc/multiqc_plots/png/bbduk-filtered-barplot_Reads-cnt.png",
                "multiqc/multiqc_plots/png/bbduk-filtered-barplot_Reads-pct.png",
                "multiqc/multiqc_plots/png/bowtie2_se_plot-cnt.png",
                "multiqc/multiqc_plots/png/bowtie2_se_plot-pct.png",
                "multiqc/multiqc_plots/png/bracken-top-n-plot_Class-cnt.png",
                "multiqc/multiqc_plots/png/bracken-top-n-plot_Class-pct.png",
                "multiqc/multiqc_plots/png/bracken-top-n-plot_Domain-cnt.png",
                "multiqc/multiqc_plots/png/bracken-top-n-plot_Domain-pct.png",
                "multiqc/multiqc_plots/png/bracken-top-n-plot_Family-cnt.png",
                "multiqc/multiqc_plots/png/bracken-top-n-plot_Family-pct.png",
                "multiqc/multiqc_plots/png/bracken-top-n-plot_Genus-cnt.png",
                "multiqc/multiqc_plots/png/bracken-top-n-plot_Genus-pct.png",
                "multiqc/multiqc_plots/png/bracken-top-n-plot_Kingdom-cnt.png",
                "multiqc/multiqc_plots/png/bracken-top-n-plot_Kingdom-pct.png",
                "multiqc/multiqc_plots/png/bracken-top-n-plot_Order-cnt.png",
                "multiqc/multiqc_plots/png/bracken-top-n-plot_Order-pct.png",
                "multiqc/multiqc_plots/png/bracken-top-n-plot_Phylum-cnt.png",
                "multiqc/multiqc_plots/png/bracken-top-n-plot_Phylum-pct.png",
                "multiqc/multiqc_plots/png/bracken-top-n-plot_Species-cnt.png",
                "multiqc/multiqc_plots/png/bracken-top-n-plot_Species-pct.png",
                "multiqc/multiqc_plots/png/bracken-top-n-plot_Unclassified-cnt.png",
                "multiqc/multiqc_plots/png/bracken-top-n-plot_Unclassified-pct.png",
                "multiqc/multiqc_plots/png/centrifuge-top-n-plot_Class-cnt.png",
                "multiqc/multiqc_plots/png/centrifuge-top-n-plot_Class-pct.png",
                "multiqc/multiqc_plots/png/centrifuge-top-n-plot_Domain-cnt.png",
                "multiqc/multiqc_plots/png/centrifuge-top-n-plot_Domain-pct.png",
                "multiqc/multiqc_plots/png/centrifuge-top-n-plot_Family-cnt.png",
                "multiqc/multiqc_plots/png/centrifuge-top-n-plot_Family-pct.png",
                "multiqc/multiqc_plots/png/centrifuge-top-n-plot_Genus-cnt.png",
                "multiqc/multiqc_plots/png/centrifuge-top-n-plot_Genus-pct.png",
                "multiqc/multiqc_plots/png/centrifuge-top-n-plot_Kingdom-cnt.png",
                "multiqc/multiqc_plots/png/centrifuge-top-n-plot_Kingdom-pct.png",
                "multiqc/multiqc_plots/png/centrifuge-top-n-plot_Order-cnt.png",
                "multiqc/multiqc_plots/png/centrifuge-top-n-plot_Order-pct.png",
                "multiqc/multiqc_plots/png/centrifuge-top-n-plot_Phylum-cnt.png",
                "multiqc/multiqc_plots/png/centrifuge-top-n-plot_Phylum-pct.png",
                "multiqc/multiqc_plots/png/centrifuge-top-n-plot_Species-cnt.png",
                "multiqc/multiqc_plots/png/centrifuge-top-n-plot_Species-pct.png",
                "multiqc/multiqc_plots/png/centrifuge-top-n-plot_Unclassified-cnt.png",
                "multiqc/multiqc_plots/png/centrifuge-top-n-plot_Unclassified-pct.png",
                "multiqc/multiqc_plots/png/fastp-insert-size-plot.png",
                "multiqc/multiqc_plots/png/fastp-seq-content-gc-plot_Merged_and_filtered.png",
                "multiqc/multiqc_plots/png/fastp-seq-content-gc-plot_Read_1_After_filtering.png",
                "multiqc/multiqc_plots/png/fastp-seq-content-gc-plot_Read_1_Before_filtering.png",
                "multiqc/multiqc_plots/png/fastp-seq-content-gc-plot_Read_2_Before_filtering.png",
                "multiqc/multiqc_plots/png/fastp-seq-content-n-plot_Merged_and_filtered.png",
                "multiqc/multiqc_plots/png/fastp-seq-content-n-plot_Read_1_After_filtering.png",
                "multiqc/multiqc_plots/png/fastp-seq-content-n-plot_Read_1_Before_filtering.png",
                "multiqc/multiqc_plots/png/fastp-seq-content-n-plot_Read_2_Before_filtering.png",
                "multiqc/multiqc_plots/png/fastp-seq-quality-plot_Merged_and_filtered.png",
                "multiqc/multiqc_plots/png/fastp-seq-quality-plot_Read_1_After_filtering.png",
                "multiqc/multiqc_plots/png/fastp-seq-quality-plot_Read_1_Before_filtering.png",
                "multiqc/multiqc_plots/png/fastp-seq-quality-plot_Read_2_Before_filtering.png",
                "multiqc/multiqc_plots/png/fastp_filtered_reads_plot-cnt.png",
                "multiqc/multiqc_plots/png/fastp_filtered_reads_plot-pct.png",
                "multiqc/multiqc_plots/png/fastqc-1-status-check-heatmap.png",
                "multiqc/multiqc_plots/png/fastqc-1_adapter_content_plot.png",
                "multiqc/multiqc_plots/png/fastqc-1_overrepresented_sequences_plot.png",
                "multiqc/multiqc_plots/png/fastqc-1_per_base_n_content_plot.png",
                "multiqc/multiqc_plots/png/fastqc-1_per_base_sequence_quality_plot.png",
                "multiqc/multiqc_plots/png/fastqc-1_per_sequence_gc_content_plot_Counts.png",
                "multiqc/multiqc_plots/png/fastqc-1_per_sequence_gc_content_plot_Percentages.png",
                "multiqc/multiqc_plots/png/fastqc-1_per_sequence_quality_scores_plot.png",
                "multiqc/multiqc_plots/png/fastqc-1_sequence_counts_plot-cnt.png",
                "multiqc/multiqc_plots/png/fastqc-1_sequence_counts_plot-pct.png",
                "multiqc/multiqc_plots/png/fastqc-1_sequence_duplication_levels_plot.png",
                "multiqc/multiqc_plots/png/fastqc-1_top_overrepresented_sequences_table.png",
                "multiqc/multiqc_plots/png/fastqc-status-check-heatmap.png",
                "multiqc/multiqc_plots/png/fastqc_adapter_content_plot.png",
                "multiqc/multiqc_plots/png/fastqc_overrepresented_sequences_plot.png",
                "multiqc/multiqc_plots/png/fastqc_per_base_n_content_plot.png",
                "multiqc/multiqc_plots/png/fastqc_per_base_sequence_quality_plot.png",
                "multiqc/multiqc_plots/png/fastqc_per_sequence_gc_content_plot_Counts.png",
                "multiqc/multiqc_plots/png/fastqc_per_sequence_gc_content_plot_Percentages.png",
                "multiqc/multiqc_plots/png/fastqc_per_sequence_quality_scores_plot.png",
                "multiqc/multiqc_plots/png/fastqc_sequence_counts_plot-cnt.png",
                "multiqc/multiqc_plots/png/fastqc_sequence_counts_plot-pct.png",
                "multiqc/multiqc_plots/png/fastqc_sequence_duplication_levels_plot.png",
                "multiqc/multiqc_plots/png/fastqc_sequence_length_distribution_plot.png",
                "multiqc/multiqc_plots/png/fastqc_top_overrepresented_sequences_table.png",
                "multiqc/multiqc_plots/png/general_stats_table.png",
                "multiqc/multiqc_plots/png/kaiju-topfive-plot-cnt.png",
                "multiqc/multiqc_plots/png/kaiju-topfive-plot-pct.png",
                "multiqc/multiqc_plots/png/kraken-top-n-plot_Class-cnt.png",
                "multiqc/multiqc_plots/png/kraken-top-n-plot_Class-pct.png",
                "multiqc/multiqc_plots/png/kraken-top-n-plot_Domain-cnt.png",
                "multiqc/multiqc_plots/png/kraken-top-n-plot_Domain-pct.png",
                "multiqc/multiqc_plots/png/kraken-top-n-plot_Family-cnt.png",
                "multiqc/multiqc_plots/png/kraken-top-n-plot_Family-pct.png",
                "multiqc/multiqc_plots/png/kraken-top-n-plot_Genus-cnt.png",
                "multiqc/multiqc_plots/png/kraken-top-n-plot_Genus-pct.png",
                "multiqc/multiqc_plots/png/kraken-top-n-plot_Kingdom-cnt.png",
                "multiqc/multiqc_plots/png/kraken-top-n-plot_Kingdom-pct.png",
                "multiqc/multiqc_plots/png/kraken-top-n-plot_Order-cnt.png",
                "multiqc/multiqc_plots/png/kraken-top-n-plot_Order-pct.png",
                "multiqc/multiqc_plots/png/kraken-top-n-plot_Phylum-cnt.png",
                "multiqc/multiqc_plots/png/kraken-top-n-plot_Phylum-pct.png",
                "multiqc/multiqc_plots/png/kraken-top-n-plot_Species-cnt.png",
                "multiqc/multiqc_plots/png/kraken-top-n-plot_Species-pct.png",
                "multiqc/multiqc_plots/png/kraken-top-n-plot_Unclassified-cnt.png",
                "multiqc/multiqc_plots/png/kraken-top-n-plot_Unclassified-pct.png",
                "multiqc/multiqc_plots/png/metaphlan-top-n-plot_Class.png",
                "multiqc/multiqc_plots/png/metaphlan-top-n-plot_Family.png",
                "multiqc/multiqc_plots/png/metaphlan-top-n-plot_Genus.png",
                "multiqc/multiqc_plots/png/metaphlan-top-n-plot_Kingdom.png",
                "multiqc/multiqc_plots/png/metaphlan-top-n-plot_Order.png",
                "multiqc/multiqc_plots/png/metaphlan-top-n-plot_Phylum.png",
                "multiqc/multiqc_plots/png/metaphlan-top-n-plot_Species.png",
                "multiqc/multiqc_plots/png/nanoq_plot_length_plot-cnt.png",
                "multiqc/multiqc_plots/png/nanoq_plot_length_plot-pct.png",
                "multiqc/multiqc_plots/png/nanoq_plot_quality_plot-cnt.png",
                "multiqc/multiqc_plots/png/nanoq_plot_quality_plot-pct.png",
                "multiqc/multiqc_plots/png/nanoq_table.png",
                "multiqc/multiqc_plots/png/nonpareil-redundancy-plot_Combined.png",
                "multiqc/multiqc_plots/png/nonpareil-redundancy-plot_Model.png",
                "multiqc/multiqc_plots/png/nonpareil-redundancy-plot_Observed.png",
                "multiqc/multiqc_plots/png/nonpareil-table.png",
                "multiqc/multiqc_plots/png/porechop-endtrim-barplot-cnt.png",
                "multiqc/multiqc_plots/png/porechop-endtrim-barplot-pct.png",
                "multiqc/multiqc_plots/png/porechop-middlesplit-barplot-cnt.png",
                "multiqc/multiqc_plots/png/porechop-middlesplit-barplot-pct.png",
                "multiqc/multiqc_plots/png/porechop-starttrim-barplot-cnt.png",
                "multiqc/multiqc_plots/png/porechop-starttrim-barplot-pct.png",
                "multiqc/multiqc_plots/png/samtools-stats-dp.png",
                "multiqc/multiqc_plots/png/samtools_alignment_plot-cnt.png",
                "multiqc/multiqc_plots/png/samtools_alignment_plot-pct.png",
                "multiqc/multiqc_plots/svg",
                "multiqc/multiqc_plots/svg/bbduk-filtered-barplot_Bases-cnt.svg",
                "multiqc/multiqc_plots/svg/bbduk-filtered-barplot_Bases-pct.svg",
                "multiqc/multiqc_plots/svg/bbduk-filtered-barplot_Reads-cnt.svg",
                "multiqc/multiqc_plots/svg/bbduk-filtered-barplot_Reads-pct.svg",
                "multiqc/multiqc_plots/svg/bowtie2_se_plot-cnt.svg",
                "multiqc/multiqc_plots/svg/bowtie2_se_plot-pct.svg",
                "multiqc/multiqc_plots/svg/bracken-top-n-plot_Class-cnt.svg",
                "multiqc/multiqc_plots/svg/bracken-top-n-plot_Class-pct.svg",
                "multiqc/multiqc_plots/svg/bracken-top-n-plot_Domain-cnt.svg",
                "multiqc/multiqc_plots/svg/bracken-top-n-plot_Domain-pct.svg",
                "multiqc/multiqc_plots/svg/bracken-top-n-plot_Family-cnt.svg",
                "multiqc/multiqc_plots/svg/bracken-top-n-plot_Family-pct.svg",
                "multiqc/multiqc_plots/svg/bracken-top-n-plot_Genus-cnt.svg",
                "multiqc/multiqc_plots/svg/bracken-top-n-plot_Genus-pct.svg",
                "multiqc/multiqc_plots/svg/bracken-top-n-plot_Kingdom-cnt.svg",
                "multiqc/multiqc_plots/svg/bracken-top-n-plot_Kingdom-pct.svg",
                "multiqc/multiqc_plots/svg/bracken-top-n-plot_Order-cnt.svg",
                "multiqc/multiqc_plots/svg/bracken-top-n-plot_Order-pct.svg",
                "multiqc/multiqc_plots/svg/bracken-top-n-plot_Phylum-cnt.svg",
                "multiqc/multiqc_plots/svg/bracken-top-n-plot_Phylum-pct.svg",
                "multiqc/multiqc_plots/svg/bracken-top-n-plot_Species-cnt.svg",
                "multiqc/multiqc_plots/svg/bracken-top-n-plot_Species-pct.svg",
                "multiqc/multiqc_plots/svg/bracken-top-n-plot_Unclassified-cnt.svg",
                "multiqc/multiqc_plots/svg/bracken-top-n-plot_Unclassified-pct.svg",
                "multiqc/multiqc_plots/svg/centrifuge-top-n-plot_Class-cnt.svg",
                "multiqc/multiqc_plots/svg/centrifuge-top-n-plot_Class-pct.svg",
                "multiqc/multiqc_plots/svg/centrifuge-top-n-plot_Domain-cnt.svg",
                "multiqc/multiqc_plots/svg/centrifuge-top-n-plot_Domain-pct.svg",
                "multiqc/multiqc_plots/svg/centrifuge-top-n-plot_Family-cnt.svg",
                "multiqc/multiqc_plots/svg/centrifuge-top-n-plot_Family-pct.svg",
                "multiqc/multiqc_plots/svg/centrifuge-top-n-plot_Genus-cnt.svg",
                "multiqc/multiqc_plots/svg/centrifuge-top-n-plot_Genus-pct.svg",
                "multiqc/multiqc_plots/svg/centrifuge-top-n-plot_Kingdom-cnt.svg",
                "multiqc/multiqc_plots/svg/centrifuge-top-n-plot_Kingdom-pct.svg",
                "multiqc/multiqc_plots/svg/centrifuge-top-n-plot_Order-cnt.svg",
                "multiqc/multiqc_plots/svg/centrifuge-top-n-plot_Order-pct.svg",
                "multiqc/multiqc_plots/svg/centrifuge-top-n-plot_Phylum-cnt.svg",
                "multiqc/multiqc_plots/svg/centrifuge-top-n-plot_Phylum-pct.svg",
                "multiqc/multiqc_plots/svg/centrifuge-top-n-plot_Species-cnt.svg",
                "multiqc/multiqc_plots/svg/centrifuge-top-n-plot_Species-pct.svg",
                "multiqc/multiqc_plots/svg/centrifuge-top-n-plot_Unclassified-cnt.svg",
                "multiqc/multiqc_plots/svg/centrifuge-top-n-plot_Unclassified-pct.svg",
                "multiqc/multiqc_plots/svg/fastp-insert-size-plot.svg",
                "multiqc/multiqc_plots/svg/fastp-seq-content-gc-plot_Merged_and_filtered.svg",
                "multiqc/multiqc_plots/svg/fastp-seq-content-gc-plot_Read_1_After_filtering.svg",
                "multiqc/multiqc_plots/svg/fastp-seq-content-gc-plot_Read_1_Before_filtering.svg",
                "multiqc/multiqc_plots/svg/fastp-seq-content-gc-plot_Read_2_Before_filtering.svg",
                "multiqc/multiqc_plots/svg/fastp-seq-content-n-plot_Merged_and_filtered.svg",
                "multiqc/multiqc_plots/svg/fastp-seq-content-n-plot_Read_1_After_filtering.svg",
                "multiqc/multiqc_plots/svg/fastp-seq-content-n-plot_Read_1_Before_filtering.svg",
                "multiqc/multiqc_plots/svg/fastp-seq-content-n-plot_Read_2_Before_filtering.svg",
                "multiqc/multiqc_plots/svg/fastp-seq-quality-plot_Merged_and_filtered.svg",
                "multiqc/multiqc_plots/svg/fastp-seq-quality-plot_Read_1_After_filtering.svg",
                "multiqc/multiqc_plots/svg/fastp-seq-quality-plot_Read_1_Before_filtering.svg",
                "multiqc/multiqc_plots/svg/fastp-seq-quality-plot_Read_2_Before_filtering.svg",
                "multiqc/multiqc_plots/svg/fastp_filtered_reads_plot-cnt.svg",
                "multiqc/multiqc_plots/svg/fastp_filtered_reads_plot-pct.svg",
                "multiqc/multiqc_plots/svg/fastqc-1-status-check-heatmap.svg",
                "multiqc/multiqc_plots/svg/fastqc-1_adapter_content_plot.svg",
                "multiqc/multiqc_plots/svg/fastqc-1_overrepresented_sequences_plot.svg",
                "multiqc/multiqc_plots/svg/fastqc-1_per_base_n_content_plot.svg",
                "multiqc/multiqc_plots/svg/fastqc-1_per_base_sequence_quality_plot.svg",
                "multiqc/multiqc_plots/svg/fastqc-1_per_sequence_gc_content_plot_Counts.svg",
                "multiqc/multiqc_plots/svg/fastqc-1_per_sequence_gc_content_plot_Percentages.svg",
                "multiqc/multiqc_plots/svg/fastqc-1_per_sequence_quality_scores_plot.svg",
                "multiqc/multiqc_plots/svg/fastqc-1_sequence_counts_plot-cnt.svg",
                "multiqc/multiqc_plots/svg/fastqc-1_sequence_counts_plot-pct.svg",
                "multiqc/multiqc_plots/svg/fastqc-1_sequence_duplication_levels_plot.svg",
                "multiqc/multiqc_plots/svg/fastqc-1_top_overrepresented_sequences_table.svg",
                "multiqc/multiqc_plots/svg/fastqc-status-check-heatmap.svg",
                "multiqc/multiqc_plots/svg/fastqc_adapter_content_plot.svg",
                "multiqc/multiqc_plots/svg/fastqc_overrepresented_sequences_plot.svg",
                "multiqc/multiqc_plots/svg/fastqc_per_base_n_content_plot.svg",
                "multiqc/multiqc_plots/svg/fastqc_per_base_sequence_quality_plot.svg",
                "multiqc/multiqc_plots/svg/fastqc_per_sequence_gc_content_plot_Counts.svg",
                "multiqc/multiqc_plots/svg/fastqc_per_sequence_gc_content_plot_Percentages.svg",
                "multiqc/multiqc_plots/svg/fastqc_per_sequence_quality_scores_plot.svg",
                "multiqc/multiqc_plots/svg/fastqc_sequence_counts_plot-cnt.svg",
                "multiqc/multiqc_plots/svg/fastqc_sequence_counts_plot-pct.svg",
                "multiqc/multiqc_plots/svg/fastqc_sequence_duplication_levels_plot.svg",
                "multiqc/multiqc_plots/svg/fastqc_sequence_length_distribution_plot.svg",
                "multiqc/multiqc_plots/svg/fastqc_top_overrepresented_sequences_table.svg",
                "multiqc/multiqc_plots/svg/general_stats_table.svg",
                "multiqc/multiqc_plots/svg/kaiju-topfive-plot-cnt.svg",
                "multiqc/multiqc_plots/svg/kaiju-topfive-plot-pct.svg",
                "multiqc/multiqc_plots/svg/kraken-top-n-plot_Class-cnt.svg",
                "multiqc/multiqc_plots/svg/kraken-top-n-plot_Class-pct.svg",
                "multiqc/multiqc_plots/svg/kraken-top-n-plot_Domain-cnt.svg",
                "multiqc/multiqc_plots/svg/kraken-top-n-plot_Domain-pct.svg",
                "multiqc/multiqc_plots/svg/kraken-top-n-plot_Family-cnt.svg",
                "multiqc/multiqc_plots/svg/kraken-top-n-plot_Family-pct.svg",
                "multiqc/multiqc_plots/svg/kraken-top-n-plot_Genus-cnt.svg",
                "multiqc/multiqc_plots/svg/kraken-top-n-plot_Genus-pct.svg",
                "multiqc/multiqc_plots/svg/kraken-top-n-plot_Kingdom-cnt.svg",
                "multiqc/multiqc_plots/svg/kraken-top-n-plot_Kingdom-pct.svg",
                "multiqc/multiqc_plots/svg/kraken-top-n-plot_Order-cnt.svg",
                "multiqc/multiqc_plots/svg/kraken-top-n-plot_Order-pct.svg",
                "multiqc/multiqc_plots/svg/kraken-top-n-plot_Phylum-cnt.svg",
                "multiqc/multiqc_plots/svg/kraken-top-n-plot_Phylum-pct.svg",
                "multiqc/multiqc_plots/svg/kraken-top-n-plot_Species-cnt.svg",
                "multiqc/multiqc_plots/svg/kraken-top-n-plot_Species-pct.svg",
                "multiqc/multiqc_plots/svg/kraken-top-n-plot_Unclassified-cnt.svg",
                "multiqc/multiqc_plots/svg/kraken-top-n-plot_Unclassified-pct.svg",
                "multiqc/multiqc_plots/svg/metaphlan-top-n-plot_Class.svg",
                "multiqc/multiqc_plots/svg/metaphlan-top-n-plot_Family.svg",
                "multiqc/multiqc_plots/svg/metaphlan-top-n-plot_Genus.svg",
                "multiqc/multiqc_plots/svg/metaphlan-top-n-plot_Kingdom.svg",
                "multiqc/multiqc_plots/svg/metaphlan-top-n-plot_Order.svg",
                "multiqc/multiqc_plots/svg/metaphlan-top-n-plot_Phylum.svg",
                "multiqc/multiqc_plots/svg/metaphlan-top-n-plot_Species.svg",
                "multiqc/multiqc_plots/svg/nanoq_plot_length_plot-cnt.svg",
                "multiqc/multiqc_plots/svg/nanoq_plot_length_plot-pct.svg",
                "multiqc/multiqc_plots/svg/nanoq_plot_quality_plot-cnt.svg",
                "multiqc/multiqc_plots/svg/nanoq_plot_quality_plot-pct.svg",
                "multiqc/multiqc_plots/svg/nanoq_table.svg",
                "multiqc/multiqc_plots/svg/nonpareil-redundancy-plot_Combined.svg",
                "multiqc/multiqc_plots/svg/nonpareil-redundancy-plot_Model.svg",
                "multiqc/multiqc_plots/svg/nonpareil-redundancy-plot_Observed.svg",
                "multiqc/multiqc_plots/svg/nonpareil-table.svg",
                "multiqc/multiqc_plots/svg/porechop-endtrim-barplot-cnt.svg",
                "multiqc/multiqc_plots/svg/porechop-endtrim-barplot-pct.svg",
                "multiqc/multiqc_plots/svg/porechop-middlesplit-barplot-cnt.svg",
                "multiqc/multiqc_plots/svg/porechop-middlesplit-barplot-pct.svg",
                "multiqc/multiqc_plots/svg/porechop-starttrim-barplot-cnt.svg",
                "multiqc/multiqc_plots/svg/porechop-starttrim-barplot-pct.svg",
                "multiqc/multiqc_plots/svg/samtools-stats-dp.svg",
                "multiqc/multiqc_plots/svg/samtools_alignment_plot-cnt.svg",
                "multiqc/multiqc_plots/svg/samtools_alignment_plot-pct.svg",
                "multiqc/multiqc_report.html",
                "nanoq",
                "nanoq/ERR3201952_ERR3201952_filtered.stats",
                "nonpareil",
                "nonpareil/2612_ERR5766176.npa",
                "nonpareil/2612_ERR5766176.npc",
                "nonpareil/2612_ERR5766176.npl",
                "nonpareil/2612_ERR5766176.npo",
                "nonpareil/2612_ERR5766176.png",
                "nonpareil/2612_ERR5766176_B.npa",
                "nonpareil/2612_ERR5766176_B.npc",
                "nonpareil/2612_ERR5766176_B.npl",
                "nonpareil/2612_ERR5766176_B.npo",
                "nonpareil/2612_ERR5766176_B.png",
                "nonpareil/2612_ERR5766180.npa",
                "nonpareil/2612_ERR5766180.npc",
                "nonpareil/2612_ERR5766180.npl",
                "nonpareil/2612_ERR5766180.npo",
                "nonpareil/2612_ERR5766180.png",
                "nonpareil/2613_ERR5766181.npa",
                "nonpareil/2613_ERR5766181.npc",
                "nonpareil/2613_ERR5766181.npl",
                "nonpareil/2613_ERR5766181.npo",
                "nonpareil/2613_ERR5766181.png",
                "nonpareil/nonpareil_all_samples.csv",
                "nonpareil/nonpareil_all_samples.json",
                "nonpareil/nonpareil_all_samples.pdf",
                "nonpareil/nonpareil_all_samples.tsv",
                "nonpareil/nonpareil_all_samples_mqc.png",
                "pipeline_info",
                "pipeline_info/nf_core_taxprofiler_software_mqc_versions.yml",
                "porechop_abi",
                "porechop_abi/ERR3201952_ERR3201952_porechop_abi.log",
                "samtools",
                "samtools/2612_ERR5766176.bam.bai",
                "samtools/2612_ERR5766176_B.bam.bai",
                "samtools/2612_ERR5766180.bam.bai",
                "samtools/2613_ERR5766181.bam.bai",
                "samtools/ERR3201952_ERR3201952.bam.bai",
                "samtools/ERR3201952_ERR3201952.unmapped.bam",
                "samtools/stats",
                "samtools/stats/2612_ERR5766176.stats",
                "samtools/stats/2612_ERR5766176_B.stats",
                "samtools/stats/2612_ERR5766180.stats",
                "samtools/stats/2613_ERR5766181.stats",
                "samtools/stats/ERR3201952_ERR3201952.stats",
                "taxpasta",
                "taxpasta/bracken_db1.tsv",
                "taxpasta/centrifuge_db3.tsv",
                "taxpasta/diamond_db1.tsv",
                "taxpasta/diamond_db2.tsv",
                "taxpasta/diamond_db3.tsv",
                "taxpasta/ganon_db1.tsv",
                "taxpasta/kaiju_db5.tsv",
                "taxpasta/kaiju_db6.tsv",
                "taxpasta/kaiju_db7.tsv",
                "taxpasta/kmcp_db1.tsv",
                "taxpasta/kraken2_db1-bracken.tsv",
                "taxpasta/kraken2_db2.tsv",
                "taxpasta/metaphlan_metaphlan3.tsv",
                "taxpasta/metaphlan_metaphlan4.tsv"
            ],
            [
                "2612_ERR5766176.bowtie2.log:md5,9ecf931cf545c9f4777dd4586dd883d2",
                "2612_ERR5766176_B.bowtie2.log:md5,9ecf931cf545c9f4777dd4586dd883d2",
                "2612_ERR5766180.bowtie2.log:md5,a7487ce9c549a7f8fb5694fd0889f929",
                "2613_ERR5766181.bowtie2.log:md5,6cb148fdf3840de7a8a1f5315847817b",
                "bracken_db1_combined_reports.txt:md5,17859fe04d77c4d4c1d7b01013d78d6d",
                "2611_db1.bracken.kraken2.report_bracken.txt:md5,2d098b8c7767c2211984028877ebf977",
                "2611_db1.bracken.tsv:md5,74af1e5c159628b9d746fc53be5409bf",
                "2612_db1.bracken.kraken2.report_bracken.txt:md5,7087bcab68e936a8a9c67caafcbd6183",
                "2612_db1.bracken.tsv:md5,330c1d6f98cbc6d44dec3e83d9eeccd7",
                "2613_db1.bracken.kraken2.report_bracken.txt:md5,dbb20d6c4e8466241bd6882172538701",
                "2613_db1.bracken.tsv:md5,c5f3ff51cfde7124025cb2fe60609139",
                "centrifuge_db3_combined_reports.txt:md5,7812d1cbb6b48ab2af024769d11f247c",
                "2612_db3.centrifuge.mapped.fastq.gz:md5,92b41c2ea9f69bf09f865b6bcad69bad",
                "2612_db3.centrifuge.report.txt:md5,0a6f26622c27cfead610f61164e1c3be",
                "2612_db3.centrifuge.results.txt:md5,41e0781dfaacfe087dca395afba9eae4",
                "2612_db3.centrifuge.txt:md5,ff8aa36ddf249c159ae831e947009554",
                "2612_db3.centrifuge.unmapped.fastq.gz:md5,1c764e5a74782587390458f580e16a24",
                "2613_db3.centrifuge.mapped.fastq.gz:md5,15928e0b151a756854511ecfa3d9ec36",
                "2613_db3.centrifuge.report.txt:md5,51447b7c533fb23c1c5ffb18978662bc",
                "2613_db3.centrifuge.results.txt:md5,717b656f213024fbc9417988d4c8ad5b",
                "2613_db3.centrifuge.txt:md5,312542edb738972229695f68d2868019",
                "2613_db3.centrifuge.unmapped.fastq.gz:md5,9fad2f06639b80abd08154867cf4085f",
                "2611_db1.diamond.log:md5,0c47c1df4b6228349974480ab01a3442",
                "2611_db1.diamond.tsv:md5,4d3baec82aeed53c6fa8803171edd212",
                "2612_db1.diamond.log:md5,524a4b2b719e1ecc76acc75aee29b460",
                "2612_db1.diamond.tsv:md5,4d0f23491dbeb0cfdcc01d7a075ee4db",
                "2613_db1.diamond.log:md5,44503907a7e80756569a781ecfebc4b4",
                "2613_db1.diamond.tsv:md5,99a6b8279e62a98bd9c088209252f19b",
                "2614_db2.diamond.log:md5,92b0016a635fc160ea707b7fd7298904",
                "2614_db2.diamond.tsv:md5,62a9ea046f289061898e522848466406",
                "ERR3201952_db2.diamond.log:md5,250694657d03cdf659e6b12ef81e86ab",
                "ERR3201952_db2.diamond.tsv:md5,dd42da9025aac5ee749510d359beaef9",
                "2611_db3.diamond.log:md5,371635b7914e834b9eb766a86bad484e",
                "2611_db3.diamond.tsv:md5,4d3baec82aeed53c6fa8803171edd212",
                "2612_db3.diamond.log:md5,dabe74b4589ec21ef84bfa2e184efe6c",
                "2612_db3.diamond.tsv:md5,4d0f23491dbeb0cfdcc01d7a075ee4db",
                "2613_db3.diamond.log:md5,09e89a1c1d89dcdbe485760a0394c3ca",
                "2613_db3.diamond.tsv:md5,99a6b8279e62a98bd9c088209252f19b",
                "2614_db3.diamond.log:md5,4f9d29127fa7ea3ad737eb46e6508330",
                "2614_db3.diamond.tsv:md5,62a9ea046f289061898e522848466406",
                "ERR3201952_db3.diamond.log:md5,bf0d7b17639dc10c312c347941a118cc",
                "ERR3201952_db3.diamond.tsv:md5,dd42da9025aac5ee749510d359beaef9",
                "2612_ERR5766176.fastp.html:md5,2a9dc023895513bdc9bd74a3295599f2",
                "2612_ERR5766176.fastp.json:md5,e12b89924832a907afa3ca03353c64c1",
                "2612_ERR5766176.fastp.log:md5,ffc11446b87063b550a2cb963ffcb388",
                "2612_ERR5766176_B.fastp.html:md5,8296192adcb0ddc0025d4fa98ef9b307",
                "2612_ERR5766176_B.fastp.json:md5,a4a9ba893af09bd37d6fe2a196f8381b",
                "2612_ERR5766176_B.fastp.log:md5,8a3fc8a1a154639f0720e3eaa87f9549",
                "2612_ERR5766180.fastp.html:md5,a860cf188c9a51520db5ea34811466d2",
                "2612_ERR5766180.fastp.json:md5,df8cdc52776d81419b71ab70f0b62759",
                "2612_ERR5766180.fastp.log:md5,bd2a0c3999c2161aa299b9547c56e78d",
                "2613_ERR5766181.fastp.html:md5,328eb42b657bb0665c37e118089aacdd",
                "2613_ERR5766181.fastp.json:md5,afe28fe493d5a722398b685ff6868f2c",
                "2613_ERR5766181.fastp.log:md5,b9b914cb7c0d9e116e756613faa36c17",
                "2612_ERR5766176_B_processed_fastqc.html:md5,6941ed351e37b61794692956e24867bf",
                "2612_ERR5766176_B_processed_fastqc.zip:md5,fbe97a14fdf9529df65c339fc1fa3fe7",
                "2612_ERR5766176_processed_fastqc.html:md5,21a3db71fa3a7462dc5c164f5c277536",
                "2612_ERR5766176_processed_fastqc.zip:md5,693d350880c377b141c3ed3be0764a0f",
                "2612_ERR5766180_processed_fastqc.html:md5,75098748e9f078c7099446120c296eb3",
                "2612_ERR5766180_processed_fastqc.zip:md5,8b58c64cff19c1d714192b8a5e755c2c",
                "2613_ERR5766181_processed_fastqc.html:md5,5a5a032601242eb1c7f82ffc05a901ce",
                "2613_ERR5766181_processed_fastqc.zip:md5,566924be21ecac799ad5f2107f2704bd",
                "ERR3201952_ERR3201952_processed_fastqc.html:md5,f2d3742976a6a7662c7e2597e2b5a658",
                "ERR3201952_ERR3201952_processed_fastqc.zip:md5,dde9c73d9bd65f8d8ffe7003da6bb458",
                "2612_ERR5766176_B_raw_1_fastqc.html:md5,31c17ab22c12161649d701afa0ea2cfc",
                "2612_ERR5766176_B_raw_1_fastqc.zip:md5,0dc39e031b3a8f938bb2b61ab6b8da89",
                "2612_ERR5766176_B_raw_2_fastqc.html:md5,2b31394f0647aea34a9c24b60937bbd4",
                "2612_ERR5766176_B_raw_2_fastqc.zip:md5,84af7874d407caee3420e3a49b6724b0",
                "2612_ERR5766176_raw_1_fastqc.html:md5,141faec40bc3967d3bf05cc1532eb4a7",
                "2612_ERR5766176_raw_1_fastqc.zip:md5,cc1afd8d0bf39c8f281070b8fcc26ef8",
                "2612_ERR5766176_raw_2_fastqc.html:md5,1b690b0cbd3faebd40a5a5254d19dcc9",
                "2612_ERR5766176_raw_2_fastqc.zip:md5,af845379f3fd713aeb957f1ee960da86",
                "2612_ERR5766180_raw_fastqc.html:md5,362f2caf57a9ec71fb8c0d1eceedf40a",
                "2612_ERR5766180_raw_fastqc.zip:md5,3917a15428f0714b56262d987d42248b",
                "2613_ERR5766181_raw_1_fastqc.html:md5,aaa170826f5740e631048d50aa66a6a1",
                "2613_ERR5766181_raw_1_fastqc.zip:md5,7d36e5626bcd7a0f99c4916cafec2e70",
                "2613_ERR5766181_raw_2_fastqc.html:md5,1aa500e2dac22c512c3cef68d734603c",
                "2613_ERR5766181_raw_2_fastqc.zip:md5,fdec0f15d83243fb07e92c0e80adec88",
                "ERR3201952_ERR3201952_raw_fastqc.html:md5,8ff78ed7d124da77010ac969b4953b37",
                "ERR3201952_ERR3201952_raw_fastqc.zip:md5,797b8fd2fca529218f35287bd9e56029",
                "2611_db1.ganon.log:md5,4854e3ba60b75e00d069d182c5f10c59",
                "2611_db1.ganon.rep:md5,b1be294d015636784dd66dbc7f3f0f47",
                "2611_db1.ganon.tre:md5,79312ad176987ab97efe79274f9d03f2",
                "2611_db1.ganon_report.tre:md5,f1ca195e1e4d5b82c1b59eca700bfe6b",
                "2612_db1.ganon.log:md5,76cf07c7f8ff87c25ea3435e7800a46f",
                "2612_db1.ganon.rep:md5,317abc9555fe15a76ccf21624f2bdf86",
                "2612_db1.ganon.tre:md5,000eb2b555a822af4e811e777dca64cb",
                "2612_db1.ganon_report.tre:md5,5dc60c860c9201a6addbf2a78e071cc3",
                "2613_db1.ganon.log:md5,6f3e47db75a3d6bffed84a5340e8e1b6",
                "2613_db1.ganon.rep:md5,b7022ac3a8694b0fcb167f7f93d1ceca",
                "2613_db1.ganon.tre:md5,e3c066281504f20484a13d77155731b3",
                "2613_db1.ganon_report.tre:md5,fbae3a22006f64dd08e860399af18e91",
                "ganon_db1_combined_reports.txt:md5,6fcf28c31d75d7799fd218fb8eb6127c",
                "2611_db5.kaiju.tsv:md5,01b3d2c86f36cbd87e123d0789b044fa",
                "2611_db5.kaijutable.txt:md5,f3214a5018e28f797b021b8432e2eb87",
                "2612_db5.kaiju.tsv:md5,1b00efc2059251903b3005cd116538f2",
                "2612_db5.kaijutable.txt:md5,78649ac093c47598e851cd0213c2666f",
                "2613_db5.kaiju.tsv:md5,3d4ff2c9aee381eae4a4c99c889657db",
                "2613_db5.kaijutable.txt:md5,9c3b05cfd60257e3f706de47ce6a6f79",
                "2614_db6.kaiju.tsv:md5,a274fca3675f343d505a29ef4de6334f",
                "2614_db6.kaijutable.txt:md5,c04c99ac5df9ef889b046063d1c88821",
                "ERR3201952_db6.kaiju.tsv:md5,8d283a008ea814493e1ef27ddfe9d34c",
                "ERR3201952_db6.kaijutable.txt:md5,ab65f95a49d6523d95395d4c496ca7e7",
                "2611_db7.kaiju.tsv:md5,de2e4051024dfb6161e38528d7f8d709",
                "2611_db7.kaijutable.txt:md5,b224e2c7fec77b34102941db87502360",
                "2612_db7.kaiju.tsv:md5,508ecafc26b8e3345bf49847333f1135",
                "2612_db7.kaijutable.txt:md5,b083b689bee907b54be955cdd195ae4c",
                "2613_db7.kaiju.tsv:md5,b0c7953f3a33f7d7bf8ccc3bc59ef180",
                "2613_db7.kaijutable.txt:md5,06f6fe28889eccb9471bbc2e72b9a7f5",
                "2614_db7.kaiju.tsv:md5,e5933bff7eaec86c2e16a8cb59a737e8",
                "2614_db7.kaijutable.txt:md5,064d7008d4d7c4969baa150274e2cfb3",
                "ERR3201952_db7.kaiju.tsv:md5,2978823a5953198b737a83672daebc6a",
                "ERR3201952_db7.kaijutable.txt:md5,698ccc695463ed7edb4ec8ec52aec442",
                "kaiju_db5_combined_reports.txt:md5,b96a1d00a8e0e4fa153ebd8e92bd8e7f",
                "kaiju_db6_combined_reports.txt:md5,ffdb454ac4ddb11bfd9d16feae3bd888",
                "kaiju_db7_combined_reports.txt:md5,229a0f55aeb12fe15ac82bbad32c7cd5",
                "2611_db1.kmcp.profile:md5,8b50fa20b6e60078b4e82ee56ad9a687",
                "2612_db1.kmcp.profile:md5,59d06b55c1df0739e92ab6d8ce23cd83",
                "2613_db1.kmcp.profile:md5,3d8c1e51679639d6011e3cb9b679485b",
                "2611_db2.kraken2.classified.fastq.gz:md5,2f0b6dd023a82d79f52432ddd6eb6ad8",
                "2611_db2.kraken2.kraken2.report.txt:md5,6f4f889a483776922a0deede33260277",
                "2611_db2.kraken2.unclassified.fastq.gz:md5,c2e2420f7214561552285add5a996aeb",
                "2612_db2.kraken2.classified.fastq.gz:md5,e808d40a502f67e2af8034bcfe902652",
                "2612_db2.kraken2.kraken2.report.txt:md5,4cd4fba2680a5465139e7424909799bb",
                "2612_db2.kraken2.unclassified.fastq.gz:md5,847ccba325f4201e74fc35b2bb04acd0",
                "2613_db2.kraken2.classified.fastq.gz:md5,56b9d506a649a5aa8c1afe1539bb0846",
                "2613_db2.kraken2.kraken2.report.txt:md5,47f34be432964fda78116d7316b9cd92",
                "2613_db2.kraken2.unclassified.fastq.gz:md5,9c0fe20104ab761f2bb404dd6b67f933",
                "kraken2_db1-bracken_combined_reports.txt:md5,5041aeeaf372fc7e7d06e7e9eb8ba0e7",
                "kraken2_db2_combined_reports.txt:md5,3f0e82a2f537d587388e9f652dcb6a1c",
                "centrifuge_db3.html:md5,77def2245c6a7418a79082be57ddb609",
                "kaiju_db5.html:md5,5e47569d2da6ecc902e0915ddce400db",
                "kaiju_db6.html:md5,6e44915cf25f108a6473c23d1250b713",
                "kaiju_db7.html:md5,65ed0138fd22a9ec79c6225208ecbe6a",
                "kraken2-bracken_db1.html:md5,c4f19b51879ab27cd7e08d7147edc625",
                "kraken2_db2.html:md5,763eaa5e7f0a1db8375d3d477f2a30fd",
                "2611_metaphlan3.metaphlan.biom:md5,f2299e3d48bc9544466fafc6241135f0",
                "2611_metaphlan3.metaphlan.bowtie2out.txt:md5,a6d93493ef4b4aa73edbc81be5a893e3",
                "2611_metaphlan3.metaphlan_profile.txt:md5,f311d17b527c74b0f99c9da39bdc4547",
                "2612_metaphlan3.metaphlan.biom:md5,7d75f75a3dd3e1d06fb86cd3344811b8",
                "2612_metaphlan3.metaphlan.bowtie2out.txt:md5,87a7cab3d9486c401a1fb122ad16f98c",
                "2612_metaphlan3.metaphlan_profile.txt:md5,08665369dca0edfab6701ce846b0a18d",
                "2613_metaphlan3.metaphlan.biom:md5,d25b01357d985c8b212747e31692fced",
                "2613_metaphlan3.metaphlan.bowtie2out.txt:md5,f0e041a679f368ee8be7f2d5285992b3",
                "2613_metaphlan3.metaphlan_profile.txt:md5,c0a6e856b5760be33ab354a8b1834ef2",
                "2611_metaphlan4.metaphlan.biom:md5,dd62287016e0388850bb7038ca6f6f5f",
                "2611_metaphlan4.metaphlan.bowtie2out.txt:md5,a093eab90d6b008846b210f264151e8f",
                "2611_metaphlan4.metaphlan_profile.txt:md5,376038c241dbb67c23545c3b54065d1b",
                "2612_metaphlan4.metaphlan.biom:md5,e6c64fb016a17c85d4b199bc0bdad75b",
                "2612_metaphlan4.metaphlan.bowtie2out.txt:md5,40d97b303dc6990405c16a6089132063",
                "2612_metaphlan4.metaphlan_profile.txt:md5,d95703b44bb0b1c9630cad931ec2bfca",
                "2613_metaphlan4.metaphlan.biom:md5,ef6795cdcc57a07ce511579fbd61a6fd",
                "2613_metaphlan4.metaphlan.bowtie2out.txt:md5,315b1b363b0200ba04fead0916f305f7",
                "2613_metaphlan4.metaphlan_profile.txt:md5,664f01c87ac6c7db874bdd1b9b748d36",
                "metaphlan_metaphlan3_combined_reports.txt:md5,2b3a29d19036090fc5aa0d1d1ed1f25c",
                "metaphlan_metaphlan4_combined_reports.txt:md5,32c167494d4f9d6116469046a9b3b616",
                "bbduk-filtered-barplot_Bases.txt:md5,dfe73be47a1977c5e48edde0012850d2",
                "bbduk-filtered-barplot_Reads.txt:md5,0a150574c3505d9893177500b3848843",
                "bbduk.txt:md5,d609874f85386aeee5241cf7cbedee99",
                "bowtie2_se_plot.txt:md5,53ff943dd50aaed84545d2e9b0982a24",
                "bracken-top-n-plot_Class.txt:md5,87237c0e380cd3fe9cd0ed3d7a4eab64",
                "bracken-top-n-plot_Domain.txt:md5,e5e05914d7fc15676eed967e9f37c623",
                "bracken-top-n-plot_Family.txt:md5,80f89286607db40eac59edfc8390942a",
                "bracken-top-n-plot_Genus.txt:md5,9d4142ac13d4993eb2137c679e82610f",
                "bracken-top-n-plot_Kingdom.txt:md5,bf187d7a5622fd1c075234a2c1ee891e",
                "bracken-top-n-plot_Order.txt:md5,313191af40f54eb4032e72b93ed2f39c",
                "bracken-top-n-plot_Phylum.txt:md5,9fa1cce2c3d165567c8d8aa2931b8787",
                "bracken-top-n-plot_Species.txt:md5,a3691edc05793f3990eb03d8798d5de2",
                "bracken-top-n-plot_Unclassified.txt:md5,bcef5121ddcdf016fb1d32a48cdb0d6b",
                "centrifuge-top-n-plot_Class.txt:md5,9a4f0639ce61df3b7b6add16c8379369",
                "centrifuge-top-n-plot_Domain.txt:md5,6210f32908d611b81448276cf16bedab",
                "centrifuge-top-n-plot_Family.txt:md5,467bf6bb674fc9b2fce16f34f8ca5c12",
                "centrifuge-top-n-plot_Genus.txt:md5,adc02023be180715b9636479c28951b7",
                "centrifuge-top-n-plot_Kingdom.txt:md5,30c23ae4fbc3d57c2d2b5ed41f610379",
                "centrifuge-top-n-plot_Order.txt:md5,1a1fd31c26be0c5b6870bf5dddcce2f6",
                "centrifuge-top-n-plot_Phylum.txt:md5,cab43ca7353c22bbe8dbe56644f1c077",
                "centrifuge-top-n-plot_Species.txt:md5,ba6b02483cd9fe9b3afd5df7db9ed4c5",
                "centrifuge-top-n-plot_Unclassified.txt:md5,ccbfc012308e2f3deef4de8f743c8715",
                "diamond.txt:md5,f0b83aa1edf168868735e6c9a50c9cbd",
                "fastp-insert-size-plot.txt:md5,a4721f7117e9a4d0d2368261c6c317cb",
                "fastp-seq-content-gc-plot_Merged_and_filtered.txt:md5,90e2ae7ae47a3d36dfeb208fcb34e9ee",
                "fastp-seq-content-gc-plot_Read_1_After_filtering.txt:md5,46c7ef5edbdd5b7cf9aee978952703b1",
                "fastp-seq-content-gc-plot_Read_1_Before_filtering.txt:md5,b2f5c2e9c638fdfc8c178b825b470b69",
                "fastp-seq-content-gc-plot_Read_2_Before_filtering.txt:md5,0ef36d13e2ad208ac1733ceb4c6d3002",
                "fastp-seq-content-n-plot_Merged_and_filtered.txt:md5,4dd697394eadcc239118b3ccc2c19af1",
                "fastp-seq-content-n-plot_Read_1_After_filtering.txt:md5,ee3377c7d05d78ce1a83a93f65d0177a",
                "fastp-seq-content-n-plot_Read_1_Before_filtering.txt:md5,8d2d72257a0edc92292f8d97af0b91be",
                "fastp-seq-content-n-plot_Read_2_Before_filtering.txt:md5,8d1526e581b85fe5faeb1a73929f15b6",
                "fastp-seq-quality-plot_Merged_and_filtered.txt:md5,ed74f0cbf647befd1b6be5f0c40b500a",
                "fastp-seq-quality-plot_Read_1_After_filtering.txt:md5,1f9790dfd993075596198e31eaee4a2b",
                "fastp-seq-quality-plot_Read_1_Before_filtering.txt:md5,07c7be5eea4c01e114c195a377679adf",
                "fastp-seq-quality-plot_Read_2_Before_filtering.txt:md5,47dbce903a7146d3fef7b5db7a4d9c37",
                "fastp_filtered_reads_plot.txt:md5,7e15276302c1e762c658a6a478eda0c0",
                "fastqc-1-status-check-heatmap.txt:md5,83e40aeeaed467e2b903f3da61d237ea",
                "fastqc-1_adapter_content_plot.txt:md5,bf91b612332046f32e2c7d9fb24ff277",
                "fastqc-1_overrepresented_sequences_plot.txt:md5,7f6a26826e0cd36a43f424347e1a1182",
                "fastqc-1_per_base_n_content_plot.txt:md5,ed51d601298a247f1e1bf035bf250db3",
                "fastqc-1_per_base_sequence_quality_plot.txt:md5,5ad03df606648d928fdee052273ba906",
                "fastqc-1_per_sequence_gc_content_plot_Counts.txt:md5,75fb76d856937dca6d1772f0efb4b57d",
                "fastqc-1_per_sequence_gc_content_plot_Percentages.txt:md5,53824e5a17669c2acf035847dab65459",
                "fastqc-1_per_sequence_quality_scores_plot.txt:md5,405c34edd2807105154060ecd8a0d5ba",
                "fastqc-1_sequence_counts_plot.txt:md5,791cec0e26d36b53907a67d9e478daba",
                "fastqc-1_sequence_duplication_levels_plot.txt:md5,df96519d25d25546afa3075ab5fd8a18",
                "fastqc-1_top_overrepresented_sequences_table.txt:md5,10d62cca706b098d3594b6e0fc25884e",
                "fastqc-status-check-heatmap.txt:md5,df5f91ddfd2abf23ca38280cb6a23553",
                "fastqc_adapter_content_plot.txt:md5,de8620a1521ee18783b8d1629bcdb187",
                "fastqc_overrepresented_sequences_plot.txt:md5,c8f294c7217e2e54117bce92b423ad2a",
                "fastqc_per_base_n_content_plot.txt:md5,0fd2e51cfe407602217dae7687a57e98",
                "fastqc_per_base_sequence_quality_plot.txt:md5,fd81ff3f1b498a77924dce8af40def6e",
                "fastqc_per_sequence_gc_content_plot_Counts.txt:md5,13fb742df0fe2e1874b4b69e6895afe5",
                "fastqc_per_sequence_gc_content_plot_Percentages.txt:md5,adb10f4a2e6d79f0ec810048c48f4d1b",
                "fastqc_per_sequence_quality_scores_plot.txt:md5,c9cc37439a2ec130dea5b88166003630",
                "fastqc_sequence_counts_plot.txt:md5,004796a97685bdeb02292be79e090673",
                "fastqc_sequence_duplication_levels_plot.txt:md5,104ddfd565e44a30b616ab90519eeee7",
                "fastqc_sequence_length_distribution_plot.txt:md5,d672b2361a33a6e9b5436727693b59f0",
                "kaiju-topfive-plot.txt:md5,77a345dab3e69c2387a7e5f9024e0c4c",
                "kraken-top-n-plot_Class.txt:md5,8d8fc259f6afaac9fe448f8b8cce3e30",
                "kraken-top-n-plot_Domain.txt:md5,958f5d8a793edd4472e548a50eb3975e",
                "kraken-top-n-plot_Family.txt:md5,b18ff85e97568b0df9ee5f9e2ff9b7ae",
                "kraken-top-n-plot_Genus.txt:md5,739d638bde51431f34c96ed1bf33fcf5",
                "kraken-top-n-plot_Kingdom.txt:md5,8509d7b18c0bab724a99340e0e884343",
                "kraken-top-n-plot_Order.txt:md5,9e1f94a76c73134b4c8318bc3f5643f3",
                "kraken-top-n-plot_Phylum.txt:md5,300734bc5a81e78ebd694243195bdc9d",
                "kraken-top-n-plot_Species.txt:md5,6e058299cf17b7e8b2c5d5a61dab201f",
                "kraken-top-n-plot_Unclassified.txt:md5,1cd3fe7d594c48b75abeb4876506c567",
                "metaphlan-top-n-plot_Class.txt:md5,0416525419f2b8680c1270bb2de92e8f",
                "metaphlan-top-n-plot_Family.txt:md5,4bdcefffc6b03f6c81a7be1b6d8423a4",
                "metaphlan-top-n-plot_Genus.txt:md5,7247a2285aadd573354e54c18fb8e150",
                "metaphlan-top-n-plot_Kingdom.txt:md5,38319b9426dc484f527b3a0014e44dbd",
                "metaphlan-top-n-plot_Order.txt:md5,de5779e00324f1aa6f90af36fd2260fa",
                "metaphlan-top-n-plot_Phylum.txt:md5,7e48db57109e18666e761195810e4269",
                "metaphlan-top-n-plot_Species.txt:md5,74ee978d744fb91c3f3b7c8a41a5535c",
                "multiqc_bowtie2.txt:md5,554215fc040f48daec70cd89c39daa77",
                "multiqc_bracken_bracken.txt:md5,cd2fe85ee7421ef8333e1a0443b93a11",
                "multiqc_centrifuge_centrifuge.txt:md5,dee3586501def4053dbe8da29e7a8ec1",
                "multiqc_citations.txt:md5,65e4ee02c12fb6b6e9511895e5d4e0e7",
                "multiqc_fastp.txt:md5,d51c3e754c6fbb6cbeb04e23714a954a",
                "multiqc_fastqc.txt:md5,102978320ef3d5f7c13e284c3a9c001e",
                "multiqc_fastqc_1.txt:md5,38530f03b333d652bd517d470ec19b94",
                "multiqc_general_stats.txt:md5,585310be1b51abdbf1e4d960cfe973bc",
                "multiqc_kaiju_species.txt:md5,1c44a43b6af16dc2886556476436d774",
                "multiqc_kraken.txt:md5,b8e6676096ff103539c01a5dc7fed5f2",
                "multiqc_metaphlan.txt:md5,85cb5b64c4696034ff5044024e6b5a92",
                "multiqc_nanoq.txt:md5,2c11fa0f72906825eb6ae35096ca4833",
                "multiqc_nonpareil.txt:md5,f2732c6f09c355c1f241a95e4ad67502",
                "multiqc_samtools_stats.txt:md5,440ba8eefb707756895cae1e0527cc09",
                "nanoq_plot_length_plot.txt:md5,bb0f08772df4a9688b81ec941079e8f2",
                "nanoq_plot_quality_plot.txt:md5,2dcb65035c092221a3336b0e77f2c1f3",
                "nanoq_table.txt:md5,1703a3218d3773ebe8edf0646cbae2ac",
                "nonpareil-redundancy-plot_Combined.txt:md5,0e9cc9c38d1797e57f74bb7d5429fa14",
                "nonpareil-redundancy-plot_Model.txt:md5,f87f3099a8a44ea362f9fe9462f1938c",
                "nonpareil-redundancy-plot_Observed.txt:md5,d316241214be25ff2f86d51ed4bc2c78",
                "nonpareil-table.txt:md5,67809c4140df727dc2bdfcdb24add46a",
                "porechop-endtrim-barplot.txt:md5,c6d09847eeba4da2910659d96e5c95e4",
                "porechop-middlesplit-barplot.txt:md5,647305f07b7078be0a9284fed8e839e1",
                "porechop-starttrim-barplot.txt:md5,7f2599b65e6a3f27083f4e2119c70dab",
                "porechop_porechop_abi.txt:md5,f1e9009a6279a6a0b7bd79d4aa57b8e8",
                "samtools-stats-dp.txt:md5,98f236a610ad16e985a3a9239162033d",
                "samtools_alignment_plot.txt:md5,41d4a4aa23b6397c7bfc38c9429e3e05",
                "ERR3201952_ERR3201952_filtered.stats:md5,70a916aef496e0335a3125ed3c1397a9",
                "2612_ERR5766176.npa:md5,4743e2fbbe14567f6e6684413dd2a848",
                "2612_ERR5766176.npc:md5,885719c0a5f66367d5ed1f129185f1ee",
                "2612_ERR5766176.npl:md5,533d79d9c5bdd4a119c0597adf4bde00",
                "2612_ERR5766176.npo:md5,35c1540f8b328f07dce086662ba9a5f3",
                "2612_ERR5766176.png:md5,a7f3342f130b2d018a158f1ff467bc69",
                "2612_ERR5766176_B.npa:md5,e7b4b7f8e0aa9012e84b032ec1f4c46a",
                "2612_ERR5766176_B.npc:md5,277f0150efdbcec24ea5274e02eecd7f",
                "2612_ERR5766176_B.npl:md5,a293a4b12dcf80e949e517dc7914b37c",
                "2612_ERR5766176_B.npo:md5,9877bfc83622d95960e3f29c56dfdbd9",
                "2612_ERR5766176_B.png:md5,d00a5bf29e004a0e15f560803e88797a",
                "2612_ERR5766180.npa:md5,2bece0ff07f7a488eeb56f9408b0e485",
                "2612_ERR5766180.npc:md5,e9b75909e902f05bb8677e7d2ceb9d09",
                "2612_ERR5766180.npl:md5,18bd44259a5b1d5a3c8977095015903c",
                "2612_ERR5766180.npo:md5,e1acf7f5a4a41a61438c83b7a3c21c10",
                "2612_ERR5766180.png:md5,ec86ec3f95e6786749b5d5d64153e2a1",
                "2613_ERR5766181.npa:md5,c9b3d867de5f9a082c1b3e7f2db82d30",
                "2613_ERR5766181.npc:md5,1b90fd4658d1ca70c3f7b15a0c18f6fe",
                "2613_ERR5766181.npl:md5,a11c9b46f78bf54e63da742aa40fada8",
                "2613_ERR5766181.npo:md5,74061144490da5a487bbedd2f2a1a514",
                "2613_ERR5766181.png:md5,e410cdb9886f42764378ede4b24bb43a",
                "nonpareil_all_samples.csv:md5,ca2165204e89c24f5f84ddf9479bf889",
                "nonpareil_all_samples.json:md5,2dc3a3c61a03bdfee9098fec67c528f5",
                "nonpareil_all_samples.pdf:md5,24ccd2d3d65282c3810d2ef5941ad228",
                "nonpareil_all_samples.tsv:md5,3148b83ff8ee28921be4e8cf6c2ae884",
                "nonpareil_all_samples_mqc.png:md5,9aa2e0ebb63091b70fc6e33dac3bc30f",
                "ERR3201952_ERR3201952_porechop_abi.log:md5,c58816dee772192da9c9e1faadce3915",
                "2612_ERR5766176.bam.bai:md5,be1bd3ae46257048a445d7509b62180b",
                "2612_ERR5766176_B.bam.bai:md5,72941737164f99ed84cbf050386fd56f",
                "2612_ERR5766180.bam.bai:md5,57fa22bab0598591a56420d006ecb864",
                "2613_ERR5766181.bam.bai:md5,c0475f2e8cc3b5a44bc24a4b2df296f5",
                "ERR3201952_ERR3201952.bam.bai:md5,d740d498753f10a7724c7c0f67ea086a",
                "ERR3201952_ERR3201952.unmapped.bam:md5,8eed2e81a4d5c75aa0858fa006ae63b0",
                "2612_ERR5766176.stats:md5,c3d2b46c22085705f49212c47cf83694",
                "2612_ERR5766176_B.stats:md5,f73cce61c5bdcd4a2139ee419a6f95aa",
                "2612_ERR5766180.stats:md5,fe6e3ffdcb2ef609611ce01e3879e022",
                "2613_ERR5766181.stats:md5,4def2f487801141b82a7d98a9bc98ac2",
                "ERR3201952_ERR3201952.stats:md5,12dfaee15c4fbf4efaa672ba26d2d85e",
                "bracken_db1.tsv:md5,7e314cda347691058189a76614f4de47",
                "centrifuge_db3.tsv:md5,5352e2d3cae9adea40817a9baa74f962",
                "diamond_db1.tsv:md5,a1b4c9e026715fe05c4b60e748234f63",
                "diamond_db2.tsv:md5,a88312576f51a60a0f71167ff10d19c1",
                "diamond_db3.tsv:md5,79a94fd3f6d5a8562fb726f10b64be7a",
                "ganon_db1.tsv:md5,ef396446f0296614486d74b88a9cd95c",
                "kaiju_db5.tsv:md5,09bf7e846247e9e8b87bd73db19c54e9",
                "kaiju_db6.tsv:md5,f6983f8859a9f5bb4151bf938cf7e563",
                "kaiju_db7.tsv:md5,e3a17976c25ed453f254f60e1aa8d74a",
                "kmcp_db1.tsv:md5,733e420738e1349dce9233c3ccb90ca2",
                "kraken2_db1-bracken.tsv:md5,474162f6a14859af1e21388f6666c681",
                "kraken2_db2.tsv:md5,f512aa2220e8dfdd73b3a130abc8c6fd",
                "metaphlan_metaphlan3.tsv:md5,5ae4d31cdfc3a522d919389bf4a63352",
                "metaphlan_metaphlan4.tsv:md5,50bdade1400b44586926d58d4e7d00bd"
            ]
        ],
        "meta": {
            "nf-test": "0.9.2",
            "nextflow": "25.04.2"
        },
        "timestamp": "2025-06-12T12:11:35.792340726"
    }
}