{
    "all_files": {
        "content": [
            [
                "bbduk",
                "bbduk/2612_ERR5766176.bbduk.log",
                "bbduk/2612_ERR5766176_B.bbduk.log",
                "bbduk/2612_ERR5766180.bbduk.log",
                "bbduk/2613_ERR5766181.bbduk.log",
                "bowtie2",
                "bowtie2/align",
                "bowtie2/align/2612_ERR5766176.bowtie2.log",
                "bowtie2/align/2612_ERR5766176_B.bowtie2.log",
                "bowtie2/align/2612_ERR5766180.bowtie2.log",
                "bowtie2/align/2613_ERR5766181.bowtie2.log",
                "bracken",
                "bracken/bracken_db1_combined_reports.txt",
                "bracken/db1",
                "bracken/db1/2611_db1.bracken.kraken2.report_bracken.txt",
                "bracken/db1/2611_db1.bracken.tsv",
                "bracken/db1/2612_db1.bracken.kraken2.report_bracken.txt",
                "bracken/db1/2612_db1.bracken.tsv",
                "bracken/db1/2613_db1.bracken.kraken2.report_bracken.txt",
                "bracken/db1/2613_db1.bracken.tsv",
                "centrifuge",
                "centrifuge/centrifuge_db3_combined_reports.txt",
                "centrifuge/db3",
                "centrifuge/db3/2612_db3.centrifuge.mapped.fastq.gz",
                "centrifuge/db3/2612_db3.centrifuge.report.txt",
                "centrifuge/db3/2612_db3.centrifuge.results.txt",
                "centrifuge/db3/2612_db3.centrifuge.txt",
                "centrifuge/db3/2612_db3.centrifuge.unmapped.fastq.gz",
                "centrifuge/db3/2613_db3.centrifuge.mapped.fastq.gz",
                "centrifuge/db3/2613_db3.centrifuge.report.txt",
                "centrifuge/db3/2613_db3.centrifuge.results.txt",
                "centrifuge/db3/2613_db3.centrifuge.txt",
                "centrifuge/db3/2613_db3.centrifuge.unmapped.fastq.gz",
                "diamond",
                "diamond/db1",
                "diamond/db1/2611_db1.diamond.log",
                "diamond/db1/2611_db1.diamond.tsv",
                "diamond/db1/2612_db1.diamond.log",
                "diamond/db1/2612_db1.diamond.tsv",
                "diamond/db1/2613_db1.diamond.log",
                "diamond/db1/2613_db1.diamond.tsv",
                "diamond/db2",
                "diamond/db2/2614_db2.diamond.log",
                "diamond/db2/2614_db2.diamond.tsv",
                "diamond/db2/ERR3201952_db2.diamond.log",
                "diamond/db2/ERR3201952_db2.diamond.tsv",
                "diamond/db3",
                "diamond/db3/2611_db3.diamond.log",
                "diamond/db3/2611_db3.diamond.tsv",
                "diamond/db3/2612_db3.diamond.log",
                "diamond/db3/2612_db3.diamond.tsv",
                "diamond/db3/2613_db3.diamond.log",
                "diamond/db3/2613_db3.diamond.tsv",
                "diamond/db3/2614_db3.diamond.log",
                "diamond/db3/2614_db3.diamond.tsv",
                "diamond/db3/ERR3201952_db3.diamond.log",
                "diamond/db3/ERR3201952_db3.diamond.tsv",
                "fastp",
                "fastp/2612_ERR5766176.fastp.html",
                "fastp/2612_ERR5766176.fastp.json",
                "fastp/2612_ERR5766176.fastp.log",
                "fastp/2612_ERR5766176_B.fastp.html",
                "fastp/2612_ERR5766176_B.fastp.json",
                "fastp/2612_ERR5766176_B.fastp.log",
                "fastp/2612_ERR5766180.fastp.html",
                "fastp/2612_ERR5766180.fastp.json",
                "fastp/2612_ERR5766180.fastp.log",
                "fastp/2613_ERR5766181.fastp.html",
                "fastp/2613_ERR5766181.fastp.json",
                "fastp/2613_ERR5766181.fastp.log",
                "fastqc",
                "fastqc/processed",
                "fastqc/processed/2612_ERR5766176_B_processed_fastqc.html",
                "fastqc/processed/2612_ERR5766176_B_processed_fastqc.zip",
                "fastqc/processed/2612_ERR5766176_processed_fastqc.html",
                "fastqc/processed/2612_ERR5766176_processed_fastqc.zip",
                "fastqc/processed/2612_ERR5766180_processed_fastqc.html",
                "fastqc/processed/2612_ERR5766180_processed_fastqc.zip",
                "fastqc/processed/2613_ERR5766181_processed_fastqc.html",
                "fastqc/processed/2613_ERR5766181_processed_fastqc.zip",
                "fastqc/processed/ERR3201952_ERR3201952_processed_fastqc.html",
                "fastqc/processed/ERR3201952_ERR3201952_processed_fastqc.zip",
                "fastqc/raw",
                "fastqc/raw/2612_ERR5766176_B_raw_1_fastqc.html",
                "fastqc/raw/2612_ERR5766176_B_raw_1_fastqc.zip",
                "fastqc/raw/2612_ERR5766176_B_raw_2_fastqc.html",
                "fastqc/raw/2612_ERR5766176_B_raw_2_fastqc.zip",
                "fastqc/raw/2612_ERR5766176_raw_1_fastqc.html",
                "fastqc/raw/2612_ERR5766176_raw_1_fastqc.zip",
                "fastqc/raw/2612_ERR5766176_raw_2_fastqc.html",
                "fastqc/raw/2612_ERR5766176_raw_2_fastqc.zip",
                "fastqc/raw/2612_ERR5766180_raw_fastqc.html",
                "fastqc/raw/2612_ERR5766180_raw_fastqc.zip",
                "fastqc/raw/2613_ERR5766181_raw_1_fastqc.html",
                "fastqc/raw/2613_ERR5766181_raw_1_fastqc.zip",
                "fastqc/raw/2613_ERR5766181_raw_2_fastqc.html",
                "fastqc/raw/2613_ERR5766181_raw_2_fastqc.zip",
                "fastqc/raw/ERR3201952_ERR3201952_raw_fastqc.html",
                "fastqc/raw/ERR3201952_ERR3201952_raw_fastqc.zip",
                "ganon",
                "ganon/db1",
                "ganon/db1/2611_db1.ganon.log",
                "ganon/db1/2611_db1.ganon.rep",
                "ganon/db1/2611_db1.ganon.tre",
                "ganon/db1/2611_db1.ganon_report.tre",
                "ganon/db1/2612_db1.ganon.log",
                "ganon/db1/2612_db1.ganon.rep",
                "ganon/db1/2612_db1.ganon.tre",
                "ganon/db1/2612_db1.ganon_report.tre",
                "ganon/db1/2613_db1.ganon.log",
                "ganon/db1/2613_db1.ganon.rep",
                "ganon/db1/2613_db1.ganon.tre",
                "ganon/db1/2613_db1.ganon_report.tre",
                "ganon/ganon_db1_combined_reports.txt",
                "kaiju",
                "kaiju/db5",
                "kaiju/db5/2611_db5.kaiju.tsv",
                "kaiju/db5/2611_db5.kaijutable.txt",
                "kaiju/db5/2612_db5.kaiju.tsv",
                "kaiju/db5/2612_db5.kaijutable.txt",
                "kaiju/db5/2613_db5.kaiju.tsv",
                "kaiju/db5/2613_db5.kaijutable.txt",
                "kaiju/db6",
                "kaiju/db6/2614_db6.kaiju.tsv",
                "kaiju/db6/2614_db6.kaijutable.txt",
                "kaiju/db6/ERR3201952_db6.kaiju.tsv",
                "kaiju/db6/ERR3201952_db6.kaijutable.txt",
                "kaiju/db7",
                "kaiju/db7/2611_db7.kaiju.tsv",
                "kaiju/db7/2611_db7.kaijutable.txt",
                "kaiju/db7/2612_db7.kaiju.tsv",
                "kaiju/db7/2612_db7.kaijutable.txt",
                "kaiju/db7/2613_db7.kaiju.tsv",
                "kaiju/db7/2613_db7.kaijutable.txt",
                "kaiju/db7/2614_db7.kaiju.tsv",
                "kaiju/db7/2614_db7.kaijutable.txt",
                "kaiju/db7/ERR3201952_db7.kaiju.tsv",
                "kaiju/db7/ERR3201952_db7.kaijutable.txt",
                "kaiju/kaiju_db5_combined_reports.txt",
                "kaiju/kaiju_db6_combined_reports.txt",
                "kaiju/kaiju_db7_combined_reports.txt",
                "kmcp",
                "kmcp/db1",
                "kmcp/db1/2611_db1.kmcp.profile",
                "kmcp/db1/2612_db1.kmcp.profile",
                "kmcp/db1/2613_db1.kmcp.profile",
                "kraken2",
                "kraken2/db1",
                "kraken2/db2",
                "kraken2/db2/2611_db2.kraken2.classified.fastq.gz",
                "kraken2/db2/2611_db2.kraken2.kraken2.report.txt",
                "kraken2/db2/2611_db2.kraken2.unclassified.fastq.gz",
                "kraken2/db2/2612_db2.kraken2.classified.fastq.gz",
                "kraken2/db2/2612_db2.kraken2.kraken2.report.txt",
                "kraken2/db2/2612_db2.kraken2.unclassified.fastq.gz",
                "kraken2/db2/2613_db2.kraken2.classified.fastq.gz",
                "kraken2/db2/2613_db2.kraken2.kraken2.report.txt",
                "kraken2/db2/2613_db2.kraken2.unclassified.fastq.gz",
                "kraken2/kraken2_db1-bracken_combined_reports.txt",
                "kraken2/kraken2_db2_combined_reports.txt",
                "krona",
                "krona/centrifuge_db3.html",
                "krona/kaiju_db5.html",
                "krona/kaiju_db6.html",
                "krona/kaiju_db7.html",
                "krona/kraken2-bracken_db1.html",
                "krona/kraken2_db2.html",
                "metaphlan",
                "metaphlan/metaphlan3",
                "metaphlan/metaphlan3/2611_metaphlan3.metaphlan.biom",
                "metaphlan/metaphlan3/2611_metaphlan3.metaphlan.bowtie2out.txt",
                "metaphlan/metaphlan3/2611_metaphlan3.metaphlan.sam",
                "metaphlan/metaphlan3/2611_metaphlan3.metaphlan_profile.txt",
                "metaphlan/metaphlan3/2612_metaphlan3.metaphlan.biom",
                "metaphlan/metaphlan3/2612_metaphlan3.metaphlan.bowtie2out.txt",
                "metaphlan/metaphlan3/2612_metaphlan3.metaphlan.sam",
                "metaphlan/metaphlan3/2612_metaphlan3.metaphlan_profile.txt",
                "metaphlan/metaphlan3/2613_metaphlan3.metaphlan.biom",
                "metaphlan/metaphlan3/2613_metaphlan3.metaphlan.bowtie2out.txt",
                "metaphlan/metaphlan3/2613_metaphlan3.metaphlan.sam",
                "metaphlan/metaphlan3/2613_metaphlan3.metaphlan_profile.txt",
                "metaphlan/metaphlan4",
                "metaphlan/metaphlan4/2611_metaphlan4.metaphlan.biom",
                "metaphlan/metaphlan4/2611_metaphlan4.metaphlan.bowtie2out.txt",
                "metaphlan/metaphlan4/2611_metaphlan4.metaphlan.sam",
                "metaphlan/metaphlan4/2611_metaphlan4.metaphlan_profile.txt",
                "metaphlan/metaphlan4/2612_metaphlan4.metaphlan.biom",
                "metaphlan/metaphlan4/2612_metaphlan4.metaphlan.bowtie2out.txt",
                "metaphlan/metaphlan4/2612_metaphlan4.metaphlan.sam",
                "metaphlan/metaphlan4/2612_metaphlan4.metaphlan_profile.txt",
                "metaphlan/metaphlan4/2613_metaphlan4.metaphlan.biom",
                "metaphlan/metaphlan4/2613_metaphlan4.metaphlan.bowtie2out.txt",
                "metaphlan/metaphlan4/2613_metaphlan4.metaphlan.sam",
                "metaphlan/metaphlan4/2613_metaphlan4.metaphlan_profile.txt",
                "metaphlan/metaphlan_metaphlan3_combined_reports.txt",
                "metaphlan/metaphlan_metaphlan4_combined_reports.txt",
                "multiqc",
                "multiqc/multiqc_data",
                "multiqc/multiqc_data/bbduk-filtered-barplot_Bases.txt",
                "multiqc/multiqc_data/bbduk-filtered-barplot_Reads.txt",
                "multiqc/multiqc_data/bbduk.txt",
                "multiqc/multiqc_data/bowtie2_se_plot.txt",
                "multiqc/multiqc_data/bracken-top-n-plot_Class.txt",
                "multiqc/multiqc_data/bracken-top-n-plot_Domain.txt",
                "multiqc/multiqc_data/bracken-top-n-plot_Family.txt",
                "multiqc/multiqc_data/bracken-top-n-plot_Genus.txt",
                "multiqc/multiqc_data/bracken-top-n-plot_Kingdom.txt",
                "multiqc/multiqc_data/bracken-top-n-plot_Order.txt",
                "multiqc/multiqc_data/bracken-top-n-plot_Phylum.txt",
                "multiqc/multiqc_data/bracken-top-n-plot_Species.txt",
                "multiqc/multiqc_data/bracken-top-n-plot_Unclassified.txt",
                "multiqc/multiqc_data/centrifuge-top-n-plot_Class.txt",
                "multiqc/multiqc_data/centrifuge-top-n-plot_Domain.txt",
                "multiqc/multiqc_data/centrifuge-top-n-plot_Family.txt",
                "multiqc/multiqc_data/centrifuge-top-n-plot_Genus.txt",
                "multiqc/multiqc_data/centrifuge-top-n-plot_Kingdom.txt",
                "multiqc/multiqc_data/centrifuge-top-n-plot_Order.txt",
                "multiqc/multiqc_data/centrifuge-top-n-plot_Phylum.txt",
                "multiqc/multiqc_data/centrifuge-top-n-plot_Species.txt",
                "multiqc/multiqc_data/centrifuge-top-n-plot_Unclassified.txt",
                "multiqc/multiqc_data/diamond.txt",
                "multiqc/multiqc_data/fastp-insert-size-plot.txt",
                "multiqc/multiqc_data/fastp-seq-content-gc-plot_Merged_and_filtered.txt",
                "multiqc/multiqc_data/fastp-seq-content-gc-plot_Read_1_After_filtering.txt",
                "multiqc/multiqc_data/fastp-seq-content-gc-plot_Read_1_Before_filtering.txt",
                "multiqc/multiqc_data/fastp-seq-content-gc-plot_Read_2_Before_filtering.txt",
                "multiqc/multiqc_data/fastp-seq-content-n-plot_Merged_and_filtered.txt",
                "multiqc/multiqc_data/fastp-seq-content-n-plot_Read_1_After_filtering.txt",
                "multiqc/multiqc_data/fastp-seq-content-n-plot_Read_1_Before_filtering.txt",
                "multiqc/multiqc_data/fastp-seq-content-n-plot_Read_2_Before_filtering.txt",
                "multiqc/multiqc_data/fastp-seq-quality-plot_Merged_and_filtered.txt",
                "multiqc/multiqc_data/fastp-seq-quality-plot_Read_1_After_filtering.txt",
                "multiqc/multiqc_data/fastp-seq-quality-plot_Read_1_Before_filtering.txt",
                "multiqc/multiqc_data/fastp-seq-quality-plot_Read_2_Before_filtering.txt",
                "multiqc/multiqc_data/fastp_filtered_reads_plot.txt",
                "multiqc/multiqc_data/fastqc-1-status-check-heatmap.txt",
                "multiqc/multiqc_data/fastqc-1_adapter_content_plot.txt",
                "multiqc/multiqc_data/fastqc-1_overrepresented_sequences_plot.txt",
                "multiqc/multiqc_data/fastqc-1_per_base_n_content_plot.txt",
                "multiqc/multiqc_data/fastqc-1_per_base_sequence_quality_plot.txt",
                "multiqc/multiqc_data/fastqc-1_per_sequence_gc_content_plot_Counts.txt",
                "multiqc/multiqc_data/fastqc-1_per_sequence_gc_content_plot_Percentages.txt",
                "multiqc/multiqc_data/fastqc-1_per_sequence_quality_scores_plot.txt",
                "multiqc/multiqc_data/fastqc-1_sequence_counts_plot.txt",
                "multiqc/multiqc_data/fastqc-1_sequence_duplication_levels_plot.txt",
                "multiqc/multiqc_data/fastqc-1_top_overrepresented_sequences_table.txt",
                "multiqc/multiqc_data/fastqc-status-check-heatmap.txt",
                "multiqc/multiqc_data/fastqc_adapter_content_plot.txt",
                "multiqc/multiqc_data/fastqc_overrepresented_sequences_plot.txt",
                "multiqc/multiqc_data/fastqc_per_base_n_content_plot.txt",
                "multiqc/multiqc_data/fastqc_per_base_sequence_quality_plot.txt",
                "multiqc/multiqc_data/fastqc_per_sequence_gc_content_plot_Counts.txt",
                "multiqc/multiqc_data/fastqc_per_sequence_gc_content_plot_Percentages.txt",
                "multiqc/multiqc_data/fastqc_per_sequence_quality_scores_plot.txt",
                "multiqc/multiqc_data/fastqc_sequence_counts_plot.txt",
                "multiqc/multiqc_data/fastqc_sequence_duplication_levels_plot.txt",
                "multiqc/multiqc_data/fastqc_sequence_length_distribution_plot.txt",
                "multiqc/multiqc_data/fastqc_top_overrepresented_sequences_table.txt",
                "multiqc/multiqc_data/kaiju-topfive-plot.txt",
                "multiqc/multiqc_data/kraken-top-n-plot_Class.txt",
                "multiqc/multiqc_data/kraken-top-n-plot_Domain.txt",
                "multiqc/multiqc_data/kraken-top-n-plot_Family.txt",
                "multiqc/multiqc_data/kraken-top-n-plot_Genus.txt",
                "multiqc/multiqc_data/kraken-top-n-plot_Kingdom.txt",
                "multiqc/multiqc_data/kraken-top-n-plot_Order.txt",
                "multiqc/multiqc_data/kraken-top-n-plot_Phylum.txt",
                "multiqc/multiqc_data/kraken-top-n-plot_Species.txt",
                "multiqc/multiqc_data/kraken-top-n-plot_Unclassified.txt",
                "multiqc/multiqc_data/llms-full.txt",
                "multiqc/multiqc_data/metaphlan-top-n-plot_Class.txt",
                "multiqc/multiqc_data/metaphlan-top-n-plot_Family.txt",
                "multiqc/multiqc_data/metaphlan-top-n-plot_Genus.txt",
                "multiqc/multiqc_data/metaphlan-top-n-plot_Kingdom.txt",
                "multiqc/multiqc_data/metaphlan-top-n-plot_Order.txt",
                "multiqc/multiqc_data/metaphlan-top-n-plot_Phylum.txt",
                "multiqc/multiqc_data/metaphlan-top-n-plot_Species.txt",
                "multiqc/multiqc_data/multiqc.log",
                "multiqc/multiqc_data/multiqc.parquet",
                "multiqc/multiqc_data/multiqc_bowtie2.txt",
                "multiqc/multiqc_data/multiqc_bracken_bracken.txt",
                "multiqc/multiqc_data/multiqc_centrifuge_centrifuge.txt",
                "multiqc/multiqc_data/multiqc_citations.txt",
                "multiqc/multiqc_data/multiqc_data.json",
                "multiqc/multiqc_data/multiqc_fastp.txt",
                "multiqc/multiqc_data/multiqc_fastqc.txt",
                "multiqc/multiqc_data/multiqc_fastqc_fastqc-1.txt",
                "multiqc/multiqc_data/multiqc_general_stats.txt",
                "multiqc/multiqc_data/multiqc_kaiju_species.txt",
                "multiqc/multiqc_data/multiqc_kraken.txt",
                "multiqc/multiqc_data/multiqc_metaphlan.txt",
                "multiqc/multiqc_data/multiqc_nanoq.txt",
                "multiqc/multiqc_data/multiqc_nonpareil.txt",
                "multiqc/multiqc_data/multiqc_samtools_stats.txt",
                "multiqc/multiqc_data/multiqc_software_versions.txt",
                "multiqc/multiqc_data/multiqc_sources.txt",
                "multiqc/multiqc_data/nanoq_plot_length_plot.txt",
                "multiqc/multiqc_data/nanoq_plot_quality_plot.txt",
                "multiqc/multiqc_data/nanoq_table.txt",
                "multiqc/multiqc_data/nonpareil-redundancy-plot_Combined.txt",
                "multiqc/multiqc_data/nonpareil-redundancy-plot_Model.txt",
                "multiqc/multiqc_data/nonpareil-redundancy-plot_Observed.txt",
                "multiqc/multiqc_data/nonpareil-table.txt",
                "multiqc/multiqc_data/porechop-endtrim-barplot.txt",
                "multiqc/multiqc_data/porechop-middlesplit-barplot.txt",
                "multiqc/multiqc_data/porechop-starttrim-barplot.txt",
                "multiqc/multiqc_data/porechop_porechop_abi.txt",
                "multiqc/multiqc_data/samtools-stats-dp.txt",
                "multiqc/multiqc_data/samtools_alignment_plot.txt",
                "multiqc/multiqc_plots",
                "multiqc/multiqc_plots/pdf",
                "multiqc/multiqc_plots/png",
                "multiqc/multiqc_plots/svg",
                "multiqc/multiqc_report.html",
                "nanoq",
                "nanoq/ERR3201952_ERR3201952_filtered.stats",
                "nonpareil",
                "nonpareil/2612_ERR5766176.npa",
                "nonpareil/2612_ERR5766176.npc",
                "nonpareil/2612_ERR5766176.npl",
                "nonpareil/2612_ERR5766176.npo",
                "nonpareil/2612_ERR5766176.png",
                "nonpareil/2612_ERR5766176_B.npa",
                "nonpareil/2612_ERR5766176_B.npc",
                "nonpareil/2612_ERR5766176_B.npl",
                "nonpareil/2612_ERR5766176_B.npo",
                "nonpareil/2612_ERR5766176_B.png",
                "nonpareil/2612_ERR5766180.npa",
                "nonpareil/2612_ERR5766180.npc",
                "nonpareil/2612_ERR5766180.npl",
                "nonpareil/2612_ERR5766180.npo",
                "nonpareil/2612_ERR5766180.png",
                "nonpareil/2613_ERR5766181.npa",
                "nonpareil/2613_ERR5766181.npc",
                "nonpareil/2613_ERR5766181.npl",
                "nonpareil/2613_ERR5766181.npo",
                "nonpareil/2613_ERR5766181.png",
                "nonpareil/nonpareil_all_samples.csv",
                "nonpareil/nonpareil_all_samples.json",
                "nonpareil/nonpareil_all_samples.pdf",
                "nonpareil/nonpareil_all_samples.tsv",
                "nonpareil/nonpareil_all_samples_mqc.png",
                "pipeline_info",
                "pipeline_info/nf_core_taxprofiler_software_mqc_versions.yml",
                "porechop_abi",
                "porechop_abi/ERR3201952_ERR3201952_porechop_abi.log",
                "samtools",
                "samtools/stats",
                "samtools/stats/2612_ERR5766176.stats",
                "samtools/stats/2612_ERR5766176_B.stats",
                "samtools/stats/2612_ERR5766180.stats",
                "samtools/stats/2613_ERR5766181.stats",
                "samtools/stats/ERR3201952_ERR3201952.stats",
                "taxpasta",
                "taxpasta/bracken_db1.tsv",
                "taxpasta/centrifuge_db3.tsv",
                "taxpasta/diamond_db1.tsv",
                "taxpasta/diamond_db2.tsv",
                "taxpasta/diamond_db3.tsv",
                "taxpasta/ganon_db1.tsv",
                "taxpasta/kaiju_db5.tsv",
                "taxpasta/kaiju_db6.tsv",
                "taxpasta/kaiju_db7.tsv",
                "taxpasta/kmcp_db1.tsv",
                "taxpasta/kraken2_db1-bracken.tsv",
                "taxpasta/kraken2_db2.tsv",
                "taxpasta/metaphlan_metaphlan3.tsv",
                "taxpasta/metaphlan_metaphlan4.tsv"
            ]
        ],
        "meta": {
            "nf-test": "0.9.3",
            "nextflow": "25.04.8"
        },
        "timestamp": "2026-02-17T13:37:15.734876301"
    },
    "krona": {
        "content": [
            [
                "centrifuge_db3.html exists:true",
                "kaiju_db5.html exists:true",
                "kaiju_db6.html exists:true",
                "kaiju_db7.html exists:true",
                "kraken2-bracken_db1.html exists:true",
                "kraken2_db2.html exists:true"
            ],
            [
                "centrifuge_db3.html",
                "kaiju_db5.html",
                "kaiju_db6.html",
                "kaiju_db7.html",
                "kraken2-bracken_db1.html",
                "kraken2_db2.html"
            ]
        ],
        "meta": {
            "nf-test": "0.9.3",
            "nextflow": "25.04.8"
        },
        "timestamp": "2026-02-17T12:05:59.137215214"
    },
    "bowtie2": {
        "content": [
            [
                "2612_ERR5766176.bowtie2.log:md5,9ecf931cf545c9f4777dd4586dd883d2",
                "2612_ERR5766176_B.bowtie2.log:md5,9ecf931cf545c9f4777dd4586dd883d2",
                "2612_ERR5766180.bowtie2.log:md5,a7487ce9c549a7f8fb5694fd0889f929",
                "2613_ERR5766181.bowtie2.log:md5,6cb148fdf3840de7a8a1f5315847817b"
            ]
        ],
        "meta": {
            "nf-test": "0.9.3",
            "nextflow": "25.04.8"
        },
        "timestamp": "2026-02-17T12:04:35.313968387"
    },
    "nanoq": {
        "content": [
            [
                "ERR3201952_ERR3201952_filtered.stats"
            ]
        ],
        "meta": {
            "nf-test": "0.9.3",
            "nextflow": "25.04.8"
        },
        "timestamp": "2026-02-17T12:06:15.904412033"
    },
    "samtools": {
        "content": [
            [
                "2612_ERR5766176.stats:md5,14ac2eb1b383e7f9be7514ebd1a39b0f",
                "2612_ERR5766176_B.stats:md5,f1ab2d05e62dcafe2ac865318b6ef6bf",
                "2612_ERR5766180.stats:md5,73eb6b8421a3c094a3bbb6667035bf10",
                "2613_ERR5766181.stats:md5,d082f298244d082f095c1febb4c51ce4",
                "ERR3201952_ERR3201952.stats:md5,4b27072b8c9224f1eefece14d3977d27"
            ]
        ],
        "meta": {
            "nf-test": "0.9.3",
            "nextflow": "25.04.8"
        },
        "timestamp": "2026-02-17T12:06:40.94364161"
    },
    "taxpasta": {
        "content": [
            "bracken_db1.tsv contains string:'9606':true",
            "centrifuge_db3.tsv contains string:'131567':true",
            "diamond_db1.tsv contains string:'8058':true",
            "diamond_db2.tsv contains string:'taxonomy_id':true",
            "diamond_db3.tsv contains string:'8058':true",
            "ganon_db1.tsv contains string:'taxonomy_id':true",
            "kaiju_db5.tsv contains string:'10239':true",
            "kaiju_db6.tsv contains string:'10239':true",
            "kaiju_db7.tsv contains string:'10239':true",
            "kmcp_db1.tsv contains string:'9606':true",
            "kraken2_db1-bracken.tsv contains string:'131567':true",
            "kraken2_db2.tsv contains string:'131567':true",
            "metaphlan_metaphlan3.tsv contains string:'taxonomy_id':true",
            "metaphlan_metaphlan4.tsv contains string:'1239':true",
            [
                "bracken_db1.tsv",
                "centrifuge_db3.tsv",
                "diamond_db1.tsv",
                "diamond_db2.tsv",
                "diamond_db3.tsv",
                "ganon_db1.tsv",
                "kaiju_db5.tsv",
                "kaiju_db6.tsv",
                "kaiju_db7.tsv",
                "kmcp_db1.tsv",
                "kraken2_db1-bracken.tsv",
                "kraken2_db2.tsv",
                "metaphlan_metaphlan3.tsv",
                "metaphlan_metaphlan4.tsv"
            ]
        ],
        "meta": {
            "nf-test": "0.9.3",
            "nextflow": "25.04.8"
        },
        "timestamp": "2026-02-17T12:06:49.316729548"
    },
    "bbduk": {
        "content": [
            [
                "2612_ERR5766176.bbduk.log contains string:true",
                "2612_ERR5766176_B.bbduk.log contains string:true",
                "2612_ERR5766180.bbduk.log contains string:true",
                "2613_ERR5766181.bbduk.log contains string:true"
            ],
            [
                "2612_ERR5766176.bbduk.log",
                "2612_ERR5766176_B.bbduk.log",
                "2612_ERR5766180.bbduk.log",
                "2613_ERR5766181.bbduk.log"
            ]
        ],
        "meta": {
            "nf-test": "0.9.3",
            "nextflow": "25.04.8"
        },
        "timestamp": "2026-02-17T12:04:27.004465195"
    },
    "ganon": {
        "content": [
            [
                "2611_db1.ganon.log contains string:true",
                "2612_db1.ganon.log contains string:true",
                "2613_db1.ganon.log contains string:true"
            ],
            [
                "2611_db1.ganon.rep contains string:true",
                "2612_db1.ganon.rep contains string:true",
                "2613_db1.ganon.rep contains string:true"
            ],
            [
                "2611_db1.ganon.tre contains string:true",
                "2611_db1.ganon_report.tre contains string:true",
                "2612_db1.ganon.tre contains string:true",
                "2612_db1.ganon_report.tre contains string:true",
                "2613_db1.ganon.tre contains string:true",
                "2613_db1.ganon_report.tre contains string:true"
            ],
            "ganon_db1_combined_reports.txt contains string 'root':true",
            [
                "db1/2611_db1.ganon.log",
                "db1/2611_db1.ganon.rep",
                "db1/2611_db1.ganon.tre",
                "db1/2611_db1.ganon_report.tre",
                "db1/2612_db1.ganon.log",
                "db1/2612_db1.ganon.rep",
                "db1/2612_db1.ganon.tre",
                "db1/2612_db1.ganon_report.tre",
                "db1/2613_db1.ganon.log",
                "db1/2613_db1.ganon.rep",
                "db1/2613_db1.ganon.tre",
                "db1/2613_db1.ganon_report.tre",
                "ganon_db1_combined_reports.txt"
            ]
        ],
        "meta": {
            "nf-test": "0.9.3",
            "nextflow": "25.04.8"
        },
        "timestamp": "2026-02-17T12:05:21.128026338"
    },
    "kaiju": {
        "content": [
            "2611_db5.kaijutable.txt contains string '10239':true",
            "2611_db5.kaiju.tsv contains string 'ERR5766174.4':true",
            "2612_db5.kaijutable.txt contains string '10239':true",
            "2612_db5.kaiju.tsv contains string 'ERR5766180.602':true",
            "2613_db5.kaijutable.txt contains string '10239':true",
            "2613_db5.kaiju.tsv contains string 'ERR5766181.1':true",
            "kaiju_db5_combined_reports.txt contains string '10239':true",
            "2614_db6.kaijutable.txt contains string '10239':true",
            "2614_db6.kaiju.tsv contains string 'ERR3201952.1794060':true",
            "ERR3201952_db6.kaijutable.txt contains string 'Viruses':true",
            "ERR3201952_db6.kaiju.tsv contains string 'ERR3201952.1159044':true",
            "kaiju_db6_combined_reports.txt contains string '10239':true",
            "2611_db7.kaijutable.txt contains string '10239':true",
            "2611_db7.kaiju.tsv contains string 'ERR5766174.4':true",
            "2612_db7.kaijutable.txt contains string '10239':true",
            "2612_db7.kaiju.tsv contains string 'ERR5766180.602':true",
            "2613_db7.kaijutable.txt contains string '10239':true",
            "2613_db7.kaiju.tsv contains string 'ERR5766181.2':true",
            "2614_db7.kaijutable.txt contains string '10239':true",
            "2614_db7.kaiju.tsv contains string 'ERR3201952.1794060':true",
            "ERR3201952_db7.kaijutable.txt contains string '10239':true",
            "ERR3201952_db7.kaiju.tsv contains string 'ERR3201952.1159044':true",
            "kaiju_db7_combined_reports.txt contains string '10239':true"
        ],
        "meta": {
            "nf-test": "0.9.3",
            "nextflow": "25.04.8"
        },
        "timestamp": "2026-02-17T12:05:29.845059768"
    },
    "bracken": {
        "content": [
            [
                "bracken_db1_combined_reports.txt:md5,b2ed57d8f683210cc0e306abdef12c3d",
                "2611_db1.bracken.kraken2.report_bracken.txt:md5,2d098b8c7767c2211984028877ebf977",
                "2611_db1.bracken.tsv:md5,74af1e5c159628b9d746fc53be5409bf",
                "2612_db1.bracken.kraken2.report_bracken.txt:md5,7087bcab68e936a8a9c67caafcbd6183",
                "2612_db1.bracken.tsv:md5,330c1d6f98cbc6d44dec3e83d9eeccd7",
                "2613_db1.bracken.kraken2.report_bracken.txt:md5,56647e7054f565a9affaabd5b18b4bd8",
                "2613_db1.bracken.tsv:md5,751961958ba36955dc0867e314d9da8b"
            ]
        ],
        "meta": {
            "nf-test": "0.9.3",
            "nextflow": "25.04.8"
        },
        "timestamp": "2026-02-17T12:04:43.578562214"
    },
    "diamond": {
        "content": [
            [
                "2611_db1.diamond.log contains string:true",
                "2612_db1.diamond.log contains string:true",
                "2613_db1.diamond.log contains string:true",
                "2614_db2.diamond.log contains string:true",
                "ERR3201952_db2.diamond.log contains string:true",
                "2611_db3.diamond.log contains string:true",
                "2612_db3.diamond.log contains string:true",
                "2613_db3.diamond.log contains string:true",
                "2614_db3.diamond.log contains string:true",
                "ERR3201952_db3.diamond.log contains string:true"
            ],
            "2611_db1.diamond.tsv contains string 'ERR5766174.77':true",
            "2612_db1.diamond.tsv contains string 'ERR5766180.773':true",
            "2613_db1.diamond.tsv contains string 'ERR5766181.59':true",
            "2614_db2.diamond.tsv contains string 'ERR3201952.882919':true",
            "ERR3201952_db2.diamond.tsv contains string 'ERR3201952.882919':true",
            "2611_db3.diamond.tsv contains string 'ERR5766174.77':true",
            "2612_db3.diamond.tsv contains string 'ERR5766180.773':true",
            "2613_db3.diamond.tsv contains string 'ERR5766181.59':true",
            "2614_db3.diamond.tsv contains string 'ERR3201952.882919':true",
            "ERR3201952_db3.diamond.tsv contains string 'ERR3201952.882919':true",
            [
                "db1/2611_db1.diamond.log",
                "db1/2611_db1.diamond.tsv",
                "db1/2612_db1.diamond.log",
                "db1/2612_db1.diamond.tsv",
                "db1/2613_db1.diamond.log",
                "db1/2613_db1.diamond.tsv",
                "db2/2614_db2.diamond.log",
                "db2/2614_db2.diamond.tsv",
                "db2/ERR3201952_db2.diamond.log",
                "db2/ERR3201952_db2.diamond.tsv",
                "db3/2611_db3.diamond.log",
                "db3/2611_db3.diamond.tsv",
                "db3/2612_db3.diamond.log",
                "db3/2612_db3.diamond.tsv",
                "db3/2613_db3.diamond.log",
                "db3/2613_db3.diamond.tsv",
                "db3/2614_db3.diamond.log",
                "db3/2614_db3.diamond.tsv",
                "db3/ERR3201952_db3.diamond.log",
                "db3/ERR3201952_db3.diamond.tsv"
            ]
        ],
        "meta": {
            "nf-test": "0.9.3",
            "nextflow": "25.04.8"
        },
        "timestamp": "2026-02-17T12:05:04.514881038"
    },
    "metaphlan": {
        "content": [
            [
                "2611_metaphlan3.metaphlan.biom contains string:true",
                "2612_metaphlan3.metaphlan.biom contains string:true",
                "2613_metaphlan3.metaphlan.biom contains string:true",
                "2611_metaphlan4.metaphlan.biom contains string:true",
                "2612_metaphlan4.metaphlan.biom contains string:true",
                "2613_metaphlan4.metaphlan.biom contains string:true"
            ],
            [
                "2611_metaphlan3.metaphlan.bowtie2out.txt contains string:true",
                "2612_metaphlan3.metaphlan.bowtie2out.txt contains string:true",
                "2613_metaphlan3.metaphlan.bowtie2out.txt contains string:true",
                "2611_metaphlan4.metaphlan.bowtie2out.txt contains string:true",
                "2612_metaphlan4.metaphlan.bowtie2out.txt contains string:true",
                "2613_metaphlan4.metaphlan.bowtie2out.txt contains string:true"
            ],
            [
                "2611_metaphlan3.metaphlan_profile.txt contains string:true",
                "2612_metaphlan3.metaphlan_profile.txt contains string:true",
                "2613_metaphlan3.metaphlan_profile.txt contains string:true",
                "2611_metaphlan4.metaphlan_profile.txt contains string:true",
                "2612_metaphlan4.metaphlan_profile.txt contains string:true",
                "2613_metaphlan4.metaphlan_profile.txt contains string:true"
            ],
            "metaphlan_metaphlan3_combined_reports.txt contains string: 'UNCLASSIFIED':true",
            "metaphlan_metaphlan4_combined_reports.txt contains string: 't__SGB4933_group':true",
            [
                "metaphlan3/2611_metaphlan3.metaphlan.biom",
                "metaphlan3/2611_metaphlan3.metaphlan.bowtie2out.txt",
                "metaphlan3/2611_metaphlan3.metaphlan.sam",
                "metaphlan3/2611_metaphlan3.metaphlan_profile.txt",
                "metaphlan3/2612_metaphlan3.metaphlan.biom",
                "metaphlan3/2612_metaphlan3.metaphlan.bowtie2out.txt",
                "metaphlan3/2612_metaphlan3.metaphlan.sam",
                "metaphlan3/2612_metaphlan3.metaphlan_profile.txt",
                "metaphlan3/2613_metaphlan3.metaphlan.biom",
                "metaphlan3/2613_metaphlan3.metaphlan.bowtie2out.txt",
                "metaphlan3/2613_metaphlan3.metaphlan.sam",
                "metaphlan3/2613_metaphlan3.metaphlan_profile.txt",
                "metaphlan4/2611_metaphlan4.metaphlan.biom",
                "metaphlan4/2611_metaphlan4.metaphlan.bowtie2out.txt",
                "metaphlan4/2611_metaphlan4.metaphlan.sam",
                "metaphlan4/2611_metaphlan4.metaphlan_profile.txt",
                "metaphlan4/2612_metaphlan4.metaphlan.biom",
                "metaphlan4/2612_metaphlan4.metaphlan.bowtie2out.txt",
                "metaphlan4/2612_metaphlan4.metaphlan.sam",
                "metaphlan4/2612_metaphlan4.metaphlan_profile.txt",
                "metaphlan4/2613_metaphlan4.metaphlan.biom",
                "metaphlan4/2613_metaphlan4.metaphlan.bowtie2out.txt",
                "metaphlan4/2613_metaphlan4.metaphlan.sam",
                "metaphlan4/2613_metaphlan4.metaphlan_profile.txt",
                "metaphlan_metaphlan3_combined_reports.txt",
                "metaphlan_metaphlan4_combined_reports.txt"
            ]
        ],
        "meta": {
            "nf-test": "0.9.3",
            "nextflow": "25.04.8"
        },
        "timestamp": "2026-02-17T12:06:07.531255929"
    },
    "porechop_abi": {
        "content": [
            "ERR3201952_ERR3201952_porechop_abi.log contains string: 'Looking for known adapter':true",
            [
                "ERR3201952_ERR3201952_porechop_abi.log"
            ]
        ],
        "meta": {
            "nf-test": "0.9.3",
            "nextflow": "25.04.8"
        },
        "timestamp": "2026-02-17T12:06:32.608526224"
    },
    "kraken2": {
        "content": [
            "2611_db2.kraken2.kraken2.report.txt contains string:'Homo sapiens':true",
            "2611_db2.kraken2.classified.fastq.gz contains string 'ERR5766174.15494 kraken:taxid|559292':[>ERR5766174.15494 kraken:taxid|559292]",
            "2611_db2.kraken2.unclassified.fastq.gz contains string '>ERR5766174.184799':[>ERR5766174.184799]",
            "2612_db2.kraken2.kraken2.report.txt contains string:'Saccharomyces cerevisiae S288C':true",
            "2612_db2.kraken2.classified.fastq.gz contains string:'@ERR5766180.35963':[@ERR5766180.35963 kraken:taxid|9606]",
            "2612_db2.kraken2.unclassified.fastq.gz contains string:'@ERR5766180.601927':[@ERR5766180.601927]",
            "2613_db2.kraken2.kraken2.report.txt contains string:'Saccharomyces cerevisiae S288C':true",
            "2613_db2.kraken2.classified.fastq.gz contains string:'@ERR5766181.6866':[@ERR5766181.6866 kraken:taxid|9606]",
            "2613_db2.kraken2.unclassified.fastq.gz contains string:'@ERR5766181.108601':[@ERR5766181.108601]",
            "kraken2_db1-bracken_combined_reports.txt contains string:'Saccharomyces cerevisiae S288C':true",
            "kraken2_db2_combined_reports.txt contains string:'Saccharomyces cerevisiae S288C':true",
            [
                "db2/2611_db2.kraken2.classified.fastq.gz",
                "db2/2611_db2.kraken2.kraken2.report.txt",
                "db2/2611_db2.kraken2.unclassified.fastq.gz",
                "db2/2612_db2.kraken2.classified.fastq.gz",
                "db2/2612_db2.kraken2.kraken2.report.txt",
                "db2/2612_db2.kraken2.unclassified.fastq.gz",
                "db2/2613_db2.kraken2.classified.fastq.gz",
                "db2/2613_db2.kraken2.kraken2.report.txt",
                "db2/2613_db2.kraken2.unclassified.fastq.gz",
                "kraken2_db1-bracken_combined_reports.txt",
                "kraken2_db2_combined_reports.txt"
            ]
        ],
        "meta": {
            "nf-test": "0.9.3",
            "nextflow": "25.04.8"
        },
        "timestamp": "2026-02-17T12:05:50.784495946"
    },
    "-profile test": {
        "content": [
            {
                "BBMAP_BBDUK": {
                    "bbmap": 39.18
                },
                "BOWTIE2_ALIGN": {
                    "bowtie2": "2.5.4",
                    "samtools": 1.21,
                    "pigz": 2.8
                },
                "BOWTIE2_BUILD": {
                    "bowtie2": "2.5.4"
                },
                "BRACKEN_BRACKEN": {
                    "bracken": "3.0.1"
                },
                "CENTRIFUGE_CENTRIFUGE": {
                    "centrifuge": "1.0.4"
                },
                "CENTRIFUGE_KREPORT": {
                    "centrifuge": "1.0.4"
                },
                "DIAMOND_BLASTX": {
                    "diamond": "2.1.12"
                },
                "FASTP_PAIRED": {
                    "fastp": "0.24.0"
                },
                "FASTP_SINGLE": {
                    "fastp": "0.24.0"
                },
                "FASTQC": {
                    "fastqc": "0.12.1"
                },
                "FASTQC_PROCESSED": {
                    "fastqc": "0.12.1"
                },
                "GANON_CLASSIFY": {
                    "ganon": "2.1.0"
                },
                "GANON_REPORT": {
                    "ganon": "2.1.0"
                },
                "GANON_TABLE": {
                    "ganon": "2.1.0"
                },
                "KAIJU_KAIJU2KRONA": {
                    "kaiju": "1.10.0"
                },
                "KAIJU_KAIJU2TABLE_COMBINED": {
                    "kaiju": "1.10.0"
                },
                "KAIJU_KAIJU2TABLE_SINGLE": {
                    "kaiju": "1.10.0"
                },
                "KAIJU_KAIJU": {
                    "kaiju": "1.10.0"
                },
                "KMCP_PROFILE": {
                    "kmcp": "0.9.4"
                },
                "KMCP_SEARCH": {
                    "kmcp": "0.9.4"
                },
                "KRAKEN2_KRAKEN2": {
                    "kraken2": "2.1.5",
                    "pigz": 2.8
                },
                "KRAKENTOOLS_COMBINEKREPORTS_CENTRIFUGE": {
                    "combine_kreports.py": 1.2
                },
                "KRAKENTOOLS_COMBINEKREPORTS_KRAKEN": {
                    "combine_kreports.py": 1.2
                },
                "KRAKENTOOLS_KREPORT2KRONA": {
                    "kreport2krona.py": 1.2
                },
                "KRONA_CLEANUP": {
                    "sed": 4.7
                },
                "KRONA_KTIMPORTTEXT": {
                    "krona": "2.8.1"
                },
                "MERGE_RUNS": {
                    "cat": 9.5
                },
                "METAPHLAN_MERGEMETAPHLANTABLES": {
                    "metaphlan": "4.1.1"
                },
                "METAPHLAN_METAPHLAN": {
                    "metaphlan": "4.1.1"
                },
                "MINIMAP2_ALIGN": {
                    "minimap2": "2.29-r1283",
                    "samtools": 1.21
                },
                "MINIMAP2_INDEX": {
                    "minimap2": "2.29-r1283"
                },
                "NANOQ": {
                    "nanoq": "0.10.0"
                },
                "NONPAREIL_CURVE": {
                    "nonpareil": "3.5.3"
                },
                "NONPAREIL_NONPAREIL": {
                    "nonpareil": "3.5.5"
                },
                "NONPAREIL_NONPAREILCURVESR": {
                    "nonpareil": "3.5.5"
                },
                "NONPAREIL_SET": {
                    "nonpareil": "3.5.3"
                },
                "PORECHOP_ABI": {
                    "porechop_abi": "0.5.0"
                },
                "SAMTOOLS_FASTQ": {
                    "samtools": "1.22.1"
                },
                "SAMTOOLS_INDEX": {
                    "samtools": "1.22.1"
                },
                "SAMTOOLS_STATS": {
                    "samtools": "1.22.1"
                },
                "SAMTOOLS_VIEW": {
                    "samtools": "1.22.1"
                },
                "TAXPASTA_MERGE": {
                    "taxpasta": "0.7.0"
                },
                "UNTAR": {
                    "untar": 1.34
                },
                "Workflow": {
                    "nf-core/taxprofiler": "v1.3.0dev"
                }
            }
        ],
        "meta": {
            "nf-test": "0.9.3",
            "nextflow": "25.04.8"
        },
        "timestamp": "2026-02-17T12:04:18.382663694"
    },
    "centrifuge": {
        "content": [
            [
                "centrifuge_db3_combined_reports.txt contains string:true",
                "2612_db3.centrifuge.report.txt contains string:true",
                "2612_db3.centrifuge.results.txt contains string:true",
                "2612_db3.centrifuge.txt contains string:true",
                "2613_db3.centrifuge.report.txt contains string:true",
                "2613_db3.centrifuge.results.txt contains string:true",
                "2613_db3.centrifuge.txt contains string:true"
            ],
            "2612_db3.centrifuge.mapped.fastq.gz contains string '@ERR5766176.5733':[@ERR5766176.5733, @ERR5766176.5733]",
            "2612_db3.centrifuge.unmapped.fastq.gz contains string '@ERR5766176.191984':[@ERR5766176.191984, @ERR5766176.191984]",
            "2613_db3.centrifuge.mapped.fastq.gz contains string '@ERR5766181.3868':[@ERR5766181.3868]",
            "2613_db3.centrifuge.unmapped.fastq.gz contains string '@ERR5766181.537239':[@ERR5766181.537239]",
            [
                "centrifuge_db3_combined_reports.txt",
                "db3/2612_db3.centrifuge.mapped.fastq.gz",
                "db3/2612_db3.centrifuge.report.txt",
                "db3/2612_db3.centrifuge.results.txt",
                "db3/2612_db3.centrifuge.txt",
                "db3/2612_db3.centrifuge.unmapped.fastq.gz",
                "db3/2613_db3.centrifuge.mapped.fastq.gz",
                "db3/2613_db3.centrifuge.report.txt",
                "db3/2613_db3.centrifuge.results.txt",
                "db3/2613_db3.centrifuge.txt",
                "db3/2613_db3.centrifuge.unmapped.fastq.gz"
            ]
        ],
        "meta": {
            "nf-test": "0.9.3",
            "nextflow": "25.04.8"
        },
        "timestamp": "2026-02-17T12:04:56.208439711"
    },
    "nonpareil": {
        "content": [
            [
                "2612_ERR5766176.npa contains string:true",
                "2612_ERR5766176_B.npa contains string:true",
                "2612_ERR5766180.npa contains string:true",
                "2613_ERR5766181.npa contains string:true"
            ],
            [
                "2612_ERR5766176.npl contains string:true",
                "2612_ERR5766176_B.npl contains string:true",
                "2612_ERR5766180.npl contains string:true",
                "2613_ERR5766181.npl contains string:true"
            ],
            [
                "2612_ERR5766176.npo contains string:true",
                "2612_ERR5766176_B.npo contains string:true",
                "2612_ERR5766180.npo contains string:true",
                "2613_ERR5766181.npo contains string:true"
            ],
            "2612_ERR5766176_B.npc contains string:'177104':true",
            "File 2612_ERR5766176_B.png exists:  true",
            "2612_ERR5766176.npc contains string:'205699':true",
            "File 2612_ERR5766176.png exists:  true",
            "2612_ERR5766180.npc contains string:'143862':true",
            "File 2612_ERR5766180.png exists:  true",
            "2613_ERR5766181.npc contains string:'127039':true",
            "File 2613_ERR5766181.png exists:  true",
            "nonpareil_all_samples.csv contains string:'modelR':true",
            "nonpareil_all_samples.json contains string:'log.sample':true",
            "File nonpareil_all_samples_mqc.png exists:  true",
            "File nonpareil_all_samples.pdf exists:  true",
            "nonpareil_all_samples.tsv contains string:'diversity':true",
            [
                "2612_ERR5766176.npa",
                "2612_ERR5766176.npc",
                "2612_ERR5766176.npl",
                "2612_ERR5766176.npo",
                "2612_ERR5766176.png",
                "2612_ERR5766176_B.npa",
                "2612_ERR5766176_B.npc",
                "2612_ERR5766176_B.npl",
                "2612_ERR5766176_B.npo",
                "2612_ERR5766176_B.png",
                "2612_ERR5766180.npa",
                "2612_ERR5766180.npc",
                "2612_ERR5766180.npl",
                "2612_ERR5766180.npo",
                "2612_ERR5766180.png",
                "2613_ERR5766181.npa",
                "2613_ERR5766181.npc",
                "2613_ERR5766181.npl",
                "2613_ERR5766181.npo",
                "2613_ERR5766181.png",
                "nonpareil_all_samples.csv",
                "nonpareil_all_samples.json",
                "nonpareil_all_samples.pdf",
                "nonpareil_all_samples.tsv",
                "nonpareil_all_samples_mqc.png"
            ]
        ],
        "meta": {
            "nf-test": "0.9.3",
            "nextflow": "25.04.8"
        },
        "timestamp": "2026-02-17T12:06:24.284408762"
    },
    "kmcp": {
        "content": [
            [
                "2611_db1.kmcp.profile:md5,8b50fa20b6e60078b4e82ee56ad9a687",
                "2612_db1.kmcp.profile:md5,59d06b55c1df0739e92ab6d8ce23cd83",
                "2613_db1.kmcp.profile:md5,3d8c1e51679639d6011e3cb9b679485b"
            ]
        ],
        "meta": {
            "nf-test": "0.9.3",
            "nextflow": "25.04.8"
        },
        "timestamp": "2026-02-17T12:05:38.187612006"
    },
    "fastp": {
        "content": [
            [
                "2612_ERR5766176.fastp.json contains string:true",
                "2612_ERR5766176_B.fastp.json contains string:true",
                "2612_ERR5766180.fastp.json contains string:true",
                "2613_ERR5766181.fastp.json contains string:true"
            ],
            [
                "2612_ERR5766176.fastp.log contains string:true",
                "2612_ERR5766176_B.fastp.log contains string:true",
                "2612_ERR5766180.fastp.log contains string:true",
                "2613_ERR5766181.fastp.log contains string:true"
            ],
            [
                "2612_ERR5766176.fastp.html",
                "2612_ERR5766176.fastp.json",
                "2612_ERR5766176.fastp.log",
                "2612_ERR5766176_B.fastp.html",
                "2612_ERR5766176_B.fastp.json",
                "2612_ERR5766176_B.fastp.log",
                "2612_ERR5766180.fastp.html",
                "2612_ERR5766180.fastp.json",
                "2612_ERR5766180.fastp.log",
                "2613_ERR5766181.fastp.html",
                "2613_ERR5766181.fastp.json",
                "2613_ERR5766181.fastp.log"
            ]
        ],
        "meta": {
            "nf-test": "0.9.3",
            "nextflow": "25.04.8"
        },
        "timestamp": "2026-02-17T12:05:12.801959401"
    }
}