{
    "all_files": {
        "content": [
            [
                "bracken",
                "bracken/db1",
                "bracken/db1/2611_ERR5766174_db1.bracken.kraken2.report_bracken.txt",
                "bracken/db1/2611_ERR5766174_db1.bracken.tsv",
                "bracken/db1/2612_ERR5766176_B_db1.bracken.kraken2.report_bracken.txt",
                "bracken/db1/2612_ERR5766176_B_db1.bracken.tsv",
                "bracken/db1/2612_ERR5766176_db1.bracken.kraken2.report_bracken.txt",
                "bracken/db1/2612_ERR5766176_db1.bracken.tsv",
                "bracken/db1/2612_ERR5766180_db1.bracken.kraken2.report_bracken.txt",
                "bracken/db1/2612_ERR5766180_db1.bracken.tsv",
                "bracken/db1/2613_ERR5766181_db1.bracken.kraken2.report_bracken.txt",
                "bracken/db1/2613_ERR5766181_db1.bracken.tsv",
                "centrifuge",
                "centrifuge/db3",
                "centrifuge/db3/2612_ERR5766176_B_db3.centrifuge.report.txt",
                "centrifuge/db3/2612_ERR5766176_B_db3.centrifuge.results.txt",
                "centrifuge/db3/2612_ERR5766176_B_db3.centrifuge.txt",
                "centrifuge/db3/2612_ERR5766176_db3.centrifuge.report.txt",
                "centrifuge/db3/2612_ERR5766176_db3.centrifuge.results.txt",
                "centrifuge/db3/2612_ERR5766176_db3.centrifuge.txt",
                "centrifuge/db3/2612_ERR5766180_db3.centrifuge.report.txt",
                "centrifuge/db3/2612_ERR5766180_db3.centrifuge.results.txt",
                "centrifuge/db3/2612_ERR5766180_db3.centrifuge.txt",
                "centrifuge/db3/2613_ERR5766181_db3.centrifuge.report.txt",
                "centrifuge/db3/2613_ERR5766181_db3.centrifuge.results.txt",
                "centrifuge/db3/2613_ERR5766181_db3.centrifuge.txt",
                "diamond",
                "diamond/db1",
                "diamond/db1/2611_ERR5766174_db1.diamond.log",
                "diamond/db1/2611_ERR5766174_db1.diamond.tsv",
                "diamond/db1/2612_ERR5766176_B_db1.diamond.log",
                "diamond/db1/2612_ERR5766176_B_db1.diamond.tsv",
                "diamond/db1/2612_ERR5766176_db1.diamond.log",
                "diamond/db1/2612_ERR5766176_db1.diamond.tsv",
                "diamond/db1/2612_ERR5766180_db1.diamond.log",
                "diamond/db1/2612_ERR5766180_db1.diamond.tsv",
                "diamond/db1/2613_ERR5766181_db1.diamond.log",
                "diamond/db1/2613_ERR5766181_db1.diamond.tsv",
                "diamond/db2",
                "diamond/db2/2614_ERR3201952_db2.diamond.log",
                "diamond/db2/2614_ERR3201952_db2.diamond.tsv",
                "diamond/db2/ERR3201952_ERR3201952_db2.diamond.log",
                "diamond/db2/ERR3201952_ERR3201952_db2.diamond.tsv",
                "diamond/db3",
                "diamond/db3/2611_ERR5766174_db3.diamond.log",
                "diamond/db3/2611_ERR5766174_db3.diamond.tsv",
                "diamond/db3/2612_ERR5766176_B_db3.diamond.log",
                "diamond/db3/2612_ERR5766176_B_db3.diamond.tsv",
                "diamond/db3/2612_ERR5766176_db3.diamond.log",
                "diamond/db3/2612_ERR5766176_db3.diamond.tsv",
                "diamond/db3/2612_ERR5766180_db3.diamond.log",
                "diamond/db3/2612_ERR5766180_db3.diamond.tsv",
                "diamond/db3/2613_ERR5766181_db3.diamond.log",
                "diamond/db3/2613_ERR5766181_db3.diamond.tsv",
                "diamond/db3/2614_ERR3201952_db3.diamond.log",
                "diamond/db3/2614_ERR3201952_db3.diamond.tsv",
                "diamond/db3/ERR3201952_ERR3201952_db3.diamond.log",
                "diamond/db3/ERR3201952_ERR3201952_db3.diamond.tsv",
                "fastqc",
                "fastqc/raw",
                "fastqc/raw/2612_ERR5766176_B_raw_1_fastqc.html",
                "fastqc/raw/2612_ERR5766176_B_raw_1_fastqc.zip",
                "fastqc/raw/2612_ERR5766176_B_raw_2_fastqc.html",
                "fastqc/raw/2612_ERR5766176_B_raw_2_fastqc.zip",
                "fastqc/raw/2612_ERR5766176_raw_1_fastqc.html",
                "fastqc/raw/2612_ERR5766176_raw_1_fastqc.zip",
                "fastqc/raw/2612_ERR5766176_raw_2_fastqc.html",
                "fastqc/raw/2612_ERR5766176_raw_2_fastqc.zip",
                "fastqc/raw/2612_ERR5766180_raw_fastqc.html",
                "fastqc/raw/2612_ERR5766180_raw_fastqc.zip",
                "fastqc/raw/2613_ERR5766181_raw_1_fastqc.html",
                "fastqc/raw/2613_ERR5766181_raw_1_fastqc.zip",
                "fastqc/raw/2613_ERR5766181_raw_2_fastqc.html",
                "fastqc/raw/2613_ERR5766181_raw_2_fastqc.zip",
                "fastqc/raw/ERR3201952_ERR3201952_raw_fastqc.html",
                "fastqc/raw/ERR3201952_ERR3201952_raw_fastqc.zip",
                "ganon",
                "ganon/db1",
                "ganon/db1/2611_ERR5766174_db1.ganon.log",
                "ganon/db1/2611_ERR5766174_db1.ganon.rep",
                "ganon/db1/2611_ERR5766174_db1.ganon.tre",
                "ganon/db1/2611_ERR5766174_db1.ganon_report.tre",
                "ganon/db1/2612_ERR5766176_B_db1.ganon.log",
                "ganon/db1/2612_ERR5766176_B_db1.ganon.rep",
                "ganon/db1/2612_ERR5766176_B_db1.ganon.tre",
                "ganon/db1/2612_ERR5766176_B_db1.ganon_report.tre",
                "ganon/db1/2612_ERR5766176_db1.ganon.log",
                "ganon/db1/2612_ERR5766176_db1.ganon.rep",
                "ganon/db1/2612_ERR5766176_db1.ganon.tre",
                "ganon/db1/2612_ERR5766176_db1.ganon_report.tre",
                "ganon/db1/2612_ERR5766180_db1.ganon.log",
                "ganon/db1/2612_ERR5766180_db1.ganon.rep",
                "ganon/db1/2612_ERR5766180_db1.ganon.tre",
                "ganon/db1/2612_ERR5766180_db1.ganon_report.tre",
                "ganon/db1/2613_ERR5766181_db1.ganon.log",
                "ganon/db1/2613_ERR5766181_db1.ganon.rep",
                "ganon/db1/2613_ERR5766181_db1.ganon.tre",
                "ganon/db1/2613_ERR5766181_db1.ganon_report.tre",
                "kaiju",
                "kaiju/db5",
                "kaiju/db5/2611_ERR5766174_db5.kaiju.tsv",
                "kaiju/db5/2611_ERR5766174_db5.kaijutable.txt",
                "kaiju/db5/2612_ERR5766176_B_db5.kaiju.tsv",
                "kaiju/db5/2612_ERR5766176_B_db5.kaijutable.txt",
                "kaiju/db5/2612_ERR5766176_db5.kaiju.tsv",
                "kaiju/db5/2612_ERR5766176_db5.kaijutable.txt",
                "kaiju/db5/2612_ERR5766180_db5.kaiju.tsv",
                "kaiju/db5/2612_ERR5766180_db5.kaijutable.txt",
                "kaiju/db5/2613_ERR5766181_db5.kaiju.tsv",
                "kaiju/db5/2613_ERR5766181_db5.kaijutable.txt",
                "kaiju/db6",
                "kaiju/db6/2614_ERR3201952_db6.kaiju.tsv",
                "kaiju/db6/2614_ERR3201952_db6.kaijutable.txt",
                "kaiju/db6/ERR3201952_ERR3201952_db6.kaiju.tsv",
                "kaiju/db6/ERR3201952_ERR3201952_db6.kaijutable.txt",
                "kaiju/db7",
                "kaiju/db7/2611_ERR5766174_db7.kaiju.tsv",
                "kaiju/db7/2611_ERR5766174_db7.kaijutable.txt",
                "kaiju/db7/2612_ERR5766176_B_db7.kaiju.tsv",
                "kaiju/db7/2612_ERR5766176_B_db7.kaijutable.txt",
                "kaiju/db7/2612_ERR5766176_db7.kaiju.tsv",
                "kaiju/db7/2612_ERR5766176_db7.kaijutable.txt",
                "kaiju/db7/2612_ERR5766180_db7.kaiju.tsv",
                "kaiju/db7/2612_ERR5766180_db7.kaijutable.txt",
                "kaiju/db7/2613_ERR5766181_db7.kaiju.tsv",
                "kaiju/db7/2613_ERR5766181_db7.kaijutable.txt",
                "kaiju/db7/2614_ERR3201952_db7.kaiju.tsv",
                "kaiju/db7/2614_ERR3201952_db7.kaijutable.txt",
                "kaiju/db7/ERR3201952_ERR3201952_db7.kaiju.tsv",
                "kaiju/db7/ERR3201952_ERR3201952_db7.kaijutable.txt",
                "kmcp",
                "kmcp/db1",
                "kmcp/db1/2611_ERR5766174_db1.kmcp.profile",
                "kmcp/db1/2612_ERR5766176_B_db1.kmcp.profile",
                "kmcp/db1/2612_ERR5766176_db1.kmcp.profile",
                "kmcp/db1/2612_ERR5766180_db1.kmcp.profile",
                "kmcp/db1/2613_ERR5766181_db1.kmcp.profile",
                "kraken2",
                "kraken2/db1",
                "kraken2/db2",
                "kraken2/db2/2611_ERR5766174_db2.kraken2.kraken2.report.txt",
                "kraken2/db2/2612_ERR5766176_B_db2.kraken2.kraken2.report.txt",
                "kraken2/db2/2612_ERR5766176_db2.kraken2.kraken2.report.txt",
                "kraken2/db2/2612_ERR5766180_db2.kraken2.kraken2.report.txt",
                "kraken2/db2/2613_ERR5766181_db2.kraken2.kraken2.report.txt",
                "krona",
                "krona/centrifuge_db3.html",
                "krona/kaiju_db5.html",
                "krona/kaiju_db6.html",
                "krona/kaiju_db7.html",
                "krona/kraken2-bracken_db1.html",
                "krona/kraken2_db2.html",
                "melon",
                "melon/db1",
                "melon/db1/2614_ERR3201952_db1",
                "melon/db1/2614_ERR3201952_db1/ERR3201952_dup.json",
                "melon/db1/2614_ERR3201952_db1/ERR3201952_dup.tsv",
                "melon/db1/ERR3201952_ERR3201952_db1",
                "melon/db1/ERR3201952_ERR3201952_db1/ERR3201952.json",
                "melon/db1/ERR3201952_ERR3201952_db1/ERR3201952.tsv",
                "metacache",
                "metacache/db1",
                "metacache/db1/2614_ERR3201952_db1.mapping.txt",
                "metacache/db1/ERR3201952_ERR3201952_db1.mapping.txt",
                "metaphlan",
                "metaphlan/metaphlan3",
                "metaphlan/metaphlan3/2611_ERR5766174_metaphlan3.metaphlan.biom",
                "metaphlan/metaphlan3/2611_ERR5766174_metaphlan3.metaphlan.bowtie2out.txt",
                "metaphlan/metaphlan3/2611_ERR5766174_metaphlan3.metaphlan_profile.txt",
                "metaphlan/metaphlan3/2612_ERR5766176_B_metaphlan3.metaphlan.biom",
                "metaphlan/metaphlan3/2612_ERR5766176_B_metaphlan3.metaphlan.bowtie2out.txt",
                "metaphlan/metaphlan3/2612_ERR5766176_B_metaphlan3.metaphlan_profile.txt",
                "metaphlan/metaphlan3/2612_ERR5766176_metaphlan3.metaphlan.biom",
                "metaphlan/metaphlan3/2612_ERR5766176_metaphlan3.metaphlan.bowtie2out.txt",
                "metaphlan/metaphlan3/2612_ERR5766176_metaphlan3.metaphlan_profile.txt",
                "metaphlan/metaphlan3/2612_ERR5766180_metaphlan3.metaphlan.biom",
                "metaphlan/metaphlan3/2612_ERR5766180_metaphlan3.metaphlan.bowtie2out.txt",
                "metaphlan/metaphlan3/2612_ERR5766180_metaphlan3.metaphlan_profile.txt",
                "metaphlan/metaphlan3/2613_ERR5766181_metaphlan3.metaphlan.biom",
                "metaphlan/metaphlan3/2613_ERR5766181_metaphlan3.metaphlan.bowtie2out.txt",
                "metaphlan/metaphlan3/2613_ERR5766181_metaphlan3.metaphlan_profile.txt",
                "metaphlan/metaphlan4",
                "metaphlan/metaphlan4/2611_ERR5766174_metaphlan4.metaphlan.biom",
                "metaphlan/metaphlan4/2611_ERR5766174_metaphlan4.metaphlan.bowtie2out.txt",
                "metaphlan/metaphlan4/2611_ERR5766174_metaphlan4.metaphlan_profile.txt",
                "metaphlan/metaphlan4/2612_ERR5766176_B_metaphlan4.metaphlan.biom",
                "metaphlan/metaphlan4/2612_ERR5766176_B_metaphlan4.metaphlan.bowtie2out.txt",
                "metaphlan/metaphlan4/2612_ERR5766176_B_metaphlan4.metaphlan_profile.txt",
                "metaphlan/metaphlan4/2612_ERR5766176_metaphlan4.metaphlan.biom",
                "metaphlan/metaphlan4/2612_ERR5766176_metaphlan4.metaphlan.bowtie2out.txt",
                "metaphlan/metaphlan4/2612_ERR5766176_metaphlan4.metaphlan_profile.txt",
                "metaphlan/metaphlan4/2612_ERR5766180_metaphlan4.metaphlan.biom",
                "metaphlan/metaphlan4/2612_ERR5766180_metaphlan4.metaphlan.bowtie2out.txt",
                "metaphlan/metaphlan4/2612_ERR5766180_metaphlan4.metaphlan_profile.txt",
                "metaphlan/metaphlan4/2613_ERR5766181_metaphlan4.metaphlan.biom",
                "metaphlan/metaphlan4/2613_ERR5766181_metaphlan4.metaphlan.bowtie2out.txt",
                "metaphlan/metaphlan4/2613_ERR5766181_metaphlan4.metaphlan_profile.txt",
                "multiqc",
                "multiqc/multiqc_data",
                "multiqc/multiqc_data/bracken-top-n-plot_Class.txt",
                "multiqc/multiqc_data/bracken-top-n-plot_Domain.txt",
                "multiqc/multiqc_data/bracken-top-n-plot_Family.txt",
                "multiqc/multiqc_data/bracken-top-n-plot_Genus.txt",
                "multiqc/multiqc_data/bracken-top-n-plot_Kingdom.txt",
                "multiqc/multiqc_data/bracken-top-n-plot_Order.txt",
                "multiqc/multiqc_data/bracken-top-n-plot_Phylum.txt",
                "multiqc/multiqc_data/bracken-top-n-plot_Species.txt",
                "multiqc/multiqc_data/bracken-top-n-plot_Unclassified.txt",
                "multiqc/multiqc_data/centrifuge-top-n-plot_Class.txt",
                "multiqc/multiqc_data/centrifuge-top-n-plot_Domain.txt",
                "multiqc/multiqc_data/centrifuge-top-n-plot_Family.txt",
                "multiqc/multiqc_data/centrifuge-top-n-plot_Genus.txt",
                "multiqc/multiqc_data/centrifuge-top-n-plot_Kingdom.txt",
                "multiqc/multiqc_data/centrifuge-top-n-plot_Order.txt",
                "multiqc/multiqc_data/centrifuge-top-n-plot_Phylum.txt",
                "multiqc/multiqc_data/centrifuge-top-n-plot_Species.txt",
                "multiqc/multiqc_data/centrifuge-top-n-plot_Unclassified.txt",
                "multiqc/multiqc_data/diamond.txt",
                "multiqc/multiqc_data/fastqc-status-check-heatmap.txt",
                "multiqc/multiqc_data/fastqc_adapter_content_plot.txt",
                "multiqc/multiqc_data/fastqc_overrepresented_sequences_plot.txt",
                "multiqc/multiqc_data/fastqc_per_base_n_content_plot.txt",
                "multiqc/multiqc_data/fastqc_per_base_sequence_quality_plot.txt",
                "multiqc/multiqc_data/fastqc_per_sequence_gc_content_plot_Counts.txt",
                "multiqc/multiqc_data/fastqc_per_sequence_gc_content_plot_Percentages.txt",
                "multiqc/multiqc_data/fastqc_per_sequence_quality_scores_plot.txt",
                "multiqc/multiqc_data/fastqc_sequence_counts_plot.txt",
                "multiqc/multiqc_data/fastqc_sequence_duplication_levels_plot.txt",
                "multiqc/multiqc_data/fastqc_sequence_length_distribution_plot.txt",
                "multiqc/multiqc_data/fastqc_top_overrepresented_sequences_table.txt",
                "multiqc/multiqc_data/kaiju-topfive-plot.txt",
                "multiqc/multiqc_data/kraken-top-n-plot_Class.txt",
                "multiqc/multiqc_data/kraken-top-n-plot_Domain.txt",
                "multiqc/multiqc_data/kraken-top-n-plot_Family.txt",
                "multiqc/multiqc_data/kraken-top-n-plot_Genus.txt",
                "multiqc/multiqc_data/kraken-top-n-plot_Kingdom.txt",
                "multiqc/multiqc_data/kraken-top-n-plot_Order.txt",
                "multiqc/multiqc_data/kraken-top-n-plot_Phylum.txt",
                "multiqc/multiqc_data/kraken-top-n-plot_Species.txt",
                "multiqc/multiqc_data/kraken-top-n-plot_Unclassified.txt",
                "multiqc/multiqc_data/llms-full.txt",
                "multiqc/multiqc_data/metaphlan-top-n-plot_Class.txt",
                "multiqc/multiqc_data/metaphlan-top-n-plot_Family.txt",
                "multiqc/multiqc_data/metaphlan-top-n-plot_Genus.txt",
                "multiqc/multiqc_data/metaphlan-top-n-plot_Kingdom.txt",
                "multiqc/multiqc_data/metaphlan-top-n-plot_Order.txt",
                "multiqc/multiqc_data/metaphlan-top-n-plot_Phylum.txt",
                "multiqc/multiqc_data/metaphlan-top-n-plot_Species.txt",
                "multiqc/multiqc_data/multiqc.log",
                "multiqc/multiqc_data/multiqc.parquet",
                "multiqc/multiqc_data/multiqc_bracken_bracken.txt",
                "multiqc/multiqc_data/multiqc_centrifuge_centrifuge.txt",
                "multiqc/multiqc_data/multiqc_citations.txt",
                "multiqc/multiqc_data/multiqc_data.json",
                "multiqc/multiqc_data/multiqc_fastqc.txt",
                "multiqc/multiqc_data/multiqc_general_stats.txt",
                "multiqc/multiqc_data/multiqc_kaiju_species.txt",
                "multiqc/multiqc_data/multiqc_kraken.txt",
                "multiqc/multiqc_data/multiqc_metaphlan.txt",
                "multiqc/multiqc_data/multiqc_software_versions.txt",
                "multiqc/multiqc_data/multiqc_sources.txt",
                "multiqc/multiqc_plots",
                "multiqc/multiqc_plots/pdf",
                "multiqc/multiqc_plots/pdf/bracken-top-n-plot_Class-cnt.pdf",
                "multiqc/multiqc_plots/pdf/bracken-top-n-plot_Class-pct.pdf",
                "multiqc/multiqc_plots/pdf/bracken-top-n-plot_Domain-cnt.pdf",
                "multiqc/multiqc_plots/pdf/bracken-top-n-plot_Domain-pct.pdf",
                "multiqc/multiqc_plots/pdf/bracken-top-n-plot_Family-cnt.pdf",
                "multiqc/multiqc_plots/pdf/bracken-top-n-plot_Family-pct.pdf",
                "multiqc/multiqc_plots/pdf/bracken-top-n-plot_Genus-cnt.pdf",
                "multiqc/multiqc_plots/pdf/bracken-top-n-plot_Genus-pct.pdf",
                "multiqc/multiqc_plots/pdf/bracken-top-n-plot_Kingdom-cnt.pdf",
                "multiqc/multiqc_plots/pdf/bracken-top-n-plot_Kingdom-pct.pdf",
                "multiqc/multiqc_plots/pdf/bracken-top-n-plot_Order-cnt.pdf",
                "multiqc/multiqc_plots/pdf/bracken-top-n-plot_Order-pct.pdf",
                "multiqc/multiqc_plots/pdf/bracken-top-n-plot_Phylum-cnt.pdf",
                "multiqc/multiqc_plots/pdf/bracken-top-n-plot_Phylum-pct.pdf",
                "multiqc/multiqc_plots/pdf/bracken-top-n-plot_Species-cnt.pdf",
                "multiqc/multiqc_plots/pdf/bracken-top-n-plot_Species-pct.pdf",
                "multiqc/multiqc_plots/pdf/bracken-top-n-plot_Unclassified-cnt.pdf",
                "multiqc/multiqc_plots/pdf/bracken-top-n-plot_Unclassified-pct.pdf",
                "multiqc/multiqc_plots/pdf/centrifuge-top-n-plot_Class-cnt.pdf",
                "multiqc/multiqc_plots/pdf/centrifuge-top-n-plot_Class-pct.pdf",
                "multiqc/multiqc_plots/pdf/centrifuge-top-n-plot_Domain-cnt.pdf",
                "multiqc/multiqc_plots/pdf/centrifuge-top-n-plot_Domain-pct.pdf",
                "multiqc/multiqc_plots/pdf/centrifuge-top-n-plot_Family-cnt.pdf",
                "multiqc/multiqc_plots/pdf/centrifuge-top-n-plot_Family-pct.pdf",
                "multiqc/multiqc_plots/pdf/centrifuge-top-n-plot_Genus-cnt.pdf",
                "multiqc/multiqc_plots/pdf/centrifuge-top-n-plot_Genus-pct.pdf",
                "multiqc/multiqc_plots/pdf/centrifuge-top-n-plot_Kingdom-cnt.pdf",
                "multiqc/multiqc_plots/pdf/centrifuge-top-n-plot_Kingdom-pct.pdf",
                "multiqc/multiqc_plots/pdf/centrifuge-top-n-plot_Order-cnt.pdf",
                "multiqc/multiqc_plots/pdf/centrifuge-top-n-plot_Order-pct.pdf",
                "multiqc/multiqc_plots/pdf/centrifuge-top-n-plot_Phylum-cnt.pdf",
                "multiqc/multiqc_plots/pdf/centrifuge-top-n-plot_Phylum-pct.pdf",
                "multiqc/multiqc_plots/pdf/centrifuge-top-n-plot_Species-cnt.pdf",
                "multiqc/multiqc_plots/pdf/centrifuge-top-n-plot_Species-pct.pdf",
                "multiqc/multiqc_plots/pdf/centrifuge-top-n-plot_Unclassified-cnt.pdf",
                "multiqc/multiqc_plots/pdf/centrifuge-top-n-plot_Unclassified-pct.pdf",
                "multiqc/multiqc_plots/pdf/fastqc_adapter_content_plot.pdf",
                "multiqc/multiqc_plots/pdf/fastqc_overrepresented_sequences_plot.pdf",
                "multiqc/multiqc_plots/pdf/fastqc_per_base_n_content_plot.pdf",
                "multiqc/multiqc_plots/pdf/fastqc_per_base_sequence_quality_plot.pdf",
                "multiqc/multiqc_plots/pdf/fastqc_per_sequence_gc_content_plot_Counts.pdf",
                "multiqc/multiqc_plots/pdf/fastqc_per_sequence_gc_content_plot_Percentages.pdf",
                "multiqc/multiqc_plots/pdf/fastqc_per_sequence_quality_scores_plot.pdf",
                "multiqc/multiqc_plots/pdf/fastqc_sequence_counts_plot-cnt.pdf",
                "multiqc/multiqc_plots/pdf/fastqc_sequence_counts_plot-pct.pdf",
                "multiqc/multiqc_plots/pdf/fastqc_sequence_duplication_levels_plot.pdf",
                "multiqc/multiqc_plots/pdf/fastqc_sequence_length_distribution_plot.pdf",
                "multiqc/multiqc_plots/pdf/fastqc_top_overrepresented_sequences_table.pdf",
                "multiqc/multiqc_plots/pdf/kaiju-topfive-plot-cnt.pdf",
                "multiqc/multiqc_plots/pdf/kaiju-topfive-plot-pct.pdf",
                "multiqc/multiqc_plots/pdf/kraken-top-n-plot_Class-cnt.pdf",
                "multiqc/multiqc_plots/pdf/kraken-top-n-plot_Class-pct.pdf",
                "multiqc/multiqc_plots/pdf/kraken-top-n-plot_Domain-cnt.pdf",
                "multiqc/multiqc_plots/pdf/kraken-top-n-plot_Domain-pct.pdf",
                "multiqc/multiqc_plots/pdf/kraken-top-n-plot_Family-cnt.pdf",
                "multiqc/multiqc_plots/pdf/kraken-top-n-plot_Family-pct.pdf",
                "multiqc/multiqc_plots/pdf/kraken-top-n-plot_Genus-cnt.pdf",
                "multiqc/multiqc_plots/pdf/kraken-top-n-plot_Genus-pct.pdf",
                "multiqc/multiqc_plots/pdf/kraken-top-n-plot_Kingdom-cnt.pdf",
                "multiqc/multiqc_plots/pdf/kraken-top-n-plot_Kingdom-pct.pdf",
                "multiqc/multiqc_plots/pdf/kraken-top-n-plot_Order-cnt.pdf",
                "multiqc/multiqc_plots/pdf/kraken-top-n-plot_Order-pct.pdf",
                "multiqc/multiqc_plots/pdf/kraken-top-n-plot_Phylum-cnt.pdf",
                "multiqc/multiqc_plots/pdf/kraken-top-n-plot_Phylum-pct.pdf",
                "multiqc/multiqc_plots/pdf/kraken-top-n-plot_Species-cnt.pdf",
                "multiqc/multiqc_plots/pdf/kraken-top-n-plot_Species-pct.pdf",
                "multiqc/multiqc_plots/pdf/kraken-top-n-plot_Unclassified-cnt.pdf",
                "multiqc/multiqc_plots/pdf/kraken-top-n-plot_Unclassified-pct.pdf",
                "multiqc/multiqc_plots/pdf/metaphlan-top-n-plot_Class.pdf",
                "multiqc/multiqc_plots/pdf/metaphlan-top-n-plot_Family.pdf",
                "multiqc/multiqc_plots/pdf/metaphlan-top-n-plot_Genus.pdf",
                "multiqc/multiqc_plots/pdf/metaphlan-top-n-plot_Kingdom.pdf",
                "multiqc/multiqc_plots/pdf/metaphlan-top-n-plot_Order.pdf",
                "multiqc/multiqc_plots/pdf/metaphlan-top-n-plot_Phylum.pdf",
                "multiqc/multiqc_plots/pdf/metaphlan-top-n-plot_Species.pdf",
                "multiqc/multiqc_plots/png",
                "multiqc/multiqc_plots/png/bracken-top-n-plot_Class-cnt.png",
                "multiqc/multiqc_plots/png/bracken-top-n-plot_Class-pct.png",
                "multiqc/multiqc_plots/png/bracken-top-n-plot_Domain-cnt.png",
                "multiqc/multiqc_plots/png/bracken-top-n-plot_Domain-pct.png",
                "multiqc/multiqc_plots/png/bracken-top-n-plot_Family-cnt.png",
                "multiqc/multiqc_plots/png/bracken-top-n-plot_Family-pct.png",
                "multiqc/multiqc_plots/png/bracken-top-n-plot_Genus-cnt.png",
                "multiqc/multiqc_plots/png/bracken-top-n-plot_Genus-pct.png",
                "multiqc/multiqc_plots/png/bracken-top-n-plot_Kingdom-cnt.png",
                "multiqc/multiqc_plots/png/bracken-top-n-plot_Kingdom-pct.png",
                "multiqc/multiqc_plots/png/bracken-top-n-plot_Order-cnt.png",
                "multiqc/multiqc_plots/png/bracken-top-n-plot_Order-pct.png",
                "multiqc/multiqc_plots/png/bracken-top-n-plot_Phylum-cnt.png",
                "multiqc/multiqc_plots/png/bracken-top-n-plot_Phylum-pct.png",
                "multiqc/multiqc_plots/png/bracken-top-n-plot_Species-cnt.png",
                "multiqc/multiqc_plots/png/bracken-top-n-plot_Species-pct.png",
                "multiqc/multiqc_plots/png/bracken-top-n-plot_Unclassified-cnt.png",
                "multiqc/multiqc_plots/png/bracken-top-n-plot_Unclassified-pct.png",
                "multiqc/multiqc_plots/png/centrifuge-top-n-plot_Class-cnt.png",
                "multiqc/multiqc_plots/png/centrifuge-top-n-plot_Class-pct.png",
                "multiqc/multiqc_plots/png/centrifuge-top-n-plot_Domain-cnt.png",
                "multiqc/multiqc_plots/png/centrifuge-top-n-plot_Domain-pct.png",
                "multiqc/multiqc_plots/png/centrifuge-top-n-plot_Family-cnt.png",
                "multiqc/multiqc_plots/png/centrifuge-top-n-plot_Family-pct.png",
                "multiqc/multiqc_plots/png/centrifuge-top-n-plot_Genus-cnt.png",
                "multiqc/multiqc_plots/png/centrifuge-top-n-plot_Genus-pct.png",
                "multiqc/multiqc_plots/png/centrifuge-top-n-plot_Kingdom-cnt.png",
                "multiqc/multiqc_plots/png/centrifuge-top-n-plot_Kingdom-pct.png",
                "multiqc/multiqc_plots/png/centrifuge-top-n-plot_Order-cnt.png",
                "multiqc/multiqc_plots/png/centrifuge-top-n-plot_Order-pct.png",
                "multiqc/multiqc_plots/png/centrifuge-top-n-plot_Phylum-cnt.png",
                "multiqc/multiqc_plots/png/centrifuge-top-n-plot_Phylum-pct.png",
                "multiqc/multiqc_plots/png/centrifuge-top-n-plot_Species-cnt.png",
                "multiqc/multiqc_plots/png/centrifuge-top-n-plot_Species-pct.png",
                "multiqc/multiqc_plots/png/centrifuge-top-n-plot_Unclassified-cnt.png",
                "multiqc/multiqc_plots/png/centrifuge-top-n-plot_Unclassified-pct.png",
                "multiqc/multiqc_plots/png/fastqc_adapter_content_plot.png",
                "multiqc/multiqc_plots/png/fastqc_overrepresented_sequences_plot.png",
                "multiqc/multiqc_plots/png/fastqc_per_base_n_content_plot.png",
                "multiqc/multiqc_plots/png/fastqc_per_base_sequence_quality_plot.png",
                "multiqc/multiqc_plots/png/fastqc_per_sequence_gc_content_plot_Counts.png",
                "multiqc/multiqc_plots/png/fastqc_per_sequence_gc_content_plot_Percentages.png",
                "multiqc/multiqc_plots/png/fastqc_per_sequence_quality_scores_plot.png",
                "multiqc/multiqc_plots/png/fastqc_sequence_counts_plot-cnt.png",
                "multiqc/multiqc_plots/png/fastqc_sequence_counts_plot-pct.png",
                "multiqc/multiqc_plots/png/fastqc_sequence_duplication_levels_plot.png",
                "multiqc/multiqc_plots/png/fastqc_sequence_length_distribution_plot.png",
                "multiqc/multiqc_plots/png/fastqc_top_overrepresented_sequences_table.png",
                "multiqc/multiqc_plots/png/kaiju-topfive-plot-cnt.png",
                "multiqc/multiqc_plots/png/kaiju-topfive-plot-pct.png",
                "multiqc/multiqc_plots/png/kraken-top-n-plot_Class-cnt.png",
                "multiqc/multiqc_plots/png/kraken-top-n-plot_Class-pct.png",
                "multiqc/multiqc_plots/png/kraken-top-n-plot_Domain-cnt.png",
                "multiqc/multiqc_plots/png/kraken-top-n-plot_Domain-pct.png",
                "multiqc/multiqc_plots/png/kraken-top-n-plot_Family-cnt.png",
                "multiqc/multiqc_plots/png/kraken-top-n-plot_Family-pct.png",
                "multiqc/multiqc_plots/png/kraken-top-n-plot_Genus-cnt.png",
                "multiqc/multiqc_plots/png/kraken-top-n-plot_Genus-pct.png",
                "multiqc/multiqc_plots/png/kraken-top-n-plot_Kingdom-cnt.png",
                "multiqc/multiqc_plots/png/kraken-top-n-plot_Kingdom-pct.png",
                "multiqc/multiqc_plots/png/kraken-top-n-plot_Order-cnt.png",
                "multiqc/multiqc_plots/png/kraken-top-n-plot_Order-pct.png",
                "multiqc/multiqc_plots/png/kraken-top-n-plot_Phylum-cnt.png",
                "multiqc/multiqc_plots/png/kraken-top-n-plot_Phylum-pct.png",
                "multiqc/multiqc_plots/png/kraken-top-n-plot_Species-cnt.png",
                "multiqc/multiqc_plots/png/kraken-top-n-plot_Species-pct.png",
                "multiqc/multiqc_plots/png/kraken-top-n-plot_Unclassified-cnt.png",
                "multiqc/multiqc_plots/png/kraken-top-n-plot_Unclassified-pct.png",
                "multiqc/multiqc_plots/png/metaphlan-top-n-plot_Class.png",
                "multiqc/multiqc_plots/png/metaphlan-top-n-plot_Family.png",
                "multiqc/multiqc_plots/png/metaphlan-top-n-plot_Genus.png",
                "multiqc/multiqc_plots/png/metaphlan-top-n-plot_Kingdom.png",
                "multiqc/multiqc_plots/png/metaphlan-top-n-plot_Order.png",
                "multiqc/multiqc_plots/png/metaphlan-top-n-plot_Phylum.png",
                "multiqc/multiqc_plots/png/metaphlan-top-n-plot_Species.png",
                "multiqc/multiqc_plots/svg",
                "multiqc/multiqc_plots/svg/bracken-top-n-plot_Class-cnt.svg",
                "multiqc/multiqc_plots/svg/bracken-top-n-plot_Class-pct.svg",
                "multiqc/multiqc_plots/svg/bracken-top-n-plot_Domain-cnt.svg",
                "multiqc/multiqc_plots/svg/bracken-top-n-plot_Domain-pct.svg",
                "multiqc/multiqc_plots/svg/bracken-top-n-plot_Family-cnt.svg",
                "multiqc/multiqc_plots/svg/bracken-top-n-plot_Family-pct.svg",
                "multiqc/multiqc_plots/svg/bracken-top-n-plot_Genus-cnt.svg",
                "multiqc/multiqc_plots/svg/bracken-top-n-plot_Genus-pct.svg",
                "multiqc/multiqc_plots/svg/bracken-top-n-plot_Kingdom-cnt.svg",
                "multiqc/multiqc_plots/svg/bracken-top-n-plot_Kingdom-pct.svg",
                "multiqc/multiqc_plots/svg/bracken-top-n-plot_Order-cnt.svg",
                "multiqc/multiqc_plots/svg/bracken-top-n-plot_Order-pct.svg",
                "multiqc/multiqc_plots/svg/bracken-top-n-plot_Phylum-cnt.svg",
                "multiqc/multiqc_plots/svg/bracken-top-n-plot_Phylum-pct.svg",
                "multiqc/multiqc_plots/svg/bracken-top-n-plot_Species-cnt.svg",
                "multiqc/multiqc_plots/svg/bracken-top-n-plot_Species-pct.svg",
                "multiqc/multiqc_plots/svg/bracken-top-n-plot_Unclassified-cnt.svg",
                "multiqc/multiqc_plots/svg/bracken-top-n-plot_Unclassified-pct.svg",
                "multiqc/multiqc_plots/svg/centrifuge-top-n-plot_Class-cnt.svg",
                "multiqc/multiqc_plots/svg/centrifuge-top-n-plot_Class-pct.svg",
                "multiqc/multiqc_plots/svg/centrifuge-top-n-plot_Domain-cnt.svg",
                "multiqc/multiqc_plots/svg/centrifuge-top-n-plot_Domain-pct.svg",
                "multiqc/multiqc_plots/svg/centrifuge-top-n-plot_Family-cnt.svg",
                "multiqc/multiqc_plots/svg/centrifuge-top-n-plot_Family-pct.svg",
                "multiqc/multiqc_plots/svg/centrifuge-top-n-plot_Genus-cnt.svg",
                "multiqc/multiqc_plots/svg/centrifuge-top-n-plot_Genus-pct.svg",
                "multiqc/multiqc_plots/svg/centrifuge-top-n-plot_Kingdom-cnt.svg",
                "multiqc/multiqc_plots/svg/centrifuge-top-n-plot_Kingdom-pct.svg",
                "multiqc/multiqc_plots/svg/centrifuge-top-n-plot_Order-cnt.svg",
                "multiqc/multiqc_plots/svg/centrifuge-top-n-plot_Order-pct.svg",
                "multiqc/multiqc_plots/svg/centrifuge-top-n-plot_Phylum-cnt.svg",
                "multiqc/multiqc_plots/svg/centrifuge-top-n-plot_Phylum-pct.svg",
                "multiqc/multiqc_plots/svg/centrifuge-top-n-plot_Species-cnt.svg",
                "multiqc/multiqc_plots/svg/centrifuge-top-n-plot_Species-pct.svg",
                "multiqc/multiqc_plots/svg/centrifuge-top-n-plot_Unclassified-cnt.svg",
                "multiqc/multiqc_plots/svg/centrifuge-top-n-plot_Unclassified-pct.svg",
                "multiqc/multiqc_plots/svg/fastqc_adapter_content_plot.svg",
                "multiqc/multiqc_plots/svg/fastqc_overrepresented_sequences_plot.svg",
                "multiqc/multiqc_plots/svg/fastqc_per_base_n_content_plot.svg",
                "multiqc/multiqc_plots/svg/fastqc_per_base_sequence_quality_plot.svg",
                "multiqc/multiqc_plots/svg/fastqc_per_sequence_gc_content_plot_Counts.svg",
                "multiqc/multiqc_plots/svg/fastqc_per_sequence_gc_content_plot_Percentages.svg",
                "multiqc/multiqc_plots/svg/fastqc_per_sequence_quality_scores_plot.svg",
                "multiqc/multiqc_plots/svg/fastqc_sequence_counts_plot-cnt.svg",
                "multiqc/multiqc_plots/svg/fastqc_sequence_counts_plot-pct.svg",
                "multiqc/multiqc_plots/svg/fastqc_sequence_duplication_levels_plot.svg",
                "multiqc/multiqc_plots/svg/fastqc_sequence_length_distribution_plot.svg",
                "multiqc/multiqc_plots/svg/fastqc_top_overrepresented_sequences_table.svg",
                "multiqc/multiqc_plots/svg/kaiju-topfive-plot-cnt.svg",
                "multiqc/multiqc_plots/svg/kaiju-topfive-plot-pct.svg",
                "multiqc/multiqc_plots/svg/kraken-top-n-plot_Class-cnt.svg",
                "multiqc/multiqc_plots/svg/kraken-top-n-plot_Class-pct.svg",
                "multiqc/multiqc_plots/svg/kraken-top-n-plot_Domain-cnt.svg",
                "multiqc/multiqc_plots/svg/kraken-top-n-plot_Domain-pct.svg",
                "multiqc/multiqc_plots/svg/kraken-top-n-plot_Family-cnt.svg",
                "multiqc/multiqc_plots/svg/kraken-top-n-plot_Family-pct.svg",
                "multiqc/multiqc_plots/svg/kraken-top-n-plot_Genus-cnt.svg",
                "multiqc/multiqc_plots/svg/kraken-top-n-plot_Genus-pct.svg",
                "multiqc/multiqc_plots/svg/kraken-top-n-plot_Kingdom-cnt.svg",
                "multiqc/multiqc_plots/svg/kraken-top-n-plot_Kingdom-pct.svg",
                "multiqc/multiqc_plots/svg/kraken-top-n-plot_Order-cnt.svg",
                "multiqc/multiqc_plots/svg/kraken-top-n-plot_Order-pct.svg",
                "multiqc/multiqc_plots/svg/kraken-top-n-plot_Phylum-cnt.svg",
                "multiqc/multiqc_plots/svg/kraken-top-n-plot_Phylum-pct.svg",
                "multiqc/multiqc_plots/svg/kraken-top-n-plot_Species-cnt.svg",
                "multiqc/multiqc_plots/svg/kraken-top-n-plot_Species-pct.svg",
                "multiqc/multiqc_plots/svg/kraken-top-n-plot_Unclassified-cnt.svg",
                "multiqc/multiqc_plots/svg/kraken-top-n-plot_Unclassified-pct.svg",
                "multiqc/multiqc_plots/svg/metaphlan-top-n-plot_Class.svg",
                "multiqc/multiqc_plots/svg/metaphlan-top-n-plot_Family.svg",
                "multiqc/multiqc_plots/svg/metaphlan-top-n-plot_Genus.svg",
                "multiqc/multiqc_plots/svg/metaphlan-top-n-plot_Kingdom.svg",
                "multiqc/multiqc_plots/svg/metaphlan-top-n-plot_Order.svg",
                "multiqc/multiqc_plots/svg/metaphlan-top-n-plot_Phylum.svg",
                "multiqc/multiqc_plots/svg/metaphlan-top-n-plot_Species.svg",
                "multiqc/multiqc_report.html",
                "pipeline_info",
                "pipeline_info/nf_core_taxprofiler_software_mqc_versions.yml",
                "sylph",
                "sylph/db1",
                "sylph/db1/2612_ERR5766176_B_db1.sylph.tsv",
                "sylph/db1/2612_ERR5766176_B_db1.sylphmpa",
                "sylph/db1/2612_ERR5766176_db1.sylph.tsv",
                "sylph/db1/2612_ERR5766176_db1.sylphmpa",
                "sylph/db1/2612_ERR5766180_db1.sylph.tsv",
                "sylph/db1/2612_ERR5766180_db1.sylphmpa",
                "sylph/db1/2613_ERR5766181_db1.sylph.tsv",
                "sylph/db1/2613_ERR5766181_db1.sylphmpa",
                "sylph/db1/ERR3201952_ERR3201952_db1.sylph.tsv",
                "sylph/db1/ERR3201952_ERR3201952_db1.sylphmpa"
            ]
        ],
        "meta": {
            "nf-test": "0.9.2",
            "nextflow": "25.10.4"
        },
        "timestamp": "2026-03-25T10:40:49.20928576"
    },
    "ganon": {
        "content": [
            [
                "2611_ERR5766174_db1.ganon.log contains string 'entries reported':true",
                "2612_ERR5766176_B_db1.ganon.log contains string 'entries reported':true",
                "2612_ERR5766176_db1.ganon.log contains string 'entries reported':true",
                "2612_ERR5766180_db1.ganon.log contains string 'entries reported':true",
                "2613_ERR5766181_db1.ganon.log contains string 'entries reported':true"
            ],
            [
                "2611_ERR5766174_db1.ganon.rep contains string 'total_classified':true",
                "2612_ERR5766176_B_db1.ganon.rep contains string 'total_classified':true",
                "2612_ERR5766176_db1.ganon.rep contains string 'total_classified':true",
                "2612_ERR5766180_db1.ganon.rep contains string 'total_classified':true",
                "2613_ERR5766181_db1.ganon.rep contains string 'total_classified':true"
            ],
            [
                "2611_ERR5766174_db1.ganon.tre contains string:true",
                "2611_ERR5766174_db1.ganon_report.tre contains string:true",
                "2612_ERR5766176_B_db1.ganon.tre contains string:true",
                "2612_ERR5766176_B_db1.ganon_report.tre contains string:true",
                "2612_ERR5766176_db1.ganon.tre contains string:true",
                "2612_ERR5766176_db1.ganon_report.tre contains string:true",
                "2612_ERR5766180_db1.ganon.tre contains string:true",
                "2612_ERR5766180_db1.ganon_report.tre contains string:true",
                "2613_ERR5766181_db1.ganon.tre contains string:true",
                "2613_ERR5766181_db1.ganon_report.tre contains string:true"
            ],
            [
                "2611_ERR5766174_db1.ganon.rep:md5,b1be294d015636784dd66dbc7f3f0f47",
                "2611_ERR5766174_db1.ganon.tre:md5,79312ad176987ab97efe79274f9d03f2",
                "2611_ERR5766174_db1.ganon_report.tre:md5,79312ad176987ab97efe79274f9d03f2",
                "2612_ERR5766176_B_db1.ganon.rep:md5,b46d2f459664bc089ca2d2b0d0aed046",
                "2612_ERR5766176_B_db1.ganon.tre:md5,b6ffa68051aa69fea07b51b422584811",
                "2612_ERR5766176_B_db1.ganon_report.tre:md5,793a2abd03437e97fdd59f622346abaf",
                "2612_ERR5766176_db1.ganon.rep:md5,b46d2f459664bc089ca2d2b0d0aed046",
                "2612_ERR5766176_db1.ganon.tre:md5,b6ffa68051aa69fea07b51b422584811",
                "2612_ERR5766176_db1.ganon_report.tre:md5,793a2abd03437e97fdd59f622346abaf",
                "2612_ERR5766180_db1.ganon.rep:md5,beed58c6296b0a62ff6f1ee41848b7d9",
                "2612_ERR5766180_db1.ganon.tre:md5,f49403fa3c77d3c9654a66767978515d",
                "2612_ERR5766180_db1.ganon_report.tre:md5,fc867f651c60e52107a294efee83eba7",
                "2613_ERR5766181_db1.ganon.rep:md5,48c1acc4160f6d1b23d12b5d04c9cb21",
                "2613_ERR5766181_db1.ganon.tre:md5,13e37e264ab1a6ea5c69a8f9f14c72ee",
                "2613_ERR5766181_db1.ganon_report.tre:md5,7f0dca3f162b404848b611d9cdb4ffb0"
            ]
        ],
        "meta": {
            "nf-test": "0.9.2",
            "nextflow": "25.10.4"
        },
        "timestamp": "2026-03-25T12:18:55.129216986"
    },
    "metacache": {
        "content": [
            [
                "2614_ERR3201952_db1.mapping.txt contains string 'Penicillium roqueforti': true",
                "ERR3201952_ERR3201952_db1.mapping.txt contains string 'Penicillium roqueforti': true"
            ]
        ],
        "meta": {
            "nf-test": "0.9.2",
            "nextflow": "25.10.4"
        },
        "timestamp": "2026-03-26T05:19:49.095172156"
    },
    "kaiju": {
        "content": [
            "2611_ERR5766174_db5.kaijutable.txt contains string '787877':true",
            "2611_ERR5766174_db5.kaiju.tsv contains string 'ERR5766174.787872':true",
            "2612_ERR5766176_B_db5.kaijutable.txt contains string '10239':true",
            "2612_ERR5766176_B_db5.kaiju.tsv contains string 'ERR5766176.632056':true",
            "2612_ERR5766176_db5.kaijutable.txt contains string '10239':true",
            "2612_ERR5766176_db5.kaiju.tsv contains string 'ERR5766176.632059':true",
            "2612_ERR5766180_db5.kaijutable.txt contains string '10239':true",
            "2612_ERR5766180_db5.kaiju.tsv contains string 'ERR5766180.801529':true",
            "2613_ERR5766181_db5.kaijutable.txt contains string '10239':true",
            "2613_ERR5766181_db5.kaiju.tsv contains string 'ERR5766181.537543':true",
            "2614_ERR3201952_db6.kaijutable.txt contains string '10239':true",
            "2614_ERR3201952_db6.kaiju.tsv contains string 'ERR3201952.3733937':true",
            "ERR3201952_ERR3201952_db6.kaijutable.txt contains string 'Viruses':true",
            "ERR3201952_ERR3201952_db6.kaiju.tsv contains string 'ERR3201952.3733937':true",
            "2611_ERR5766174_db7.kaijutable.txt contains string '10239':true",
            "2611_ERR5766174_db7.kaiju.tsv contains string 'ERR5766174.787876':true",
            "2612_ERR5766176_B_db7.kaijutable.txt contains string '10239':true",
            "2612_ERR5766176_B_db7.kaiju.tsv contains string 'ERR5766176.632060':true",
            "2612_ERR5766176_db7.kaijutable.txt contains string '10239':true",
            "2612_ERR5766176_db7.kaiju.tsv contains string 'ERR5766176.632059':true",
            "2612_ERR5766180_db7.kaijutable.txt contains string '10239':true",
            "2612_ERR5766180_db7.kaiju.tsv contains string 'ERR5766180.801531':true",
            "2613_ERR5766181_db7.kaijutable.txt contains string '10239':true",
            "2613_ERR5766181_db7.kaiju.tsv contains string 'ERR5766181.537544':true",
            "2614_ERR3201952_db7.kaijutable.txt contains string '10239':true",
            "2614_ERR3201952_db7.kaiju.tsv contains string 'ERR3201952.3883730':true",
            "ERR3201952_ERR3201952_db7.kaijutable.txt contains string '10239':true",
            "ERR3201952_ERR3201952_db7.kaiju.tsv contains string 'ERR3201952.3334323':true"
        ],
        "meta": {
            "nf-test": "0.9.2",
            "nextflow": "25.10.4"
        },
        "timestamp": "2026-03-25T12:18:57.159150844"
    },
    "bracken": {
        "content": [
            [
                "2611_ERR5766174_db1.bracken.kraken2.report_bracken.txt:md5,2d098b8c7767c2211984028877ebf977",
                "2611_ERR5766174_db1.bracken.tsv:md5,74af1e5c159628b9d746fc53be5409bf",
                "2612_ERR5766176_B_db1.bracken.kraken2.report_bracken.txt:md5,61af81c8d3c625729706f351adcfc1f7",
                "2612_ERR5766176_B_db1.bracken.tsv:md5,29cd06c690e1ad19236e6d2ac1962e42",
                "2612_ERR5766176_db1.bracken.kraken2.report_bracken.txt:md5,61af81c8d3c625729706f351adcfc1f7",
                "2612_ERR5766176_db1.bracken.tsv:md5,29cd06c690e1ad19236e6d2ac1962e42",
                "2612_ERR5766180_db1.bracken.kraken2.report_bracken.txt:md5,dd465fc0f8fd9a5d607dfcdfffa7da3f",
                "2612_ERR5766180_db1.bracken.tsv:md5,eda1e04db0e4f7d8138885484d8653ae",
                "2613_ERR5766181_db1.bracken.kraken2.report_bracken.txt:md5,d895ed209a110e4eff85c01e14c8d907",
                "2613_ERR5766181_db1.bracken.tsv:md5,2d3022913990b29d929f4177b52bc008"
            ]
        ],
        "meta": {
            "nf-test": "0.9.2",
            "nextflow": "25.10.4"
        },
        "timestamp": "2026-03-25T10:40:49.236131537"
    },
    "diamond": {
        "content": [
            [
                "2611_ERR5766174_db1.diamond.log contains string:true",
                "2612_ERR5766176_B_db1.diamond.log contains string:true",
                "2612_ERR5766176_db1.diamond.log contains string:true",
                "2612_ERR5766180_db1.diamond.log contains string:true",
                "2613_ERR5766181_db1.diamond.log contains string:true",
                "2614_ERR3201952_db2.diamond.log contains string:true",
                "ERR3201952_ERR3201952_db2.diamond.log contains string:true",
                "2611_ERR5766174_db3.diamond.log contains string:true",
                "2612_ERR5766176_B_db3.diamond.log contains string:true",
                "2612_ERR5766176_db3.diamond.log contains string:true",
                "2612_ERR5766180_db3.diamond.log contains string:true",
                "2613_ERR5766181_db3.diamond.log contains string:true",
                "2614_ERR3201952_db3.diamond.log contains string:true",
                "ERR3201952_ERR3201952_db3.diamond.log contains string:true"
            ],
            "2611_ERR5766174_db1.diamond.tsv contains string 'ERR5766174.77':true",
            "2612_ERR5766176_B_db1.diamond.tsv contains string 'ERR5766176.629950':true",
            "2612_ERR5766176_db1.diamond.tsv contains string 'ERR5766176.629950':true",
            "2612_ERR5766180_db1.diamond.tsv contains string 'ERR5766180.800099':true",
            "2613_ERR5766181_db1.diamond.tsv contains string 'ERR5766181.537534':true",
            "2614_ERR3201952_db2.diamond.tsv contains string 'ERR3201952.2880089':true",
            "ERR3201952_ERR3201952_db2.diamond.tsv contains string 'ERR3201952.3883730':true",
            "2611_ERR5766174_db3.diamond.tsv contains string 'ERR5766174.787821':true",
            "2612_ERR5766176_B_db3.diamond.tsv contains string 'ERR5766176.629950':true",
            "2612_ERR5766176_db3.diamond.tsv contains string 'ERR5766176.629950':true",
            "2612_ERR5766180_db3.diamond.tsv contains string 'ERR5766180.801451':true",
            "2613_ERR5766181_db3.diamond.tsv contains string 'ERR5766181.537534':true",
            "2614_ERR3201952_db3.diamond.tsv contains string 'ERR3201952.1276975':true",
            "ERR3201952_ERR3201952_db3.diamond.tsv contains string 'ERR3201952.1276975':true"
        ],
        "meta": {
            "nf-test": "0.9.2",
            "nextflow": "25.10.4"
        },
        "timestamp": "2026-03-26T05:19:48.665438887"
    },
    "metaphlan": {
        "content": [
            [
                "2611_ERR5766174_metaphlan3.metaphlan.biom contains string 'generated_by': true",
                "2612_ERR5766176_B_metaphlan3.metaphlan.biom contains string 'generated_by': true",
                "2612_ERR5766176_metaphlan3.metaphlan.biom contains string 'generated_by': true",
                "2612_ERR5766180_metaphlan3.metaphlan.biom contains string 'generated_by': true",
                "2613_ERR5766181_metaphlan3.metaphlan.biom contains string 'generated_by': true",
                "2611_ERR5766174_metaphlan4.metaphlan.biom contains string 'generated_by': true",
                "2612_ERR5766176_B_metaphlan4.metaphlan.biom contains string 'generated_by': true",
                "2612_ERR5766176_metaphlan4.metaphlan.biom contains string 'generated_by': true",
                "2612_ERR5766180_metaphlan4.metaphlan.biom contains string 'generated_by': true",
                "2613_ERR5766181_metaphlan4.metaphlan.biom contains string 'generated_by': true"
            ],
            [
                "2611_ERR5766174_metaphlan3.metaphlan.bowtie2out.txt contains string 'avg_read_length': true",
                "2612_ERR5766176_B_metaphlan3.metaphlan.bowtie2out.txt contains string 'avg_read_length': true",
                "2612_ERR5766176_metaphlan3.metaphlan.bowtie2out.txt contains string 'avg_read_length': true",
                "2612_ERR5766180_metaphlan3.metaphlan.bowtie2out.txt contains string 'avg_read_length': true",
                "2613_ERR5766181_metaphlan3.metaphlan.bowtie2out.txt contains string 'avg_read_length': true",
                "2611_ERR5766174_metaphlan4.metaphlan.bowtie2out.txt contains string 'avg_read_length': true",
                "2612_ERR5766176_B_metaphlan4.metaphlan.bowtie2out.txt contains string 'avg_read_length': true",
                "2612_ERR5766176_metaphlan4.metaphlan.bowtie2out.txt contains string 'avg_read_length': true",
                "2612_ERR5766180_metaphlan4.metaphlan.bowtie2out.txt contains string 'avg_read_length': true",
                "2613_ERR5766181_metaphlan4.metaphlan.bowtie2out.txt contains string 'avg_read_length': true"
            ],
            [
                "2611_ERR5766174_metaphlan3.metaphlan_profile.txt contains string 'clade_name': true",
                "2612_ERR5766176_B_metaphlan3.metaphlan_profile.txt contains string 'clade_name': true",
                "2612_ERR5766176_metaphlan3.metaphlan_profile.txt contains string 'clade_name': true",
                "2612_ERR5766180_metaphlan3.metaphlan_profile.txt contains string 'clade_name': true",
                "2613_ERR5766181_metaphlan3.metaphlan_profile.txt contains string 'clade_name': true",
                "2611_ERR5766174_metaphlan4.metaphlan_profile.txt contains string 'clade_name': true",
                "2612_ERR5766176_B_metaphlan4.metaphlan_profile.txt contains string 'clade_name': true",
                "2612_ERR5766176_metaphlan4.metaphlan_profile.txt contains string 'clade_name': true",
                "2612_ERR5766180_metaphlan4.metaphlan_profile.txt contains string 'clade_name': true",
                "2613_ERR5766181_metaphlan4.metaphlan_profile.txt contains string 'clade_name': true"
            ]
        ],
        "meta": {
            "nf-test": "0.9.2",
            "nextflow": "25.10.4"
        },
        "timestamp": "2026-03-25T10:40:53.892852763"
    },
    "sylph": {
        "content": [
            [
                "2612_ERR5766176_B_db1.sylph.tsv:md5,6502e3e2bf150499cef8bb39e1bac0bb",
                "2612_ERR5766176_B_db1.sylphmpa:md5,2ad8a1a2b4bbbe64cd284822cda64c42",
                "2612_ERR5766176_db1.sylph.tsv:md5,c03a67fc1111a5e97b39cda854387843",
                "2612_ERR5766176_db1.sylphmpa:md5,f4ef2b1ca4f9c3fa36f62085850d68bb",
                "2612_ERR5766180_db1.sylph.tsv:md5,0c63927fabda19384e027299f237ea40",
                "2612_ERR5766180_db1.sylphmpa:md5,a1446704b98b2403996d159ac0a1e4bf",
                "2613_ERR5766181_db1.sylph.tsv:md5,8955da8f97a7a35325dd87ea1372c7b5",
                "2613_ERR5766181_db1.sylphmpa:md5,5c87c1e1f8aa61e1f81c9e879c45f831",
                "ERR3201952_ERR3201952_db1.sylph.tsv:md5,52ba5343d60fc19422d2057ae8395aab",
                "ERR3201952_ERR3201952_db1.sylphmpa:md5,902af46f2bfff0858f6e1a672f2f7178"
            ]
        ],
        "meta": {
            "nf-test": "0.9.2",
            "nextflow": "25.10.4"
        },
        "timestamp": "2026-03-25T10:40:54.458489652"
    },
    "-profile test_nopreprocessing": {
        "content": [
            {
                "BRACKEN_BRACKEN": {
                    "bracken": "3.0.1"
                },
                "CENTRIFUGE_CENTRIFUGE": {
                    "centrifuge": "1.0.4"
                },
                "CENTRIFUGE_KREPORT": {
                    "centrifuge": "1.0.4"
                },
                "DIAMOND_BLASTX": {
                    "diamond": "2.1.12"
                },
                "FASTQC": {
                    "fastqc": "0.12.1"
                },
                "GANON_CLASSIFY": {
                    "ganon": "2.1.0"
                },
                "GANON_REPORT": {
                    "ganon": "2.1.0"
                },
                "KAIJU_KAIJU": {
                    "kaiju": "1.10.0"
                },
                "KAIJU_KAIJU2KRONA": {
                    "kaiju": "1.10.0"
                },
                "KAIJU_KAIJU2TABLE_SINGLE": {
                    "kaiju": "1.10.0"
                },
                "KMCP_PROFILE": {
                    "kmcp": "0.9.4"
                },
                "KMCP_SEARCH": {
                    "kmcp": "0.9.4"
                },
                "KRAKEN2_KRAKEN2": {
                    "kraken2": "2.1.5",
                    "pigz": 2.8
                },
                "KRAKENTOOLS_KREPORT2KRONA": {
                    "kreport2krona.py": 1.2
                },
                "KRONACLEANUP": {
                    "sed": 4.7
                },
                "KRONA_KTIMPORTTEXT": {
                    "krona": "2.8.1"
                },
                "MELON": {
                    "melon": "0.2.5"
                },
                "METACACHE_QUERY": {
                    "metacache": "2.5.0"
                },
                "METAPHLAN_METAPHLAN": {
                    "metaphlan": "4.1.1"
                },
                "SYLPHTAX_TAXPROF": {
                    "sylph-tax": "1.2.0"
                },
                "SYLPH_PROFILE": {
                    "sylph": "0.7.0"
                },
                "UNTAR": {
                    "untar": 1.34
                },
                "Workflow": {
                    "nf-core/taxprofiler": "v1.2.7dev"
                }
            }
        ],
        "meta": {
            "nf-test": "0.9.2",
            "nextflow": "25.10.4"
        },
        "timestamp": "2026-03-26T05:19:48.221390154"
    },
    "kraken2": {
        "content": [
            "2611_ERR5766174_db2.kraken2.kraken2.report.txt contains string:'Homo sapiens':true",
            "2612_ERR5766176_B_db2.kraken2.kraken2.report.txt contains string:'Saccharomyces cerevisiae S288C':true",
            "2612_ERR5766176_db2.kraken2.kraken2.report.txt contains string:'Saccharomyces cerevisiae S288C':true",
            "2612_ERR5766180_db2.kraken2.kraken2.report.txt contains string:'Saccharomyces cerevisiae S288C':true",
            "2613_ERR5766181_db2.kraken2.kraken2.report.txt contains string:'Saccharomyces cerevisiae S288C':true"
        ],
        "meta": {
            "nf-test": "0.9.2",
            "nextflow": "25.10.4"
        },
        "timestamp": "2026-03-25T12:18:58.781264219"
    },
    "centrifuge": {
        "content": [
            [
                "2612_ERR5766176_B_db3.centrifuge.report.txt contains string 'Homo sapiens': true",
                "2612_ERR5766176_db3.centrifuge.report.txt contains string 'Homo sapiens': true",
                "2612_ERR5766180_db3.centrifuge.report.txt contains string 'Homo sapiens': true",
                "2613_ERR5766181_db3.centrifuge.report.txt contains string 'Homo sapiens': true"
            ],
            [
                "2612_ERR5766176_B_db3.centrifuge.results.txt contains string '4392': true",
                "2612_ERR5766176_db3.centrifuge.results.txt contains string '4392': true",
                "2612_ERR5766180_db3.centrifuge.results.txt contains string '4392': true",
                "2613_ERR5766181_db3.centrifuge.results.txt contains string '4392': true"
            ],
            [
                "2612_ERR5766176_B_db3.centrifuge.txt contains string 'Homo sapiens': true",
                "2612_ERR5766176_db3.centrifuge.txt contains string 'Homo sapiens': true",
                "2612_ERR5766180_db3.centrifuge.txt contains string 'Homo sapiens': true",
                "2613_ERR5766181_db3.centrifuge.txt contains string 'Homo sapiens': true"
            ]
        ],
        "meta": {
            "nf-test": "0.9.2",
            "nextflow": "25.10.4"
        },
        "timestamp": "2026-03-26T05:19:48.592093542"
    },
    "melon": {
        "content": [
            [
                "ERR3201952_dup.json:md5,293a437efc4be9d8b34fa05acb292828",
                "ERR3201952_dup.tsv:md5,2f4e7a4cb46beff1c7059471a9ce0799",
                "ERR3201952.json:md5,293a437efc4be9d8b34fa05acb292828",
                "ERR3201952.tsv:md5,2f4e7a4cb46beff1c7059471a9ce0799"
            ]
        ],
        "meta": {
            "nf-test": "0.9.2",
            "nextflow": "25.10.4"
        },
        "timestamp": "2026-03-25T10:40:52.705544983"
    },
    "kmcp": {
        "content": [
            [
                "2611_ERR5766174_db1.kmcp.profile:md5,8b50fa20b6e60078b4e82ee56ad9a687",
                "2612_ERR5766176_B_db1.kmcp.profile:md5,451cab8940eae538e9e3583a16050c5e",
                "2612_ERR5766176_db1.kmcp.profile:md5,451cab8940eae538e9e3583a16050c5e",
                "2612_ERR5766180_db1.kmcp.profile:md5,65bfeb72091897019cf2f0d956cf9e6f",
                "2613_ERR5766181_db1.kmcp.profile:md5,836b26ea68ab5d2cd98868c3a480dc02"
            ]
        ],
        "meta": {
            "nf-test": "0.9.2",
            "nextflow": "25.10.4"
        },
        "timestamp": "2026-03-25T10:40:51.534224917"
    }
}