{
    "all_files": {
        "content": [
            [
                "fastqc",
                "fastqc/raw",
                "fastqc/raw/2612_ERR5766176_B_raw_1_fastqc.html",
                "fastqc/raw/2612_ERR5766176_B_raw_1_fastqc.zip",
                "fastqc/raw/2612_ERR5766176_B_raw_2_fastqc.html",
                "fastqc/raw/2612_ERR5766176_B_raw_2_fastqc.zip",
                "fastqc/raw/2612_ERR5766176_raw_1_fastqc.html",
                "fastqc/raw/2612_ERR5766176_raw_1_fastqc.zip",
                "fastqc/raw/2612_ERR5766176_raw_2_fastqc.html",
                "fastqc/raw/2612_ERR5766176_raw_2_fastqc.zip",
                "fastqc/raw/2612_ERR5766180_raw_fastqc.html",
                "fastqc/raw/2612_ERR5766180_raw_fastqc.zip",
                "fastqc/raw/2613_ERR5766181_raw_1_fastqc.html",
                "fastqc/raw/2613_ERR5766181_raw_1_fastqc.zip",
                "fastqc/raw/2613_ERR5766181_raw_2_fastqc.html",
                "fastqc/raw/2613_ERR5766181_raw_2_fastqc.zip",
                "fastqc/raw/ERR3201952_ERR3201952_raw_fastqc.html",
                "fastqc/raw/ERR3201952_ERR3201952_raw_fastqc.zip",
                "motus",
                "motus/db1",
                "motus/db1/2612_ERR5766176_B_db1.log",
                "motus/db1/2612_ERR5766176_B_db1.out",
                "motus/db1/2612_ERR5766176_db1.log",
                "motus/db1/2612_ERR5766176_db1.out",
                "motus/db1/2612_ERR5766180_db1.log",
                "motus/db1/2612_ERR5766180_db1.out",
                "motus/db1/2613_ERR5766181_db1.log",
                "motus/db1/2613_ERR5766181_db1.out",
                "motus/db1/ERR3201952_ERR3201952_db1.log",
                "motus/db1/ERR3201952_ERR3201952_db1.out",
                "motus/motus_db1_combined_reports.txt",
                "multiqc",
                "multiqc/multiqc_data",
                "multiqc/multiqc_data/fastqc-status-check-heatmap.txt",
                "multiqc/multiqc_data/fastqc_adapter_content_plot.txt",
                "multiqc/multiqc_data/fastqc_overrepresented_sequences_plot.txt",
                "multiqc/multiqc_data/fastqc_per_base_n_content_plot.txt",
                "multiqc/multiqc_data/fastqc_per_base_sequence_quality_plot.txt",
                "multiqc/multiqc_data/fastqc_per_sequence_gc_content_plot_Counts.txt",
                "multiqc/multiqc_data/fastqc_per_sequence_gc_content_plot_Percentages.txt",
                "multiqc/multiqc_data/fastqc_per_sequence_quality_scores_plot.txt",
                "multiqc/multiqc_data/fastqc_sequence_counts_plot.txt",
                "multiqc/multiqc_data/fastqc_sequence_duplication_levels_plot.txt",
                "multiqc/multiqc_data/fastqc_sequence_length_distribution_plot.txt",
                "multiqc/multiqc_data/fastqc_top_overrepresented_sequences_table.txt",
                "multiqc/multiqc_data/llms-full.txt",
                "multiqc/multiqc_data/motus-filtering-reads.txt",
                "multiqc/multiqc_data/motus-identification-types.txt",
                "multiqc/multiqc_data/motus-mapping-inserts.txt",
                "multiqc/multiqc_data/motus.txt",
                "multiqc/multiqc_data/multiqc.log",
                "multiqc/multiqc_data/multiqc.parquet",
                "multiqc/multiqc_data/multiqc_citations.txt",
                "multiqc/multiqc_data/multiqc_data.json",
                "multiqc/multiqc_data/multiqc_fastqc.txt",
                "multiqc/multiqc_data/multiqc_general_stats.txt",
                "multiqc/multiqc_data/multiqc_software_versions.txt",
                "multiqc/multiqc_data/multiqc_sources.txt",
                "multiqc/multiqc_plots",
                "multiqc/multiqc_plots/pdf",
                "multiqc/multiqc_plots/pdf",
                "multiqc/multiqc_plots/pdf/fastqc_adapter_content_plot.pdf",
                "multiqc/multiqc_plots/pdf/fastqc_overrepresented_sequences_plot.pdf",
                "multiqc/multiqc_plots/pdf/fastqc_per_base_n_content_plot.pdf",
                "multiqc/multiqc_plots/pdf/fastqc_per_base_sequence_quality_plot.pdf",
                "multiqc/multiqc_plots/pdf/fastqc_per_sequence_gc_content_plot_Counts.pdf",
                "multiqc/multiqc_plots/pdf/fastqc_per_sequence_gc_content_plot_Percentages.pdf",
                "multiqc/multiqc_plots/pdf/fastqc_per_sequence_quality_scores_plot.pdf",
                "multiqc/multiqc_plots/pdf/fastqc_sequence_counts_plot-cnt.pdf",
                "multiqc/multiqc_plots/pdf/fastqc_sequence_counts_plot-pct.pdf",
                "multiqc/multiqc_plots/pdf/fastqc_sequence_duplication_levels_plot.pdf",
                "multiqc/multiqc_plots/pdf/fastqc_sequence_length_distribution_plot.pdf",
                "multiqc/multiqc_plots/pdf/fastqc_top_overrepresented_sequences_table.pdf",
                "multiqc/multiqc_plots/pdf/motus-filtering-reads-cnt.pdf",
                "multiqc/multiqc_plots/pdf/motus-filtering-reads-pct.pdf",
                "multiqc/multiqc_plots/pdf/motus-identification-types-cnt.pdf",
                "multiqc/multiqc_plots/pdf/motus-identification-types-pct.pdf",
                "multiqc/multiqc_plots/pdf/motus-mapping-inserts-cnt.pdf",
                "multiqc/multiqc_plots/pdf/motus-mapping-inserts-pct.pdf",
                "multiqc/multiqc_plots/png",
                "multiqc/multiqc_plots/png/fastqc_adapter_content_plot.png",
                "multiqc/multiqc_plots/png/fastqc_overrepresented_sequences_plot.png",
                "multiqc/multiqc_plots/png/fastqc_per_base_n_content_plot.png",
                "multiqc/multiqc_plots/png/fastqc_per_base_sequence_quality_plot.png",
                "multiqc/multiqc_plots/png/fastqc_per_sequence_gc_content_plot_Counts.png",
                "multiqc/multiqc_plots/png/fastqc_per_sequence_gc_content_plot_Percentages.png",
                "multiqc/multiqc_plots/png/fastqc_per_sequence_quality_scores_plot.png",
                "multiqc/multiqc_plots/png/fastqc_sequence_counts_plot-cnt.png",
                "multiqc/multiqc_plots/png/fastqc_sequence_counts_plot-pct.png",
                "multiqc/multiqc_plots/png/fastqc_sequence_duplication_levels_plot.png",
                "multiqc/multiqc_plots/png/fastqc_sequence_length_distribution_plot.png",
                "multiqc/multiqc_plots/png/fastqc_top_overrepresented_sequences_table.png",
                "multiqc/multiqc_plots/png/motus-filtering-reads-cnt.png",
                "multiqc/multiqc_plots/png/motus-filtering-reads-pct.png",
                "multiqc/multiqc_plots/png/motus-identification-types-cnt.png",
                "multiqc/multiqc_plots/png/motus-identification-types-pct.png",
                "multiqc/multiqc_plots/png/motus-mapping-inserts-cnt.png",
                "multiqc/multiqc_plots/png/motus-mapping-inserts-pct.png",
                "multiqc/multiqc_plots/svg",
                "multiqc/multiqc_plots/svg/fastqc_adapter_content_plot.svg",
                "multiqc/multiqc_plots/svg/fastqc_overrepresented_sequences_plot.svg",
                "multiqc/multiqc_plots/svg/fastqc_per_base_n_content_plot.svg",
                "multiqc/multiqc_plots/svg/fastqc_per_base_sequence_quality_plot.svg",
                "multiqc/multiqc_plots/svg/fastqc_per_sequence_gc_content_plot_Counts.svg",
                "multiqc/multiqc_plots/svg/fastqc_per_sequence_gc_content_plot_Percentages.svg",
                "multiqc/multiqc_plots/svg/fastqc_per_sequence_quality_scores_plot.svg",
                "multiqc/multiqc_plots/svg/fastqc_sequence_counts_plot-cnt.svg",
                "multiqc/multiqc_plots/svg/fastqc_sequence_counts_plot-pct.svg",
                "multiqc/multiqc_plots/svg/fastqc_sequence_duplication_levels_plot.svg",
                "multiqc/multiqc_plots/svg/fastqc_sequence_length_distribution_plot.svg",
                "multiqc/multiqc_plots/svg/fastqc_top_overrepresented_sequences_table.svg",
                "multiqc/multiqc_plots/svg/motus-filtering-reads-cnt.svg",
                "multiqc/multiqc_plots/svg/motus-filtering-reads-pct.svg",
                "multiqc/multiqc_plots/svg/motus-identification-types-cnt.svg",
                "multiqc/multiqc_plots/svg/motus-identification-types-pct.svg",
                "multiqc/multiqc_plots/svg/motus-mapping-inserts-cnt.svg",
                "multiqc/multiqc_plots/svg/motus-mapping-inserts-pct.svg",
                "multiqc/multiqc_report.html",
                "pipeline_info",
                "pipeline_info/nf_core_taxprofiler_software_mqc_versions.yml",
                "taxpasta",
                "taxpasta/motus_db1.tsv"
            ]
        ],
        "meta": {
            "nf-test": "0.9.3",
            "nextflow": "25.10.4"
        },
        "timestamp": "2026-04-14T12:20:51.715790889"
    },
    "-profile test_motus": {
        "content": [
            {
                "FASTQC": {
                    "fastqc": "0.12.1"
                },
                "MOTUS_MERGE": {
                    "motus": "3.0.3"
                },
                "MOTUS_PREPLONG": {
                    "motus": "3.0.3"
                },
                "MOTUS_PROFILE": {
                    "motus": "3.0.3"
                },
                "TAXPASTA_MERGE": {
                    "taxpasta": "0.7.0"
                },
                "Workflow": {
                    "nf-core/taxprofiler": "v2.0.0"
                }
            }
        ],
        "meta": {
            "nf-test": "0.9.3",
            "nextflow": "25.10.4"
        },
        "timestamp": "2026-04-14T12:20:51.701496939"
    },
    "motus": {
        "content": [
            [

            ],
            [
                "2612_ERR5766176_B_db1.log contains string 'Finished computation': true",
                "2612_ERR5766176_db1.log contains string 'Finished computation': true",
                "2612_ERR5766180_db1.log contains string 'Finished computation': true",
                "2613_ERR5766181_db1.log contains string 'Finished computation': true",
                "ERR3201952_ERR3201952_db1.log contains string 'Finished computation': true"
            ],
            [
                "2612_ERR5766176_B_db1.out contains string 'Leptospira alexanderi: true",
                "2612_ERR5766176_db1.out contains string 'Leptospira alexanderi: true",
                "2612_ERR5766180_db1.out contains string 'Leptospira alexanderi: true",
                "2613_ERR5766181_db1.out contains string 'Leptospira alexanderi: true",
                "ERR3201952_ERR3201952_db1.out contains string 'Leptospira alexanderi: true"
            ],
            "motus_db1_combined_reports.txt contains string 'unassigned': true",
            "motus_db1.tsv contains string '165179': true"
        ],
        "meta": {
            "nf-test": "0.9.3",
            "nextflow": "25.10.4"
        },
        "timestamp": "2026-04-14T12:20:51.807598317"
    }
}
