{
    "-profile test_alternativepreprocessing": {
        "content": [
            {
                "ADAPTERREMOVAL_PAIRED": {
                    "adapterremoval": "2.3.2"
                },
                "BOWTIE2_ALIGN": {
                    "bowtie2": "2.5.4",
                    "pigz": 2.8,
                    "samtools": 1.21
                },
                "BOWTIE2_BUILD": {
                    "bowtie2": "2.5.4"
                },
                "FASTQC": {
                    "fastqc": "0.12.1"
                },
                "FASTQC_PROCESSED": {
                    "fastqc": "0.12.1"
                },
                "FILTLONG": {
                    "filtlong": "0.2.1"
                },
                "KAIJU_KAIJU": {
                    "kaiju": "1.10.0"
                },
                "KAIJU_KAIJU2TABLE_SINGLE": {
                    "kaiju": "1.10.0"
                },
                "KRAKEN2_KRAKEN2": {
                    "kraken2": "2.1.5",
                    "pigz": 2.8
                },
                "MERGE_RUNS": {
                    "cat": 9.5
                },
                "MINIMAP2_ALIGN": {
                    "minimap2": "2.29-r1283",
                    "samtools": 1.21
                },
                "MINIMAP2_INDEX": {
                    "minimap2": "2.29-r1283"
                },
                "PORECHOP_PORECHOP": {
                    "porechop": "0.2.4"
                },
                "PRINSEQPLUSPLUS": {
                    "prinseqplusplus": 1.2
                },
                "SAMTOOLS_FASTQ": {
                    "samtools": "1.22.1"
                },
                "SAMTOOLS_INDEX": {
                    "samtools": "1.22.1"
                },
                "SAMTOOLS_STATS": {
                    "samtools": "1.22.1"
                },
                "SAMTOOLS_VIEW": {
                    "samtools": "1.22.1"
                },
                "UNTAR": {
                    "untar": 1.34
                },
                "Workflow": {
                    "nf-core/taxprofiler": "v2.1.0dev"
                }
            }
        ],
        "meta": {
            "nf-test": "0.9.3",
            "nextflow": "25.10.4"
        },
        "timestamp": "2026-04-09T17:19:53.689294746"
    },
    "all_files": {
        "content": [
            [
                "adapterremoval",
                "adapterremoval/2612_ERR5766176.settings",
                "adapterremoval/2612_ERR5766176_B.settings",
                "adapterremoval/2613_ERR5766181.settings",
                "bowtie2",
                "bowtie2/align",
                "bowtie2/align/2612_ERR5766176.bowtie2.log",
                "bowtie2/align/2612_ERR5766176_B.bowtie2.log",
                "bowtie2/align/2613_ERR5766181.bowtie2.log",
                "fastqc",
                "fastqc/processed",
                "fastqc/processed/2612_ERR5766176_B_processed_1_fastqc.html",
                "fastqc/processed/2612_ERR5766176_B_processed_1_fastqc.zip",
                "fastqc/processed/2612_ERR5766176_B_processed_2_fastqc.html",
                "fastqc/processed/2612_ERR5766176_B_processed_2_fastqc.zip",
                "fastqc/processed/2612_ERR5766176_processed_1_fastqc.html",
                "fastqc/processed/2612_ERR5766176_processed_1_fastqc.zip",
                "fastqc/processed/2612_ERR5766176_processed_2_fastqc.html",
                "fastqc/processed/2612_ERR5766176_processed_2_fastqc.zip",
                "fastqc/processed/2613_ERR5766181_processed_1_fastqc.html",
                "fastqc/processed/2613_ERR5766181_processed_1_fastqc.zip",
                "fastqc/processed/2613_ERR5766181_processed_2_fastqc.html",
                "fastqc/processed/2613_ERR5766181_processed_2_fastqc.zip",
                "fastqc/processed/ERR3201952_ERR3201952_processed_fastqc.html",
                "fastqc/processed/ERR3201952_ERR3201952_processed_fastqc.zip",
                "fastqc/raw",
                "fastqc/raw/2612_ERR5766176_B_raw_1_fastqc.html",
                "fastqc/raw/2612_ERR5766176_B_raw_1_fastqc.zip",
                "fastqc/raw/2612_ERR5766176_B_raw_2_fastqc.html",
                "fastqc/raw/2612_ERR5766176_B_raw_2_fastqc.zip",
                "fastqc/raw/2612_ERR5766176_raw_1_fastqc.html",
                "fastqc/raw/2612_ERR5766176_raw_1_fastqc.zip",
                "fastqc/raw/2612_ERR5766176_raw_2_fastqc.html",
                "fastqc/raw/2612_ERR5766176_raw_2_fastqc.zip",
                "fastqc/raw/2613_ERR5766181_raw_1_fastqc.html",
                "fastqc/raw/2613_ERR5766181_raw_1_fastqc.zip",
                "fastqc/raw/2613_ERR5766181_raw_2_fastqc.html",
                "fastqc/raw/2613_ERR5766181_raw_2_fastqc.zip",
                "fastqc/raw/ERR3201952_ERR3201952_raw_fastqc.html",
                "fastqc/raw/ERR3201952_ERR3201952_raw_fastqc.zip",
                "filtlong",
                "filtlong/ERR3201952_ERR3201952_filtered.log",
                "kaiju",
                "kaiju/db5",
                "kaiju/db5/2611_db5.kaiju.tsv",
                "kaiju/db5/2611_db5.kaijutable.txt",
                "kaiju/db5/2612_db5.kaiju.tsv",
                "kaiju/db5/2612_db5.kaijutable.txt",
                "kaiju/db5/2613_db5.kaiju.tsv",
                "kaiju/db5/2613_db5.kaijutable.txt",
                "kaiju/db6",
                "kaiju/db6/2614_db6.kaiju.tsv",
                "kaiju/db6/2614_db6.kaijutable.txt",
                "kaiju/db6/ERR3201952_db6.kaiju.tsv",
                "kaiju/db6/ERR3201952_db6.kaijutable.txt",
                "kaiju/db7",
                "kaiju/db7/2611_db7.kaiju.tsv",
                "kaiju/db7/2611_db7.kaijutable.txt",
                "kaiju/db7/2612_db7.kaiju.tsv",
                "kaiju/db7/2612_db7.kaijutable.txt",
                "kaiju/db7/2613_db7.kaiju.tsv",
                "kaiju/db7/2613_db7.kaijutable.txt",
                "kaiju/db7/2614_db7.kaiju.tsv",
                "kaiju/db7/2614_db7.kaijutable.txt",
                "kaiju/db7/ERR3201952_db7.kaiju.tsv",
                "kaiju/db7/ERR3201952_db7.kaijutable.txt",
                "kraken2",
                "kraken2/db2",
                "kraken2/db2/2611_db2.kraken2.kraken2.report.txt",
                "kraken2/db2/2612_db2.kraken2.kraken2.report.txt",
                "kraken2/db2/2613_db2.kraken2.kraken2.report.txt",
                "multiqc",
                "multiqc/multiqc_data",
                "multiqc/multiqc_data/ar_length_count_plot_All.txt",
                "multiqc/multiqc_data/ar_length_count_plot_Discarded.txt",
                "multiqc/multiqc_data/ar_length_count_plot_Mate1.txt",
                "multiqc/multiqc_data/ar_length_count_plot_Mate2.txt",
                "multiqc/multiqc_data/ar_length_count_plot_Singleton.txt",
                "multiqc/multiqc_data/ar_retained_plot.txt",
                "multiqc/multiqc_data/bowtie2_pe_plot.txt",
                "multiqc/multiqc_data/fastqc-1-status-check-heatmap.txt",
                "multiqc/multiqc_data/fastqc-1_adapter_content_plot.txt",
                "multiqc/multiqc_data/fastqc-1_per_base_n_content_plot.txt",
                "multiqc/multiqc_data/fastqc-1_per_base_sequence_quality_plot.txt",
                "multiqc/multiqc_data/fastqc-1_per_sequence_gc_content_plot_Counts.txt",
                "multiqc/multiqc_data/fastqc-1_per_sequence_gc_content_plot_Percentages.txt",
                "multiqc/multiqc_data/fastqc-1_per_sequence_quality_scores_plot.txt",
                "multiqc/multiqc_data/fastqc-1_sequence_counts_plot.txt",
                "multiqc/multiqc_data/fastqc-1_sequence_duplication_levels_plot.txt",
                "multiqc/multiqc_data/fastqc-status-check-heatmap.txt",
                "multiqc/multiqc_data/fastqc_adapter_content_plot.txt",
                "multiqc/multiqc_data/fastqc_per_base_n_content_plot.txt",
                "multiqc/multiqc_data/fastqc_per_base_sequence_quality_plot.txt",
                "multiqc/multiqc_data/fastqc_per_sequence_gc_content_plot_Counts.txt",
                "multiqc/multiqc_data/fastqc_per_sequence_gc_content_plot_Percentages.txt",
                "multiqc/multiqc_data/fastqc_per_sequence_quality_scores_plot.txt",
                "multiqc/multiqc_data/fastqc_sequence_counts_plot.txt",
                "multiqc/multiqc_data/fastqc_sequence_duplication_levels_plot.txt",
                "multiqc/multiqc_data/fastqc_sequence_length_distribution_plot.txt",
                "multiqc/multiqc_data/filtlong.txt",
                "multiqc/multiqc_data/kaiju-topfive-plot.txt",
                "multiqc/multiqc_data/kraken-top-n-plot_Class.txt",
                "multiqc/multiqc_data/kraken-top-n-plot_Domain.txt",
                "multiqc/multiqc_data/kraken-top-n-plot_Family.txt",
                "multiqc/multiqc_data/kraken-top-n-plot_Genus.txt",
                "multiqc/multiqc_data/kraken-top-n-plot_Kingdom.txt",
                "multiqc/multiqc_data/kraken-top-n-plot_Order.txt",
                "multiqc/multiqc_data/kraken-top-n-plot_Phylum.txt",
                "multiqc/multiqc_data/kraken-top-n-plot_Species.txt",
                "multiqc/multiqc_data/kraken-top-n-plot_Unclassified.txt",
                "multiqc/multiqc_data/llms-full.txt",
                "multiqc/multiqc_data/multiqc.log",
                "multiqc/multiqc_data/multiqc.parquet",
                "multiqc/multiqc_data/multiqc_adapter_removal.txt",
                "multiqc/multiqc_data/multiqc_bowtie2.txt",
                "multiqc/multiqc_data/multiqc_citations.txt",
                "multiqc/multiqc_data/multiqc_data.json",
                "multiqc/multiqc_data/multiqc_fastqc.txt",
                "multiqc/multiqc_data/multiqc_fastqc_fastqc-1.txt",
                "multiqc/multiqc_data/multiqc_general_stats.txt",
                "multiqc/multiqc_data/multiqc_kaiju_species.txt",
                "multiqc/multiqc_data/multiqc_kraken.txt",
                "multiqc/multiqc_data/multiqc_samtools_stats.txt",
                "multiqc/multiqc_data/multiqc_software_versions.txt",
                "multiqc/multiqc_data/multiqc_sources.txt",
                "multiqc/multiqc_data/porechop-endtrim-barplot.txt",
                "multiqc/multiqc_data/porechop-middlesplit-barplot.txt",
                "multiqc/multiqc_data/porechop-starttrim-barplot.txt",
                "multiqc/multiqc_data/porechop_porechop.txt",
                "multiqc/multiqc_data/samtools-stats-dp.txt",
                "multiqc/multiqc_data/samtools_alignment_plot.txt",
                "multiqc/multiqc_plots",
                "multiqc/multiqc_plots/pdf",
                "multiqc/multiqc_plots/pdf/ar_length_count_plot_All.pdf",
                "multiqc/multiqc_plots/pdf/ar_length_count_plot_Discarded.pdf",
                "multiqc/multiqc_plots/pdf/ar_length_count_plot_Mate1.pdf",
                "multiqc/multiqc_plots/pdf/ar_length_count_plot_Mate2.pdf",
                "multiqc/multiqc_plots/pdf/ar_length_count_plot_Singleton.pdf",
                "multiqc/multiqc_plots/pdf/ar_retained_plot-cnt.pdf",
                "multiqc/multiqc_plots/pdf/ar_retained_plot-pct.pdf",
                "multiqc/multiqc_plots/pdf/bowtie2_pe_plot-cnt.pdf",
                "multiqc/multiqc_plots/pdf/bowtie2_pe_plot-pct.pdf",
                "multiqc/multiqc_plots/pdf/fastqc-1_adapter_content_plot.pdf",
                "multiqc/multiqc_plots/pdf/fastqc-1_per_base_n_content_plot.pdf",
                "multiqc/multiqc_plots/pdf/fastqc-1_per_base_sequence_quality_plot.pdf",
                "multiqc/multiqc_plots/pdf/fastqc-1_per_sequence_gc_content_plot_Counts.pdf",
                "multiqc/multiqc_plots/pdf/fastqc-1_per_sequence_gc_content_plot_Percentages.pdf",
                "multiqc/multiqc_plots/pdf/fastqc-1_per_sequence_quality_scores_plot.pdf",
                "multiqc/multiqc_plots/pdf/fastqc-1_sequence_counts_plot-cnt.pdf",
                "multiqc/multiqc_plots/pdf/fastqc-1_sequence_counts_plot-pct.pdf",
                "multiqc/multiqc_plots/pdf/fastqc-1_sequence_duplication_levels_plot.pdf",
                "multiqc/multiqc_plots/pdf/fastqc_adapter_content_plot.pdf",
                "multiqc/multiqc_plots/pdf/fastqc_per_base_n_content_plot.pdf",
                "multiqc/multiqc_plots/pdf/fastqc_per_base_sequence_quality_plot.pdf",
                "multiqc/multiqc_plots/pdf/fastqc_per_sequence_gc_content_plot_Counts.pdf",
                "multiqc/multiqc_plots/pdf/fastqc_per_sequence_gc_content_plot_Percentages.pdf",
                "multiqc/multiqc_plots/pdf/fastqc_per_sequence_quality_scores_plot.pdf",
                "multiqc/multiqc_plots/pdf/fastqc_sequence_counts_plot-cnt.pdf",
                "multiqc/multiqc_plots/pdf/fastqc_sequence_counts_plot-pct.pdf",
                "multiqc/multiqc_plots/pdf/fastqc_sequence_duplication_levels_plot.pdf",
                "multiqc/multiqc_plots/pdf/fastqc_sequence_length_distribution_plot.pdf",
                "multiqc/multiqc_plots/pdf/kaiju-topfive-plot-cnt.pdf",
                "multiqc/multiqc_plots/pdf/kaiju-topfive-plot-pct.pdf",
                "multiqc/multiqc_plots/pdf/kraken-top-n-plot_Class-cnt.pdf",
                "multiqc/multiqc_plots/pdf/kraken-top-n-plot_Class-pct.pdf",
                "multiqc/multiqc_plots/pdf/kraken-top-n-plot_Domain-cnt.pdf",
                "multiqc/multiqc_plots/pdf/kraken-top-n-plot_Domain-pct.pdf",
                "multiqc/multiqc_plots/pdf/kraken-top-n-plot_Family-cnt.pdf",
                "multiqc/multiqc_plots/pdf/kraken-top-n-plot_Family-pct.pdf",
                "multiqc/multiqc_plots/pdf/kraken-top-n-plot_Genus-cnt.pdf",
                "multiqc/multiqc_plots/pdf/kraken-top-n-plot_Genus-pct.pdf",
                "multiqc/multiqc_plots/pdf/kraken-top-n-plot_Kingdom-cnt.pdf",
                "multiqc/multiqc_plots/pdf/kraken-top-n-plot_Kingdom-pct.pdf",
                "multiqc/multiqc_plots/pdf/kraken-top-n-plot_Order-cnt.pdf",
                "multiqc/multiqc_plots/pdf/kraken-top-n-plot_Order-pct.pdf",
                "multiqc/multiqc_plots/pdf/kraken-top-n-plot_Phylum-cnt.pdf",
                "multiqc/multiqc_plots/pdf/kraken-top-n-plot_Phylum-pct.pdf",
                "multiqc/multiqc_plots/pdf/kraken-top-n-plot_Species-cnt.pdf",
                "multiqc/multiqc_plots/pdf/kraken-top-n-plot_Species-pct.pdf",
                "multiqc/multiqc_plots/pdf/kraken-top-n-plot_Unclassified-cnt.pdf",
                "multiqc/multiqc_plots/pdf/kraken-top-n-plot_Unclassified-pct.pdf",
                "multiqc/multiqc_plots/pdf/porechop-endtrim-barplot-cnt.pdf",
                "multiqc/multiqc_plots/pdf/porechop-endtrim-barplot-pct.pdf",
                "multiqc/multiqc_plots/pdf/porechop-middlesplit-barplot-cnt.pdf",
                "multiqc/multiqc_plots/pdf/porechop-middlesplit-barplot-pct.pdf",
                "multiqc/multiqc_plots/pdf/porechop-starttrim-barplot-cnt.pdf",
                "multiqc/multiqc_plots/pdf/porechop-starttrim-barplot-pct.pdf",
                "multiqc/multiqc_plots/pdf/samtools-stats-dp.pdf",
                "multiqc/multiqc_plots/pdf/samtools_alignment_plot-cnt.pdf",
                "multiqc/multiqc_plots/pdf/samtools_alignment_plot-pct.pdf",
                "multiqc/multiqc_plots/png",
                "multiqc/multiqc_plots/png/ar_length_count_plot_All.png",
                "multiqc/multiqc_plots/png/ar_length_count_plot_Discarded.png",
                "multiqc/multiqc_plots/png/ar_length_count_plot_Mate1.png",
                "multiqc/multiqc_plots/png/ar_length_count_plot_Mate2.png",
                "multiqc/multiqc_plots/png/ar_length_count_plot_Singleton.png",
                "multiqc/multiqc_plots/png/ar_retained_plot-cnt.png",
                "multiqc/multiqc_plots/png/ar_retained_plot-pct.png",
                "multiqc/multiqc_plots/png/bowtie2_pe_plot-cnt.png",
                "multiqc/multiqc_plots/png/bowtie2_pe_plot-pct.png",
                "multiqc/multiqc_plots/png/fastqc-1_adapter_content_plot.png",
                "multiqc/multiqc_plots/png/fastqc-1_per_base_n_content_plot.png",
                "multiqc/multiqc_plots/png/fastqc-1_per_base_sequence_quality_plot.png",
                "multiqc/multiqc_plots/png/fastqc-1_per_sequence_gc_content_plot_Counts.png",
                "multiqc/multiqc_plots/png/fastqc-1_per_sequence_gc_content_plot_Percentages.png",
                "multiqc/multiqc_plots/png/fastqc-1_per_sequence_quality_scores_plot.png",
                "multiqc/multiqc_plots/png/fastqc-1_sequence_counts_plot-cnt.png",
                "multiqc/multiqc_plots/png/fastqc-1_sequence_counts_plot-pct.png",
                "multiqc/multiqc_plots/png/fastqc-1_sequence_duplication_levels_plot.png",
                "multiqc/multiqc_plots/png/fastqc_adapter_content_plot.png",
                "multiqc/multiqc_plots/png/fastqc_per_base_n_content_plot.png",
                "multiqc/multiqc_plots/png/fastqc_per_base_sequence_quality_plot.png",
                "multiqc/multiqc_plots/png/fastqc_per_sequence_gc_content_plot_Counts.png",
                "multiqc/multiqc_plots/png/fastqc_per_sequence_gc_content_plot_Percentages.png",
                "multiqc/multiqc_plots/png/fastqc_per_sequence_quality_scores_plot.png",
                "multiqc/multiqc_plots/png/fastqc_sequence_counts_plot-cnt.png",
                "multiqc/multiqc_plots/png/fastqc_sequence_counts_plot-pct.png",
                "multiqc/multiqc_plots/png/fastqc_sequence_duplication_levels_plot.png",
                "multiqc/multiqc_plots/png/fastqc_sequence_length_distribution_plot.png",
                "multiqc/multiqc_plots/png/kaiju-topfive-plot-cnt.png",
                "multiqc/multiqc_plots/png/kaiju-topfive-plot-pct.png",
                "multiqc/multiqc_plots/png/kraken-top-n-plot_Class-cnt.png",
                "multiqc/multiqc_plots/png/kraken-top-n-plot_Class-pct.png",
                "multiqc/multiqc_plots/png/kraken-top-n-plot_Domain-cnt.png",
                "multiqc/multiqc_plots/png/kraken-top-n-plot_Domain-pct.png",
                "multiqc/multiqc_plots/png/kraken-top-n-plot_Family-cnt.png",
                "multiqc/multiqc_plots/png/kraken-top-n-plot_Family-pct.png",
                "multiqc/multiqc_plots/png/kraken-top-n-plot_Genus-cnt.png",
                "multiqc/multiqc_plots/png/kraken-top-n-plot_Genus-pct.png",
                "multiqc/multiqc_plots/png/kraken-top-n-plot_Kingdom-cnt.png",
                "multiqc/multiqc_plots/png/kraken-top-n-plot_Kingdom-pct.png",
                "multiqc/multiqc_plots/png/kraken-top-n-plot_Order-cnt.png",
                "multiqc/multiqc_plots/png/kraken-top-n-plot_Order-pct.png",
                "multiqc/multiqc_plots/png/kraken-top-n-plot_Phylum-cnt.png",
                "multiqc/multiqc_plots/png/kraken-top-n-plot_Phylum-pct.png",
                "multiqc/multiqc_plots/png/kraken-top-n-plot_Species-cnt.png",
                "multiqc/multiqc_plots/png/kraken-top-n-plot_Species-pct.png",
                "multiqc/multiqc_plots/png/kraken-top-n-plot_Unclassified-cnt.png",
                "multiqc/multiqc_plots/png/kraken-top-n-plot_Unclassified-pct.png",
                "multiqc/multiqc_plots/png/porechop-endtrim-barplot-cnt.png",
                "multiqc/multiqc_plots/png/porechop-endtrim-barplot-pct.png",
                "multiqc/multiqc_plots/png/porechop-middlesplit-barplot-cnt.png",
                "multiqc/multiqc_plots/png/porechop-middlesplit-barplot-pct.png",
                "multiqc/multiqc_plots/png/porechop-starttrim-barplot-cnt.png",
                "multiqc/multiqc_plots/png/porechop-starttrim-barplot-pct.png",
                "multiqc/multiqc_plots/png/samtools-stats-dp.png",
                "multiqc/multiqc_plots/png/samtools_alignment_plot-cnt.png",
                "multiqc/multiqc_plots/png/samtools_alignment_plot-pct.png",
                "multiqc/multiqc_plots/svg",
                "multiqc/multiqc_plots/svg/ar_length_count_plot_All.svg",
                "multiqc/multiqc_plots/svg/ar_length_count_plot_Discarded.svg",
                "multiqc/multiqc_plots/svg/ar_length_count_plot_Mate1.svg",
                "multiqc/multiqc_plots/svg/ar_length_count_plot_Mate2.svg",
                "multiqc/multiqc_plots/svg/ar_length_count_plot_Singleton.svg",
                "multiqc/multiqc_plots/svg/ar_retained_plot-cnt.svg",
                "multiqc/multiqc_plots/svg/ar_retained_plot-pct.svg",
                "multiqc/multiqc_plots/svg/bowtie2_pe_plot-cnt.svg",
                "multiqc/multiqc_plots/svg/bowtie2_pe_plot-pct.svg",
                "multiqc/multiqc_plots/svg/fastqc-1_adapter_content_plot.svg",
                "multiqc/multiqc_plots/svg/fastqc-1_per_base_n_content_plot.svg",
                "multiqc/multiqc_plots/svg/fastqc-1_per_base_sequence_quality_plot.svg",
                "multiqc/multiqc_plots/svg/fastqc-1_per_sequence_gc_content_plot_Counts.svg",
                "multiqc/multiqc_plots/svg/fastqc-1_per_sequence_gc_content_plot_Percentages.svg",
                "multiqc/multiqc_plots/svg/fastqc-1_per_sequence_quality_scores_plot.svg",
                "multiqc/multiqc_plots/svg/fastqc-1_sequence_counts_plot-cnt.svg",
                "multiqc/multiqc_plots/svg/fastqc-1_sequence_counts_plot-pct.svg",
                "multiqc/multiqc_plots/svg/fastqc-1_sequence_duplication_levels_plot.svg",
                "multiqc/multiqc_plots/svg/fastqc_adapter_content_plot.svg",
                "multiqc/multiqc_plots/svg/fastqc_per_base_n_content_plot.svg",
                "multiqc/multiqc_plots/svg/fastqc_per_base_sequence_quality_plot.svg",
                "multiqc/multiqc_plots/svg/fastqc_per_sequence_gc_content_plot_Counts.svg",
                "multiqc/multiqc_plots/svg/fastqc_per_sequence_gc_content_plot_Percentages.svg",
                "multiqc/multiqc_plots/svg/fastqc_per_sequence_quality_scores_plot.svg",
                "multiqc/multiqc_plots/svg/fastqc_sequence_counts_plot-cnt.svg",
                "multiqc/multiqc_plots/svg/fastqc_sequence_counts_plot-pct.svg",
                "multiqc/multiqc_plots/svg/fastqc_sequence_duplication_levels_plot.svg",
                "multiqc/multiqc_plots/svg/fastqc_sequence_length_distribution_plot.svg",
                "multiqc/multiqc_plots/svg/kaiju-topfive-plot-cnt.svg",
                "multiqc/multiqc_plots/svg/kaiju-topfive-plot-pct.svg",
                "multiqc/multiqc_plots/svg/kraken-top-n-plot_Class-cnt.svg",
                "multiqc/multiqc_plots/svg/kraken-top-n-plot_Class-pct.svg",
                "multiqc/multiqc_plots/svg/kraken-top-n-plot_Domain-cnt.svg",
                "multiqc/multiqc_plots/svg/kraken-top-n-plot_Domain-pct.svg",
                "multiqc/multiqc_plots/svg/kraken-top-n-plot_Family-cnt.svg",
                "multiqc/multiqc_plots/svg/kraken-top-n-plot_Family-pct.svg",
                "multiqc/multiqc_plots/svg/kraken-top-n-plot_Genus-cnt.svg",
                "multiqc/multiqc_plots/svg/kraken-top-n-plot_Genus-pct.svg",
                "multiqc/multiqc_plots/svg/kraken-top-n-plot_Kingdom-cnt.svg",
                "multiqc/multiqc_plots/svg/kraken-top-n-plot_Kingdom-pct.svg",
                "multiqc/multiqc_plots/svg/kraken-top-n-plot_Order-cnt.svg",
                "multiqc/multiqc_plots/svg/kraken-top-n-plot_Order-pct.svg",
                "multiqc/multiqc_plots/svg/kraken-top-n-plot_Phylum-cnt.svg",
                "multiqc/multiqc_plots/svg/kraken-top-n-plot_Phylum-pct.svg",
                "multiqc/multiqc_plots/svg/kraken-top-n-plot_Species-cnt.svg",
                "multiqc/multiqc_plots/svg/kraken-top-n-plot_Species-pct.svg",
                "multiqc/multiqc_plots/svg/kraken-top-n-plot_Unclassified-cnt.svg",
                "multiqc/multiqc_plots/svg/kraken-top-n-plot_Unclassified-pct.svg",
                "multiqc/multiqc_plots/svg/porechop-endtrim-barplot-cnt.svg",
                "multiqc/multiqc_plots/svg/porechop-endtrim-barplot-pct.svg",
                "multiqc/multiqc_plots/svg/porechop-middlesplit-barplot-cnt.svg",
                "multiqc/multiqc_plots/svg/porechop-middlesplit-barplot-pct.svg",
                "multiqc/multiqc_plots/svg/porechop-starttrim-barplot-cnt.svg",
                "multiqc/multiqc_plots/svg/porechop-starttrim-barplot-pct.svg",
                "multiqc/multiqc_plots/svg/samtools-stats-dp.svg",
                "multiqc/multiqc_plots/svg/samtools_alignment_plot-cnt.svg",
                "multiqc/multiqc_plots/svg/samtools_alignment_plot-pct.svg",
                "multiqc/multiqc_report.html",
                "pipeline_info",
                "pipeline_info/nf_core_taxprofiler_software_mqc_versions.yml",
                "porechop",
                "porechop/ERR3201952_ERR3201952_porechop.log",
                "prinseqplusplus",
                "prinseqplusplus/2612_ERR5766176.log",
                "prinseqplusplus/2612_ERR5766176_B.log",
                "prinseqplusplus/2613_ERR5766181.log",
                "samtools",
                "samtools/stats",
                "samtools/stats/2612_ERR5766176.stats",
                "samtools/stats/2612_ERR5766176_B.stats",
                "samtools/stats/2613_ERR5766181.stats",
                "samtools/stats/ERR3201952_ERR3201952.stats"
            ]
        ],
        "meta": {
            "nf-test": "0.9.3",
            "nextflow": "25.10.4"
        },
        "timestamp": "2026-04-09T17:19:53.72337942"
    },
    "filtlong": {
        "content": [
            [
                "ERR3201952_ERR3201952_filtered.log:md5,513650c6b058af60a824f98e6a632e2d"
            ]
        ],
        "meta": {
            "nf-test": "0.9.2",
            "nextflow": "25.10.4"
        },
        "timestamp": "2026-03-19T09:11:43.957876537"
    },
    "bowtie2": {
        "content": [
            [
                "2612_ERR5766176.bowtie2.log:md5,93cf0b7f6cc9fdcc11ffbb305f3ba8a1",
                "2612_ERR5766176_B.bowtie2.log:md5,93cf0b7f6cc9fdcc11ffbb305f3ba8a1",
                "2613_ERR5766181.bowtie2.log:md5,26de2294e2e3de4c0458ef06e23395e9"
            ]
        ],
        "meta": {
            "nf-test": "0.9.3",
            "nextflow": "25.04.8"
        },
        "timestamp": "2026-04-01T10:47:01.67890573"
    },
    "kraken2": {
        "content": [
            [

            ],
            "2611_db2.kraken2.kraken2.report.txt contains string 'Saccharomyces cerevisiae S288C': true",
            "2612_db2.kraken2.kraken2.report.txt contains string 'Saccharomyces cerevisiae S288C': true",
            "2613_db2.kraken2.kraken2.report.txt contains string 'Saccharomyces cerevisiae S288C': true"
        ],
        "meta": {
            "nf-test": "0.9.2",
            "nextflow": "25.10.4"
        },
        "timestamp": "2026-03-19T09:11:44.362584893"
    },
    "porechop": {
        "content": [
            "ERR3201952_ERR3201952_porechop.log contains string '7 / 10,000': true"
        ],
        "meta": {
            "nf-test": "0.9.2",
            "nextflow": "25.10.4"
        },
        "timestamp": "2026-03-19T09:11:44.377728595"
    },
    "samtools": {
        "content": [
            [
                "2612_ERR5766176.stats:md5,058a9c8df01b2f114d859d9f8bc1f709",
                "2612_ERR5766176_B.stats:md5,61547d1296cf569c2953c73384f9d075",
                "2613_ERR5766181.stats:md5,86b9b4cfc5e6efc05985406451d20670",
                "ERR3201952_ERR3201952.stats:md5,ea9e19c0ad0ebf6c02c6fd5f0f1ff7cf"
            ]
        ],
        "meta": {
            "nf-test": "0.9.3",
            "nextflow": "25.04.8"
        },
        "timestamp": "2026-04-01T10:47:03.68106169"
    },
    "prinseqplusplus": {
        "content": [
            [
                "2612_ERR5766176.log:md5,3c39b03a20cd482c53e826cf64e8dbc9",
                "2612_ERR5766176_B.log:md5,3c39b03a20cd482c53e826cf64e8dbc9",
                "2613_ERR5766181.log:md5,af5912aea0917f53d7bf98060b1992a8"
            ]
        ],
        "meta": {
            "nf-test": "0.9.3",
            "nextflow": "25.04.8"
        },
        "timestamp": "2026-04-01T10:47:03.56579113"
    },
    "adapterremoval": {
        "content": [
            [
                "2612_ERR5766176.settings:md5,26cec2a6c8e1210372464bacc0388c28",
                "2612_ERR5766176_B.settings:md5,26cec2a6c8e1210372464bacc0388c28",
                "2613_ERR5766181.settings:md5,30814271ddb4303ecca729fd725ba819"
            ]
        ],
        "meta": {
            "nf-test": "0.9.3",
            "nextflow": "25.04.8"
        },
        "timestamp": "2026-04-01T10:47:01.654515421"
    },
    "kaiju": {
        "content": [
            "2611_db5.kaijutable.txt contains string '10239':true",
            "2611_db5.kaiju.tsv contains string 'ERR5766174.4':true",
            "2612_db5.kaijutable.txt contains string '10239':true",
            "2612_db5.kaiju.tsv contains string 'ERR5766176.2':true",
            "2613_db5.kaijutable.txt contains string '10239':true",
            "2613_db5.kaiju.tsv contains string 'ERR5766181.1':true",
            "2614_db6.kaijutable.txt contains string '10239':true",
            "2614_db6.kaiju.tsv contains string 'ERR3201952.1794060':true",
            "ERR3201952_db6.kaijutable.txt contains string 'Viruses':true",
            "ERR3201952_db6.kaiju.tsv contains string 'ERR3201952.1159044':true",
            "2611_db7.kaijutable.txt contains string '10239':true",
            "2611_db7.kaiju.tsv contains string 'ERR5766174.4':true",
            "2612_db7.kaijutable.txt contains string '10239':true",
            "2612_db7.kaiju.tsv contains string 'ERR5766176.3':true",
            "2613_db7.kaijutable.txt contains string '10239':true",
            "2613_db7.kaiju.tsv contains string 'ERR5766181.2':true",
            "2614_db7.kaijutable.txt contains string '10239':true",
            "2614_db7.kaiju.tsv contains string 'ERR3201952.1794060':true",
            "ERR3201952_db7.kaijutable.txt contains string '10239':true",
            "ERR3201952_db7.kaiju.tsv contains string 'ERR3201952.1159044':true"
        ],
        "meta": {
            "nf-test": "0.9.2",
            "nextflow": "25.10.4"
        },
        "timestamp": "2026-03-19T09:11:44.347045748"
    }
}
